<html>
<body>
<pre>
<h1>µVision Build Log</h1>
<h2>Project:</h2>
D:\CODE\IAP≤‚ ‘\APP\project\APP.uvproj
Project File Date:  05/01/2016

<h2>Output:</h2>
Build target 'APP'
compiling led.c...
linking...
Program Size: Code=3896 RO-data=268 RW-data=44 ZI-data=1028  
FromELF: creating hex file...
After Build - User command #1: C:\Keil\ARM\ARMCC\bin\fromelf.exe --bin --output ./output/APP.bin ./output/APP.axf
".\Output\APP.axf" - 0 Error(s), 0 Warning(s).
Load "D:\\CODE\\IAP≤‚ ‘\\APP\\project\\Output\\APP.axf" 
Erase Done.
Programming Done.
Verify OK.
Application running ...
</pre>
</body>
</html>
axf" 
Erase Done.
Programming Done.
Verify OK.
Application running ...
ne.
Verify OK.
Application running ...
x_gpio.c...
compiling stm32f10x_i2c.c...
linking...
Program Size: Code=4836 RO-data=268 RW-data=64 ZI-data=1024  
FromELF: creating hex file...
After Build - User command #1: C:\Keil\ARM\ARMCC\bin\fromelf.exe --bin --output ./output/APP.bin ./output/APP.axf
".\Output\APP.axf" - 0 Error(s), 0 Warning(s).
