<html>
<body>
<pre>
<h1>µVision Build Log</h1>
<h2>Tool Versions:</h2>
IDE-Version: ¦ÌVision V5.21.1.0
Copyright (C) 2016 ARM Ltd and ARM Germany GmbH. All rights reserved.
License Information: yuheng yuheng, yuheng, LIC=FYKNN-YASTI-T3JMI-T4LBY-9CMLZ-W6JW6
 
Tool Versions:
Toolchain:       MDK-ARM Plus  Version: 5.21a
Toolchain Path:  C:\Keil_v5\ARM\ARMCC\Bin
C Compiler:      Armcc.exe V5.06 update 3 (build 300)
Assembler:       Armasm.exe V5.06 update 3 (build 300)
Linker/Locator:  ArmLink.exe V5.06 update 3 (build 300)
Library Manager: ArmAr.exe V5.06 update 3 (build 300)
Hex Converter:   FromElf.exe V5.06 update 3 (build 300)
CPU DLL:         SARMCM3.DLL V5.21a
Dialog DLL:      DCM.DLL V1.13.8.0
Target DLL:      STLink\ST-LINKIII-KEIL_SWO.dll V2.0.18.0
Dialog DLL:      TCM.DLL V1.14.14.0
 
<h2>Project:</h2>
D:\code\stm32f103c8t6\lora_pcb\project\APP.uvprojx
Project File Date:  05/27/2019

<h2>Output:</h2>
*** Using Compiler 'V5.06 update 3 (build 300)', folder: 'C:\Keil_v5\ARM\ARMCC\Bin'
Build target 'APP'
compiling app.c...
..\app\app.c(20): warning:  #223-D: function "key_get" declared implicitly
  	sys_ctrl.switch_state = key_get();
..\app\app.c(30): warning:  #223-D: function "relay_ctrl" declared implicitly
  				relay_ctrl(sys_ctrl.relay_state);
..\app\app.c(31): warning:  #223-D: function "led_ctrl" declared implicitly
  				led_ctrl(sys_ctrl.relay_state);
..\app\app.c(32): warning:  #223-D: function "lora_send" declared implicitly
  				lora_send(0, 0x0, SET_RELAY_NOTICE, &sys_ctrl.relay_state, 1);
..\app\app.c(49): warning:  #223-D: function "dht11_read_data" declared implicitly
  		dht11_read_data(sys_ctrl.dht11_buf);	
..\app\app.c(69): warning:  #223-D: function "relay_ctrl" declared implicitly
  					relay_ctrl(sys_ctrl.relay_state);
..\app\app.c(70): warning:  #223-D: function "led_ctrl" declared implicitly
  					led_ctrl(sys_ctrl.relay_state);
..\app\app.c(71): warning:  #223-D: function "lora_send" declared implicitly
  					lora_send(0, 0x0, SET_RELAY_NOTICE, &sys_ctrl.relay_state, 1);
..\app\app.c: 8 warnings, 0 errors
linking...
Program Size: Code=29796 RO-data=728 RW-data=236 ZI-data=9108  
FromELF: creating hex file...
".\Output\APP.axf" - 0 Error(s), 8 Warning(s).

<h2>Software Packages used:</h2>

Package Vendor: ARM
                http://www.keil.com/pack/ARM.CMSIS.4.5.0.pack
                ARM::CMSIS:CORE:4.3.0
                CMSIS (Cortex Microcontroller Software Interface Standard)
   * Component: CORE Version: 4.3.0

<h2>Collection of Component include folders:</h2>
  D:\code\stm32f103c8t6\lora_pcb\project\RTE
  C:\Keil_v5\ARM\PACK\ARM\CMSIS\4.5.0\CMSIS\Include
  C:\Keil_v5\ARM\PACK\Keil\STM32F1xx_DFP\2.3.0\Device\Include

<h2>Collection of Component Files used:</h2>

   * Component: ARM::CMSIS:CORE:4.3.0
Build Time Elapsed:  00:00:01
</pre>
</body>
</html>
