Component: ARM Compiler 5.06 update 3 (build 300) Tool: armlink [4d35c9]

==============================================================================

Section Cross References

    main.o(.text) refers to os_task.o(.text) for OSTaskCreate
    main.o(.text) refers to os_q.o(.text) for OSQCreate
    main.o(.text) refers to bsp.o(.text) for flash_get_param
    main.o(.text) refers to os_core.o(.text) for OSInit
    main.o(.text) refers to main.o(.bss) for task_led_stk
    main.o(.text) refers to app.o(.text) for task_led
    main.o(.text) refers to lora.o(.text) for task_lora
    main.o(.text) refers to ctrl.o(.text) for task_ctrl
    main.o(.text) refers to main.o(.data) for lora_q
    stm32f10x_it.o(.text) refers to os_cpu_a.o(.text) for OS_CPU_SR_Save
    stm32f10x_it.o(.text) refers to os_core.o(.text) for OSTimeTick
    stm32f10x_it.o(.text) refers to stm32f10x_tim.o(.text) for TIM_GetITStatus
    stm32f10x_it.o(.text) refers to stm32f10x_exti.o(.text) for EXTI_GetITStatus
    stm32f10x_it.o(.text) refers to stm32f10x_gpio.o(.text) for GPIO_ReadInputDataBit
    stm32f10x_it.o(.text) refers to os_core.o(.data) for OSIntNesting
    stm32f10x_it.o(.text) refers to stm32f10x_it.o(.data) for flag
    app.o(.text) refers to bsp.o(.text) for key_get
    app.o(.text) refers to lora.o(.text) for lora_send
    app.o(.text) refers to os_time.o(.text) for OSTimeDly
    app.o(.text) refers to dht11.o(.text) for dht11_read_data
    app.o(.text) refers to ctrl.o(.bss) for sys_ctrl
    app.o(.text) refers to stm32f10x_it.o(.data) for dat_ready
    ctrl.o(.text) refers to os_q.o(.text) for OSQPend
    ctrl.o(.text) refers to bsp.o(.text) for relay_ctrl
    ctrl.o(.text) refers to lora.o(.text) for lora_send
    ctrl.o(.text) refers to os_time.o(.text) for OSTimeDly
    ctrl.o(.text) refers to main.o(.data) for lora_q
    ctrl.o(.text) refers to ctrl.o(.bss) for sys_ctrl
    lora.o(.text) refers to memcpya.o(.text) for __aeabi_memcpy
    lora.o(.text) refers to app.o(.text) for check_sum
    lora.o(.text) refers to sx1276.o(.text) for SX1276SetTxPacket
    lora.o(.text) refers to os_time.o(.text) for OSTimeDly
    lora.o(.text) refers to os_q.o(.text) for OSQPost
    lora.o(.text) refers to main.o(.data) for param
    lora.o(.text) refers to ctrl.o(.bss) for sys_ctrl
    bsp.o(.text) refers to stm32f10x_gpio.o(.text) for GPIO_WriteBit
    bsp.o(.text) refers to stm32f10x_rcc.o(.text) for RCC_GetClocksFreq
    bsp.o(.text) refers to stm32f10x_tim.o(.text) for TIM_TimeBaseStructInit
    bsp.o(.text) refers to misc.o(.text) for NVIC_PriorityGroupConfig
    bsp.o(.text) refers to stm32f10x_exti.o(.text) for EXTI_Init
    bsp.o(.text) refers to stm32f10x_flash.o(.text) for FLASH_Unlock
    bsp.o(.text) refers to spi.o(.text) for spi1_init
    usart.o(.text) refers to stm32f10x_rcc.o(.text) for RCC_APB2PeriphClockCmd
    usart.o(.text) refers to stm32f10x_gpio.o(.text) for GPIO_Init
    usart.o(.text) refers to stm32f10x_usart.o(.text) for USART_Init
    spi.o(.text) refers to stm32f10x_rcc.o(.text) for RCC_APB1PeriphClockCmd
    spi.o(.text) refers to stm32f10x_gpio.o(.text) for GPIO_Init
    spi.o(.text) refers to stm32f10x_spi.o(.text) for SPI_Init
    dht11.o(.text) refers to stm32f10x_gpio.o(.text) for GPIO_Init
    dht11.o(.text) refers to bsp.o(.text) for delay_us
    dht11.o(.text) refers to app.o(.text) for check_sum
    system_stm32f10x.o(.text) refers to system_stm32f10x.o(.data) for SystemCoreClock
    stm32f10x_pwr.o(.text) refers to stm32f10x_rcc.o(.text) for RCC_APB1PeriphResetCmd
    stm32f10x_rcc.o(.text) refers to stm32f10x_rcc.o(.data) for APBAHBPrescTable
    stm32f10x_spi.o(.text) refers to stm32f10x_rcc.o(.text) for RCC_APB2PeriphResetCmd
    stm32f10x_tim.o(.text) refers to stm32f10x_rcc.o(.text) for RCC_APB2PeriphResetCmd
    stm32f10x_usart.o(.text) refers to stm32f10x_rcc.o(.text) for RCC_APB2PeriphResetCmd
    stm32f10x_adc.o(.text) refers to stm32f10x_rcc.o(.text) for RCC_APB2PeriphResetCmd
    stm32f10x_bkp.o(.text) refers to stm32f10x_rcc.o(.text) for RCC_BackupResetCmd
    stm32f10x_dac.o(.text) refers to stm32f10x_rcc.o(.text) for RCC_APB1PeriphResetCmd
    stm32f10x_gpio.o(.text) refers to stm32f10x_rcc.o(.text) for RCC_APB2PeriphResetCmd
    stm32f10x_i2c.o(.text) refers to stm32f10x_rcc.o(.text) for RCC_APB1PeriphResetCmd
    startup_stm32f10x_md.o(RESET) refers to startup_stm32f10x_md.o(STACK) for __initial_sp
    startup_stm32f10x_md.o(RESET) refers to startup_stm32f10x_md.o(.text) for Reset_Handler
    startup_stm32f10x_md.o(RESET) refers to stm32f10x_it.o(.text) for NMI_Handler
    startup_stm32f10x_md.o(RESET) refers to os_cpu_a.o(.text) for OS_CPU_PendSVHandler
    startup_stm32f10x_md.o(.text) refers to system_stm32f10x.o(.text) for SystemInit
    startup_stm32f10x_md.o(.text) refers to entry.o(.ARM.Collect$$$$00000000) for __main
    radio.o(.text) refers to radio.o(.bss) for RadioDriver
    sx1276.o(.text) refers to sx1276-lora.o(.text) for SX1276LoRaSetOpMode
[...]
    entry.o(.ARM.Collect$$$$00000000) refers (Special) to entry7b.o(.ARM.Collect$$$$00000008) for _main_clock
    entry.o(.ARM.Collect$$$$00000000) refers (Special) to entry8b.o(.ARM.Collect$$$$0000000A) for _main_cpp_init
    entry.o(.ARM.Collect$$$$00000000) refers (Special) to entry9a.o(.ARM.Collect$$$$0000000B) for _main_init
    entry.o(.ARM.Collect$$$$00000000) refers (Special) to entry5.o(.ARM.Collect$$$$00000004) for _main_scatterload
    entry.o(.ARM.Collect$$$$00000000) refers (Special) to entry2.o(.ARM.Collect$$$$00000001) for _main_stk
    dadd.o(.text) refers (Special) to iusefp.o(.text) for __I$use$fp
    dadd.o(.text) refers to llshl.o(.text) for __aeabi_llsl
    dadd.o(.text) refers to llsshr.o(.text) for __aeabi_lasr
    dadd.o(.text) refers to depilogue.o(.text) for _double_epilogue
    dmul.o(.text) refers (Special) to iusefp.o(.text) for __I$use$fp
    dmul.o(.text) refers to depilogue.o(.text) for _double_epilogue
    ddiv.o(.text) refers (Special) to iusefp.o(.text) for __I$use$fp
    ddiv.o(.text) refers to depilogue.o(.text) for _double_round
    dflti.o(.text) refers (Special) to iusefp.o(.text) for __I$use$fp
    dflti.o(.text) refers to depilogue.o(.text) for _double_epilogue
    dfltui.o(.text) refers (Special) to iusefp.o(.text) for __I$use$fp
    dfltui.o(.text) refers to depilogue.o(.text) for _double_epilogue
    dfixui.o(.text) refers (Special) to iusefp.o(.text) for __I$use$fp
    dfixui.o(.text) refers to llushr.o(.text) for __aeabi_llsr
    entry2.o(.ARM.Collect$$$$00000001) refers to entry2.o(.ARM.Collect$$$$00002712) for __lit__00000000
    entry2.o(.ARM.Collect$$$$00002712) refers to startup_stm32f10x_md.o(STACK) for __initial_sp
    entry2.o(__vectab_stack_and_reset_area) refers to startup_stm32f10x_md.o(STACK) for __initial_sp
    entry2.o(__vectab_stack_and_reset_area) refers to entry.o(.ARM.Collect$$$$00000000) for __main
    entry5.o(.ARM.Collect$$$$00000004) refers to init.o(.text) for __scatterload
    entry9a.o(.ARM.Collect$$$$0000000B) refers to main.o(.text) for main
    entry9b.o(.ARM.Collect$$$$0000000C) refers to main.o(.text) for main
    depilogue.o(.text) refers to llshl.o(.text) for __aeabi_llsl
    depilogue.o(.text) refers to llushr.o(.text) for __aeabi_llsr
    init.o(.text) refers to entry5.o(.ARM.Collect$$$$00000004) for __main_after_scatterload


==============================================================================

Removing Unused input sections from the image.

    Removing usart.o(.text), (196 bytes).
    Removing core_cm3.o(.emb_text), (32 bytes).
    Removing stm32f10x_pwr.o(.text), (204 bytes).
    Removing stm32f10x_rtc.o(.text), (328 bytes).
    Removing stm32f10x_usart.o(.text), (1032 bytes).
    Removing stm32f10x_adc.o(.text), (1102 bytes).
    Removing stm32f10x_bkp.o(.text), (196 bytes).
    Removing stm32f10x_dac.o(.text), (396 bytes).
    Removing stm32f10x_dma.o(.text), (596 bytes).
    Removing stm32f10x_i2c.o(.text), (1028 bytes).
    Removing startup_stm32f10x_md.o(HEAP), (512 bytes).
    Removing fifo.o(.text), (142 bytes).
    Removing radio.o(.text), (8 bytes).
    Removing radio.o(.bss), (24 bytes).
    Removing os_dbg.o(.constdata), (2 bytes).
    Removing os_mbox.o(.text), (1102 bytes).
    Removing os_mutex.o(.text), (1648 bytes).

17 unused section(s) (total 8548 bytes) removed from the image.

==============================================================================

Image Symbol Table

    Local Symbols

    Symbol Name                              Value     Ov Type        Size  Object(Section)

    ../clib/microlib/init/entry.s            0x00000000   Number         0  entry7a.o ABSOLUTE
    ../clib/microlib/init/entry.s            0x00000000   Number         0  entry5.o ABSOLUTE
    ../clib/microlib/init/entry.s            0x00000000   Number         0  entry2.o ABSOLUTE
    ../clib/microlib/init/entry.s            0x00000000   Number         0  entry8b.o ABSOLUTE
    ../clib/microlib/init/entry.s            0x00000000   Number         0  entry9b.o ABSOLUTE
    ../clib/microlib/init/entry.s            0x00000000   Number         0  entry10a.o ABSOLUTE
    ../clib/microlib/init/entry.s            0x00000000   Number         0  entry10b.o ABSOLUTE
    ../clib/microlib/init/entry.s            0x00000000   Number         0  entry11a.o ABSOLUTE
    ../clib/microlib/init/entry.s            0x00000000   Number         0  entry9a.o ABSOLUTE
    ../clib/microlib/init/entry.s            0x00000000   Number         0  entry11b.o ABSOLUTE
    ../clib/microlib/init/entry.s            0x00000000   Number         0  entry.o ABSOLUTE
    ../clib/microlib/init/entry.s            0x00000000   Number         0  entry8a.o ABSOLUTE
    ../clib/microlib/init/entry.s            0x00000000   Number         0  entry7b.o ABSOLUTE
    ../clib/microlib/longlong.c              0x00000000   Number         0  llshl.o ABSOLUTE
    ../clib/microlib/longlong.c              0x00000000   Number         0  llushr.o ABSOLUTE
    ../clib/microlib/longlong.c              0x00000000   Number         0  llsshr.o ABSOLUTE
    ../clib/microlib/string/memcpy.c         0x00000000   Number         0  memcpyb.o ABSOLUTE
    ../clib/microlib/string/memcpy.c         0x00000000   Number         0  memcpya.o ABSOLUTE
    ../clib/microlib/string/memset.c         0x00000000   Number         0  memseta.o ABSOLUTE
    ../clib/microlib/stubs.s                 0x00000000   Number         0  iusefp.o ABSOLUTE
    ../fplib/microlib/fpadd.c                0x00000000   Number         0  dadd.o ABSOLUTE
    ../fplib/microlib/fpdiv.c                0x00000000   Number         0  ddiv.o ABSOLUTE
    ../fplib/microlib/fpepilogue.c           0x00000000   Number         0  depilogue.o ABSOLUTE
    ../fplib/microlib/fpfix.c                0x00000000   Number         0  dfixui.o ABSOLUTE
    ../fplib/microlib/fpflt.c                0x00000000   Number         0  dflti.o ABSOLUTE
    ../fplib/microlib/fpflt.c                0x00000000   Number         0  dfltui.o ABSOLUTE
    ../fplib/microlib/fpmul.c                0x00000000   Number         0  dmul.o ABSOLUTE
    ..\User\main.c                           0x00000000   Number         0  main.o ABSOLUTE
    ..\User\stm32f10x_it.c                   0x00000000   Number         0  stm32f10x_it.o ABSOLUTE
    ..\\stm32lib\\CMSIS\\CM3\\CoreSupport\\core_cm3.c 0x00000000   Number         0  core_cm3.o ABSOLUTE
    ..\app\app.c                             0x00000000   Number         0  app.o ABSOLUTE
    ..\app\ctrl.c                            0x00000000   Number         0  ctrl.o ABSOLUTE
    ..\app\lora.c                            0x00000000   Number         0  lora.o ABSOLUTE
    ..\bsp\bsp.c                             0x00000000   Number         0  bsp.o ABSOLUTE
    ..\bsp\dht11.c                           0x00000000   Number         0  dht11.o ABSOLUTE
    ..\bsp\spi.c                             0x00000000   Number         0  spi.o ABSOLUTE
    ..\bsp\usart.c                           0x00000000   Number         0  usart.o ABSOLUTE
    ..\lora\fifo.c                           0x00000000   Number         0  fifo.o ABSOLUTE
    ..\lora\radio.c                          0x00000000   Number         0  radio.o ABSOLUTE
    ..\lora\sx1276-Hal.c                     0x00000000   Number         0  sx1276-hal.o ABSOLUTE
    ..\lora\sx1276-LoRa.c                    0x00000000   Number         0  sx1276-lora.o ABSOLUTE
    ..\lora\sx1276-LoRaMisc.c                0x00000000   Number         0  sx1276-loramisc.o ABSOLUTE
    ..\lora\sx1276.c                         0x00000000   Number         0  sx1276.o ABSOLUTE
    ..\stm32lib\CMSIS\CM3\CoreSupport\core_cm3.c 0x00000000   Number         0  core_cm3.o ABSOLUTE
    ..\stm32lib\CMSIS\CM3\DeviceSupport\ST\STM32F10x\system_stm32f10x.c 0x00000000   Number         0  system_stm32f10x.o ABSOLUTE
    ..\stm32lib\Libraries\src\misc.c         0x00000000   Number         0  misc.o ABSOLUTE
    ..\stm32lib\Libraries\src\stm32f10x_adc.c 0x00000000   Number         0  stm32f10x_adc.o ABSOLUTE
    ..\stm32lib\Libraries\src\stm32f10x_bkp.c 0x00000000   Number         0  stm32f10x_bkp.o ABSOLUTE
    ..\stm32lib\Libraries\src\stm32f10x_dac.c 0x00000000   Number         0  stm32f10x_dac.o ABSOLUTE
    ..\stm32lib\Libraries\src\stm32f10x_dma.c 0x00000000   Number         0  stm32f10x_dma.o ABSOLUTE
    ..\stm32lib\Libraries\src\stm32f10x_exti.c 0x00000000   Number         0  stm32f10x_exti.o ABSOLUTE
    ..\stm32lib\Libraries\src\stm32f10x_flash.c 0x00000000   Number         0  stm32f10x_flash.o ABSOLUTE
    ..\stm32lib\Libraries\src\stm32f10x_gpio.c 0x00000000   Number         0  stm32f10x_gpio.o ABSOLUTE
    ..\stm32lib\Libraries\src\stm32f10x_i2c.c 0x00000000   Number         0  stm32f10x_i2c.o ABSOLUTE
    ..\stm32lib\Libraries\src\stm32f10x_pwr.c 0x00000000   Number         0  stm32f10x_pwr.o ABSOLUTE
    ..\stm32lib\Libraries\src\stm32f10x_rcc.c 0x00000000   Number         0  stm32f10x_rcc.o ABSOLUTE
    ..\stm32lib\Libraries\src\stm32f10x_rtc.c 0x00000000   Number         0  stm32f10x_rtc.o ABSOLUTE
    ..\stm32lib\Libraries\src\stm32f10x_spi.c 0x00000000   Number         0  stm32f10x_spi.o ABSOLUTE
    ..\stm32lib\Libraries\src\stm32f10x_tim.c 0x00000000   Number         0  stm32f10x_tim.o ABSOLUTE
    ..\stm32lib\Libraries\src\stm32f10x_usart.c 0x00000000   Number         0  stm32f10x_usart.o ABSOLUTE
    ..\stm32lib\Startup\startup_stm32f10x_md.s 0x00000000   Number         0  startup_stm32f10x_md.o ABSOLUTE
    ..\ucosii\Ports\os_cpu_a.asm             0x00000000   Number         0  os_cpu_a.o ABSOLUTE
    ..\ucosii\Ports\os_cpu_c.c               0x00000000   Number         0  os_cpu_c.o ABSOLUTE
    ..\ucosii\Ports\os_dbg.c                 0x00000000   Number         0  os_dbg.o ABSOLUTE
    ..\ucosii\Source\os_core.c               0x00000000   Number         0  os_core.o ABSOLUTE
    ..\ucosii\Source\os_flag.c               0x00000000   Number         0  os_flag.o ABSOLUTE
    ..\ucosii\Source\os_mbox.c               0x00000000   Number         0  os_mbox.o ABSOLUTE
    ..\ucosii\Source\os_mem.c                0x00000000   Number         0  os_mem.o ABSOLUTE
    ..\ucosii\Source\os_mutex.c              0x00000000   Number         0  os_mutex.o ABSOLUTE
    ..\ucosii\Source\os_q.c                  0x00000000   Number         0  os_q.o ABSOLUTE
    ..\ucosii\Source\os_sem.c                0x00000000   Number         0  os_sem.o ABSOLUTE
    ..\ucosii\Source\os_task.c               0x00000000   Number         0  os_task.o ABSOLUTE
    ..\ucosii\Source\os_time.c               0x00000000   Number         0  os_time.o ABSOLUTE
    ..\ucosii\Source\os_tmr.c                0x00000000   Number         0  os_tmr.o ABSOLUTE
    dc.s                                     0x00000000   Number         0  dc.o ABSOLUTE
    handlers.s                               0x00000000   Number         0  handlers.o ABSOLUTE
    init.s                                   0x00000000   Number         0  init.o ABSOLUTE
    RESET                                    0x08004000   Section      236  startup_stm32f10x_md.o(RESET)
    .ARM.Collect$$$$00000000                 0x080040ec   Section        0  entry.o(.ARM.Collect$$$$00000000)
    .ARM.Collect$$$$00000001                 0x080040ec   Section        4  entry2.o(.ARM.Collect$$$$00000001)
    .ARM.Collect$$$$00000004                 0x080040f0   Section        4  entry5.o(.ARM.Collect$$$$00000004)
    .ARM.Collect$$$$00000008                 0x080040f4   Section        0  entry7b.o(.ARM.Collect$$$$00000008)
    .ARM.Collect$$$$0000000A                 0x080040f4   Section        0  entry8b.o(.ARM.Collect$$$$0000000A)
    .ARM.Collect$$$$0000000B                 0x080040f4   Section        8  entry9a.o(.ARM.Collect$$$$0000000B)
    .ARM.Collect$$$$0000000D                 0x080040fc   Section        0  entry10a.o(.ARM.Collect$$$$0000000D)
    .ARM.Collect$$$$0000000F                 0x080040fc   Section        0  entry11a.o(.ARM.Collect$$$$0000000F)
    .ARM.Collect$$$$00002712                 0x080040fc   Section        4  entry2.o(.ARM.Collect$$$$00002712)
    __lit__00000000                          0x080040fc   Data           4  entry2.o(.ARM.Collect$$$$00002712)
    .text                                    0x08004100   Section        0  main.o(.text)
    task_start                               0x08004101   Thumb Code    72  main.o(.text)
    .text                                    0x080041c8   Section        0  stm32f10x_it.o(.text)
    .text                                    0x0800430c   Section        0  app.o(.text)
    .text                                    0x08004430   Section        0  ctrl.o(.text)
    .text                                    0x080044f0   Section        0  lora.o(.text)
    .text                                    0x08004640   Section        0  bsp.o(.text)
    .text                                    0x08004908   Section        0  spi.o(.text)
    .text                                    0x08004a90   Section        0  dht11.o(.text)
    .text                                    0x08004bc8   Section        0  system_stm32f10x.o(.text)
    SetSysClockTo72                          0x08004c29   Thumb Code   214  system_stm32f10x.o(.text)
    SetSysClock                              0x08004cff   Thumb Code     8  system_stm32f10x.o(.text)
    .text                                    0x08004e08   Section        0  stm32f10x_rcc.o(.text)
    .text                                    0x080051ac   Section        0  stm32f10x_spi.o(.text)
    .text                                    0x080054b8   Section        0  stm32f10x_tim.o(.text)
    TI4_Config                               0x0800595f   Thumb Code   130  stm32f10x_tim.o(.text)
    TI3_Config                               0x080059f3   Thumb Code   122  stm32f10x_tim.o(.text)
    TI2_Config                               0x08005a87   Thumb Code   130  stm32f10x_tim.o(.text)
    TI1_Config                               0x08005b1b   Thumb Code   108  stm32f10x_tim.o(.text)
    .text                                    0x080062d4   Section        0  misc.o(.text)
    .text                                    0x080063b0   Section        0  stm32f10x_exti.o(.text)
    .text                                    0x080064cc   Section        0  stm32f10x_gpio.o(.text)
    .text                                    0x08006828   Section       36  startup_stm32f10x_md.o(.text)
    .text                                    0x0800684c   Section        0  stm32f10x_flash.o(.text)
    .text                                    0x08006e08   Section        0  sx1276.o(.text)
    .text                                    0x08006f4c   Section        0  sx1276-hal.o(.text)
    .text                                    0x0800707c   Section        0  sx1276-lora.o(.text)
    .text                                    0x080078f8   Section        0  sx1276-loramisc.o(.text)
    .text                                    0x08008018   Section      164  os_cpu_a.o(.text)
    .text                                    0x080080bc   Section        0  os_cpu_c.o(.text)
    .text                                    0x08008190   Section        0  os_core.o(.text)
    OS_SchedNew                              0x08008305   Thumb Code    26  os_core.o(.text)
    OS_InitTaskStat                          0x080087a1   Thumb Code    52  os_core.o(.text)
    OS_InitTaskIdle                          0x080087f5   Thumb Code    52  os_core.o(.text)
    OS_InitEventList                         0x0800883b   Thumb Code    70  os_core.o(.text)
    OS_InitTCBList                           0x08008881   Thumb Code    88  os_core.o(.text)
    OS_InitRdyList                           0x080088d9   Thumb Code    46  os_core.o(.text)
    OS_InitMisc                              0x08008907   Thumb Code    44  os_core.o(.text)
    .text                                    0x08008ef4   Section        0  os_flag.o(.text)
    OS_FlagTaskRdy                           0x08009087   Thumb Code    82  os_flag.o(.text)
    OS_FlagBlock                             0x080092af   Thumb Code   152  os_flag.o(.text)
    .text                                    0x080097ac   Section        0  os_mem.o(.text)
    .text                                    0x08009a34   Section        0  os_q.o(.text)
    .text                                    0x0800a09c   Section        0  os_sem.o(.text)
    .text                                    0x0800a4ac   Section        0  os_task.o(.text)
    .text                                    0x0800ad34   Section        0  os_time.o(.text)
    .text                                    0x0800af24   Section        0  os_tmr.o(.text)
    OSTmr_Unlock                             0x0800af25   Thumb Code    12  os_tmr.o(.text)
    OSTmr_Alloc                              0x0800af31   Thumb Code    50  os_tmr.o(.text)
    OSTmr_Lock                               0x0800af63   Thumb Code    16  os_tmr.o(.text)
    OSTmr_Free                               0x0800b03b   Thumb Code    66  os_tmr.o(.text)
    OSTmr_Unlink                             0x0800b07d   Thumb Code    62  os_tmr.o(.text)
    OSTmr_Link                               0x0800b2f5   Thumb Code   130  os_tmr.o(.text)
    OSTmr_Task                               0x0800b4df   Thumb Code   112  os_tmr.o(.text)
    OSTmr_InitTask                           0x0800b54f   Thumb Code    50  os_tmr.o(.text)
    .text                                    0x0800b67c   Section        0  memcpya.o(.text)
    .text                                    0x0800b6a0   Section        0  memseta.o(.text)
    .text                                    0x0800b6c4   Section        0  dadd.o(.text)
    .text                                    0x0800b812   Section        0  dmul.o(.text)
    .text                                    0x0800b8f6   Section        0  ddiv.o(.text)
    .text                                    0x0800b9d4   Section        0  dflti.o(.text)
    .text                                    0x0800b9f6   Section        0  dfltui.o(.text)
    .text                                    0x0800ba10   Section        0  dfixui.o(.text)
    .text                                    0x0800ba42   Section        0  llshl.o(.text)
    .text                                    0x0800ba60   Section        0  llushr.o(.text)
    .text                                    0x0800ba80   Section        0  llsshr.o(.text)
    .text                                    0x0800baa4   Section        0  iusefp.o(.text)
    .text                                    0x0800baa4   Section        0  depilogue.o(.text)
    .text                                    0x0800bb60   Section       36  init.o(.text)
    i.__scatterload_copy                     0x0800bb84   Section       14  handlers.o(i.__scatterload_copy)
    i.__scatterload_null                     0x0800bb92   Section        2  handlers.o(i.__scatterload_null)
    i.__scatterload_zeroinit                 0x0800bb94   Section       14  handlers.o(i.__scatterload_zeroinit)
    .constdata                               0x0800bba4   Section      204  sx1276-lora.o(.constdata)
    .constdata                               0x0800bc70   Section      256  os_core.o(.constdata)
    .data                                    0x20000000   Section       12  main.o(.data)
    .data                                    0x2000000c   Section       16  stm32f10x_it.o(.data)
    .data                                    0x2000001c   Section       20  system_stm32f10x.o(.data)
    .data                                    0x20000030   Section       20  stm32f10x_rcc.o(.data)
    APBAHBPrescTable                         0x20000030   Data          16  stm32f10x_rcc.o(.data)
    ADCPrescTable                            0x20000040   Data           4  stm32f10x_rcc.o(.data)
    .data                                    0x20000044   Section        2  sx1276.o(.data)
    LoRaOn                                   0x20000044   Data           1  sx1276.o(.data)
    LoRaOnState                              0x20000045   Data           1  sx1276.o(.data)
    .data                                    0x20000048   Section       64  sx1276-lora.o(.data)
    RFLRState                                0x20000068   Data           1  sx1276-lora.o(.data)
    RxPacketSize                             0x2000006a   Data           2  sx1276-lora.o(.data)
    RxPacketSnrEstimate                      0x2000006c   Data           1  sx1276-lora.o(.data)
    RxPacketRssiValue                        0x20000070   Data           8  sx1276-lora.o(.data)
    RxGain                                   0x20000078   Data           1  sx1276-lora.o(.data)
    RxTimeoutTimer                           0x2000007c   Data           4  sx1276-lora.o(.data)
    PacketTimeout                            0x20000080   Data           4  sx1276-lora.o(.data)
    TxPacketSize                             0x20000084   Data           2  sx1276-lora.o(.data)
    opModePrev                               0x20000086   Data           1  sx1276-lora.o(.data)
    antennaSwitchTxOnPrev                    0x20000087   Data           1  sx1276-lora.o(.data)
    .data                                    0x20000088   Section        2  os_cpu_c.o(.data)
    OSTmrCtr                                 0x20000088   Data           2  os_cpu_c.o(.data)
    .data                                    0x2000008c   Section       96  os_core.o(.data)
    .bss                                     0x200000ec   Section     2572  main.o(.bss)
    task_start_stk                           0x200000ec   Data         256  main.o(.bss)
    task_led_stk                             0x200001ec   Data         512  main.o(.bss)
    task_lora_stk                            0x200003ec   Data         512  main.o(.bss)
    task_ctrl_stk                            0x200005ec   Data         512  main.o(.bss)
    task_dht11_stk                           0x200007ec   Data         512  main.o(.bss)
    task_ir_stk                              0x200009ec   Data         256  main.o(.bss)
    .bss                                     0x20000af8   Section       17  ctrl.o(.bss)
    .bss                                     0x20000b09   Section      112  sx1276.o(.bss)
    .bss                                     0x20000b79   Section      256  sx1276-lora.o(.bss)
    RFBuffer                                 0x20000b79   Data         256  sx1276-lora.o(.bss)
    .bss                                     0x20000c7c   Section     5120  os_core.o(.bss)
    STACK                                    0x20002080   Section     1024  startup_stm32f10x_md.o(STACK)

    Global Symbols

    Symbol Name                              Value     Ov Type        Size  Object(Section)

    BuildAttributes$$THM_ISAv4$P$D$K$B$S$PE$A:L22UL41UL21$X:L11$S22US41US21$IEEE1$IW$USESV6$~STKCKD$USESV7$~SHL$OSPACE$ROPI$EBA8$MICROLIB$REQ8$PRES8$EABIv2 0x00000000   Number         0  anon$$obj.o ABSOLUTE
    __ARM_use_no_argv                        0x00000000   Number         0  main.o ABSOLUTE
    __cpp_initialize__aeabi_                  - Undefined Weak Reference
    __cxa_finalize                            - Undefined Weak Reference
    __decompress                              - Undefined Weak Reference
    _clock_init                               - Undefined Weak Reference
    _microlib_exit                            - Undefined Weak Reference
    __Vectors_Size                           0x000000ec   Number         0  startup_stm32f10x_md.o ABSOLUTE
    __Vectors                                0x08004000   Data           4  startup_stm32f10x_md.o(RESET)
    __Vectors_End                            0x080040ec   Data           0  startup_stm32f10x_md.o(RESET)
    __main                                   0x080040ed   Thumb Code     0  entry.o(.ARM.Collect$$$$00000000)
    _main_stk                                0x080040ed   Thumb Code     0  entry2.o(.ARM.Collect$$$$00000001)
    _main_scatterload                        0x080040f1   Thumb Code     0  entry5.o(.ARM.Collect$$$$00000004)
    __main_after_scatterload                 0x080040f5   Thumb Code     0  entry5.o(.ARM.Collect$$$$00000004)
    _main_clock                              0x080040f5   Thumb Code     0  entry7b.o(.ARM.Collect$$$$00000008)
    _main_cpp_init                           0x080040f5   Thumb Code     0  entry8b.o(.ARM.Collect$$$$0000000A)
    _main_init                               0x080040f5   Thumb Code     0  entry9a.o(.ARM.Collect$$$$0000000B)
    __rt_final_cpp                           0x080040fd   Thumb Code     0  entry10a.o(.ARM.Collect$$$$0000000D)
    __rt_final_exit                          0x080040fd   Thumb Code     0  entry11a.o(.ARM.Collect$$$$0000000F)
    main                                     0x08004149   Thumb Code    66  main.o(.text)
    SysTick_Handler                          0x080041c9   Thumb Code    34  stm32f10x_it.o(.text)
    TIM2_IRQHandler                          0x080041eb   Thumb Code    22  stm32f10x_it.o(.text)
    EXTI1_IRQHandler                         0x08004201   Thumb Code   212  stm32f10x_it.o(.text)
    RTC_IRQHandler                           0x080042d5   Thumb Code     2  stm32f10x_it.o(.text)
    NMI_Handler                              0x080042d7   Thumb Code     2  stm32f10x_it.o(.text)
    HardFault_Handler                        0x080042d9   Thumb Code     4  stm32f10x_it.o(.text)
    MemManage_Handler                        0x080042dd   Thumb Code     4  stm32f10x_it.o(.text)
    BusFault_Handler                         0x080042e1   Thumb Code     4  stm32f10x_it.o(.text)
    UsageFault_Handler                       0x080042e5   Thumb Code     4  stm32f10x_it.o(.text)
    SVC_Handler                              0x080042e9   Thumb Code     2  stm32f10x_it.o(.text)
    DebugMon_Handler                         0x080042eb   Thumb Code     2  stm32f10x_it.o(.text)
    PendSV_Handler                           0x080042ed   Thumb Code     2  stm32f10x_it.o(.text)
    check_sum                                0x0800430d   Thumb Code    28  app.o(.text)
    task_led                                 0x08004329   Thumb Code   130  app.o(.text)
    task_dht11                               0x080043ab   Thumb Code    30  app.o(.text)
    task_ir                                  0x080043c9   Thumb Code    90  app.o(.text)
    task_ctrl                                0x08004431   Thumb Code   170  ctrl.o(.text)
    lora_send                                0x080044f1   Thumb Code    94  lora.o(.text)
    task_lora                                0x0800454f   Thumb Code   228  lora.o(.text)
    relay_ctrl                               0x08004641   Thumb Code    18  bsp.o(.text)
    led_ctrl                                 0x08004653   Thumb Code    20  bsp.o(.text)
    key_get                                  0x08004667   Thumb Code    26  bsp.o(.text)
    systick_init                             0x08004681   Thumb Code    92  bsp.o(.text)
    delay_init                               0x080046dd   Thumb Code    78  bsp.o(.text)
    delay_us                                 0x0800472b   Thumb Code    60  bsp.o(.text)
    timer_init                               0x08004767   Thumb Code    60  bsp.o(.text)
    nvic_init                                0x080047a3   Thumb Code    96  bsp.o(.text)
    gpio_init                                0x08004803   Thumb Code   128  bsp.o(.text)
    exit_init                                0x08004883   Thumb Code    48  bsp.o(.text)
    flash_set_param                          0x080048b3   Thumb Code    28  bsp.o(.text)
    flash_get_param                          0x080048cf   Thumb Code     6  bsp.o(.text)
    bsp_init                                 0x080048d5   Thumb Code    28  bsp.o(.text)
    spi2_init                                0x08004909   Thumb Code   114  spi.o(.text)
    spi1_init                                0x0800497b   Thumb Code   112  spi.o(.text)
    spi_read_write_byte                      0x080049eb   Thumb Code    70  spi.o(.text)
    spi2_read_write_byte                     0x08004a31   Thumb Code    78  spi.o(.text)
    dht11_gpio_input                         0x08004a91   Thumb Code    30  dht11.o(.text)
    dht11_gpio_output                        0x08004aaf   Thumb Code    30  dht11.o(.text)
    dht11_reset                              0x08004acd   Thumb Code    42  dht11.o(.text)
    dht11_scan                               0x08004af7   Thumb Code    12  dht11.o(.text)
    dht11_read_bit                           0x08004b03   Thumb Code    56  dht11.o(.text)
    dht11_read_byte                          0x08004b3b   Thumb Code    34  dht11.o(.text)
    dht11_read_data                          0x08004b5d   Thumb Code   102  dht11.o(.text)
    SystemInit                               0x08004bc9   Thumb Code    96  system_stm32f10x.o(.text)
    SystemInitx                              0x08004d07   Thumb Code    78  system_stm32f10x.o(.text)
    SystemCoreClockUpdate                    0x08004d55   Thumb Code   142  system_stm32f10x.o(.text)
    RCC_DeInit                               0x08004e09   Thumb Code    64  stm32f10x_rcc.o(.text)
    RCC_HSEConfig                            0x08004e49   Thumb Code    70  stm32f10x_rcc.o(.text)
    RCC_GetFlagStatus                        0x08004e8f   Thumb Code    56  stm32f10x_rcc.o(.text)
    RCC_WaitForHSEStartUp                    0x08004ec7   Thumb Code    56  stm32f10x_rcc.o(.text)
    RCC_AdjustHSICalibrationValue            0x08004eff   Thumb Code    20  stm32f10x_rcc.o(.text)
    RCC_HSICmd                               0x08004f13   Thumb Code     6  stm32f10x_rcc.o(.text)
    RCC_PLLConfig                            0x08004f19   Thumb Code    24  stm32f10x_rcc.o(.text)
    RCC_PLLCmd                               0x08004f31   Thumb Code     6  stm32f10x_rcc.o(.text)
    RCC_SYSCLKConfig                         0x08004f37   Thumb Code    18  stm32f10x_rcc.o(.text)
    RCC_GetSYSCLKSource                      0x08004f49   Thumb Code    10  stm32f10x_rcc.o(.text)
    RCC_HCLKConfig                           0x08004f53   Thumb Code    18  stm32f10x_rcc.o(.text)
    RCC_PCLK1Config                          0x08004f65   Thumb Code    18  stm32f10x_rcc.o(.text)
    RCC_PCLK2Config                          0x08004f77   Thumb Code    20  stm32f10x_rcc.o(.text)
    RCC_ITConfig                             0x08004f8b   Thumb Code    26  stm32f10x_rcc.o(.text)
    RCC_USBCLKConfig                         0x08004fa5   Thumb Code     8  stm32f10x_rcc.o(.text)
    RCC_ADCCLKConfig                         0x08004fad   Thumb Code    18  stm32f10x_rcc.o(.text)
    RCC_LSEConfig                            0x08004fbf   Thumb Code    50  stm32f10x_rcc.o(.text)
    RCC_LSICmd                               0x08004ff1   Thumb Code     6  stm32f10x_rcc.o(.text)
    RCC_RTCCLKConfig                         0x08004ff7   Thumb Code    12  stm32f10x_rcc.o(.text)
    RCC_RTCCLKCmd                            0x08005003   Thumb Code     8  stm32f10x_rcc.o(.text)
    RCC_GetClocksFreq                        0x0800500b   Thumb Code   192  stm32f10x_rcc.o(.text)
    RCC_AHBPeriphClockCmd                    0x080050cb   Thumb Code    26  stm32f10x_rcc.o(.text)
    RCC_APB2PeriphClockCmd                   0x080050e5   Thumb Code    26  stm32f10x_rcc.o(.text)
    RCC_APB1PeriphClockCmd                   0x080050ff   Thumb Code    26  stm32f10x_rcc.o(.text)
    RCC_APB2PeriphResetCmd                   0x08005119   Thumb Code    26  stm32f10x_rcc.o(.text)
    RCC_APB1PeriphResetCmd                   0x08005133   Thumb Code    26  stm32f10x_rcc.o(.text)
    RCC_BackupResetCmd                       0x0800514d   Thumb Code     8  stm32f10x_rcc.o(.text)
    RCC_ClockSecuritySystemCmd               0x08005155   Thumb Code     6  stm32f10x_rcc.o(.text)
    RCC_MCOConfig                            0x0800515b   Thumb Code     6  stm32f10x_rcc.o(.text)
    RCC_ClearFlag                            0x08005161   Thumb Code    14  stm32f10x_rcc.o(.text)
    RCC_GetITStatus                          0x0800516f   Thumb Code    20  stm32f10x_rcc.o(.text)
    RCC_ClearITPendingBit                    0x08005183   Thumb Code     6  stm32f10x_rcc.o(.text)
    SPI_I2S_DeInit                           0x080051ad   Thumb Code    76  stm32f10x_spi.o(.text)
    SPI_Init                                 0x080051f9   Thumb Code    60  stm32f10x_spi.o(.text)
    I2S_Init                                 0x08005235   Thumb Code   226  stm32f10x_spi.o(.text)
    SPI_StructInit                           0x08005317   Thumb Code    24  stm32f10x_spi.o(.text)
    I2S_StructInit                           0x0800532f   Thumb Code    20  stm32f10x_spi.o(.text)
    SPI_Cmd                                  0x08005343   Thumb Code    24  stm32f10x_spi.o(.text)
    I2S_Cmd                                  0x0800535b   Thumb Code    24  stm32f10x_spi.o(.text)
    SPI_I2S_ITConfig                         0x08005373   Thumb Code    32  stm32f10x_spi.o(.text)
    SPI_I2S_DMACmd                           0x08005393   Thumb Code    18  stm32f10x_spi.o(.text)
    SPI_I2S_SendData                         0x080053a5   Thumb Code     4  stm32f10x_spi.o(.text)
    SPI_I2S_ReceiveData                      0x080053a9   Thumb Code     6  stm32f10x_spi.o(.text)
    SPI_NSSInternalSoftwareConfig            0x080053af   Thumb Code    30  stm32f10x_spi.o(.text)
    SPI_SSOutputCmd                          0x080053cd   Thumb Code    24  stm32f10x_spi.o(.text)
    SPI_DataSizeConfig                       0x080053e5   Thumb Code    18  stm32f10x_spi.o(.text)
    SPI_TransmitCRC                          0x080053f7   Thumb Code    10  stm32f10x_spi.o(.text)
    SPI_CalculateCRC                         0x08005401   Thumb Code    24  stm32f10x_spi.o(.text)
    SPI_GetCRC                               0x08005419   Thumb Code    16  stm32f10x_spi.o(.text)
    SPI_GetCRCPolynomial                     0x08005429   Thumb Code     6  stm32f10x_spi.o(.text)
    SPI_BiDirectionalLineConfig              0x0800542f   Thumb Code    28  stm32f10x_spi.o(.text)
    SPI_I2S_GetFlagStatus                    0x0800544b   Thumb Code    18  stm32f10x_spi.o(.text)
    SPI_I2S_ClearFlag                        0x0800545d   Thumb Code     6  stm32f10x_spi.o(.text)
    SPI_I2S_GetITStatus                      0x08005463   Thumb Code    52  stm32f10x_spi.o(.text)
    SPI_I2S_ClearITPendingBit                0x08005497   Thumb Code    20  stm32f10x_spi.o(.text)
    TIM_DeInit                               0x080054b9   Thumb Code   424  stm32f10x_tim.o(.text)
    TIM_TimeBaseInit                         0x08005661   Thumb Code   122  stm32f10x_tim.o(.text)
    TIM_OC1Init                              0x080056db   Thumb Code   132  stm32f10x_tim.o(.text)
    TIM_OC2Init                              0x0800575f   Thumb Code   154  stm32f10x_tim.o(.text)
    TIM_OC3Init                              0x080057f9   Thumb Code   150  stm32f10x_tim.o(.text)
    TIM_OC4Init                              0x0800588f   Thumb Code   182  stm32f10x_tim.o(.text)
    TIM_SetIC4Prescaler                      0x08005945   Thumb Code    26  stm32f10x_tim.o(.text)
    TIM_SetIC3Prescaler                      0x080059e1   Thumb Code    18  stm32f10x_tim.o(.text)
    TIM_SetIC2Prescaler                      0x08005a6d   Thumb Code    26  stm32f10x_tim.o(.text)
    TIM_SetIC1Prescaler                      0x08005b09   Thumb Code    18  stm32f10x_tim.o(.text)
    TIM_ICInit                               0x08005b87   Thumb Code   150  stm32f10x_tim.o(.text)
    TIM_PWMIConfig                           0x08005c1d   Thumb Code   124  stm32f10x_tim.o(.text)
    TIM_BDTRConfig                           0x08005c99   Thumb Code    32  stm32f10x_tim.o(.text)
    TIM_TimeBaseStructInit                   0x08005cb9   Thumb Code    18  stm32f10x_tim.o(.text)
    TIM_OCStructInit                         0x08005ccb   Thumb Code    20  stm32f10x_tim.o(.text)
    TIM_ICStructInit                         0x08005cdf   Thumb Code    18  stm32f10x_tim.o(.text)
    TIM_BDTRStructInit                       0x08005cf1   Thumb Code    40  stm32f10x_tim.o(.text)
    TIM_Cmd                                  0x08005d19   Thumb Code    24  stm32f10x_tim.o(.text)
    TIM_CtrlPWMOutputs                       0x08005d31   Thumb Code    30  stm32f10x_tim.o(.text)
    TIM_ITConfig                             0x08005d4f   Thumb Code    18  stm32f10x_tim.o(.text)
    TIM_GenerateEvent                        0x08005d61   Thumb Code     4  stm32f10x_tim.o(.text)
    TIM_DMAConfig                            0x08005d65   Thumb Code    10  stm32f10x_tim.o(.text)
    TIM_DMACmd                               0x08005d6f   Thumb Code    18  stm32f10x_tim.o(.text)
    TIM_InternalClockConfig                  0x08005d81   Thumb Code    12  stm32f10x_tim.o(.text)
    TIM_SelectInputTrigger                   0x08005d8d   Thumb Code    18  stm32f10x_tim.o(.text)
    TIM_ITRxExternalClockConfig              0x08005d9f   Thumb Code    24  stm32f10x_tim.o(.text)
    TIM_TIxExternalClockConfig               0x08005db7   Thumb Code    62  stm32f10x_tim.o(.text)
    TIM_ETRConfig                            0x08005df5   Thumb Code    28  stm32f10x_tim.o(.text)
    TIM_ETRClockMode1Config                  0x08005e11   Thumb Code    54  stm32f10x_tim.o(.text)
    TIM_ETRClockMode2Config                  0x08005e47   Thumb Code    32  stm32f10x_tim.o(.text)
    TIM_PrescalerConfig                      0x08005e67   Thumb Code     6  stm32f10x_tim.o(.text)
    TIM_CounterModeConfig                    0x08005e6d   Thumb Code    18  stm32f10x_tim.o(.text)
    TIM_EncoderInterfaceConfig               0x08005e7f   Thumb Code    66  stm32f10x_tim.o(.text)
    TIM_ForcedOC1Config                      0x08005ec1   Thumb Code    18  stm32f10x_tim.o(.text)
    TIM_ForcedOC2Config                      0x08005ed3   Thumb Code    26  stm32f10x_tim.o(.text)
    TIM_ForcedOC3Config                      0x08005eed   Thumb Code    18  stm32f10x_tim.o(.text)
    TIM_ForcedOC4Config                      0x08005eff   Thumb Code    26  stm32f10x_tim.o(.text)
    TIM_ARRPreloadConfig                     0x08005f19   Thumb Code    24  stm32f10x_tim.o(.text)
    TIM_SelectCOM                            0x08005f31   Thumb Code    24  stm32f10x_tim.o(.text)
    TIM_SelectCCDMA                          0x08005f49   Thumb Code    24  stm32f10x_tim.o(.text)
    TIM_CCPreloadControl                     0x08005f61   Thumb Code    24  stm32f10x_tim.o(.text)
    TIM_OC1PreloadConfig                     0x08005f79   Thumb Code    18  stm32f10x_tim.o(.text)
    TIM_OC2PreloadConfig                     0x08005f8b   Thumb Code    26  stm32f10x_tim.o(.text)
    TIM_OC3PreloadConfig                     0x08005fa5   Thumb Code    18  stm32f10x_tim.o(.text)
    TIM_OC4PreloadConfig                     0x08005fb7   Thumb Code    26  stm32f10x_tim.o(.text)
    TIM_OC1FastConfig                        0x08005fd1   Thumb Code    18  stm32f10x_tim.o(.text)
    TIM_OC2FastConfig                        0x08005fe3   Thumb Code    26  stm32f10x_tim.o(.text)
    TIM_OC3FastConfig                        0x08005ffd   Thumb Code    18  stm32f10x_tim.o(.text)
    TIM_OC4FastConfig                        0x0800600f   Thumb Code    26  stm32f10x_tim.o(.text)
    TIM_ClearOC1Ref                          0x08006029   Thumb Code    18  stm32f10x_tim.o(.text)
    TIM_ClearOC2Ref                          0x0800603b   Thumb Code    24  stm32f10x_tim.o(.text)
    TIM_ClearOC3Ref                          0x08006053   Thumb Code    18  stm32f10x_tim.o(.text)
    TIM_ClearOC4Ref                          0x08006065   Thumb Code    24  stm32f10x_tim.o(.text)
    TIM_OC1PolarityConfig                    0x0800607d   Thumb Code    18  stm32f10x_tim.o(.text)
    TIM_OC1NPolarityConfig                   0x0800608f   Thumb Code    18  stm32f10x_tim.o(.text)
    TIM_OC2PolarityConfig                    0x080060a1   Thumb Code    26  stm32f10x_tim.o(.text)
    TIM_OC2NPolarityConfig                   0x080060bb   Thumb Code    26  stm32f10x_tim.o(.text)
    TIM_OC3PolarityConfig                    0x080060d5   Thumb Code    26  stm32f10x_tim.o(.text)
    TIM_OC3NPolarityConfig                   0x080060ef   Thumb Code    26  stm32f10x_tim.o(.text)
    TIM_OC4PolarityConfig                    0x08006109   Thumb Code    26  stm32f10x_tim.o(.text)
    TIM_CCxCmd                               0x08006123   Thumb Code    30  stm32f10x_tim.o(.text)
    TIM_CCxNCmd                              0x08006141   Thumb Code    30  stm32f10x_tim.o(.text)
    TIM_SelectOCxM                           0x0800615f   Thumb Code    82  stm32f10x_tim.o(.text)
    TIM_UpdateDisableConfig                  0x080061b1   Thumb Code    24  stm32f10x_tim.o(.text)
    TIM_UpdateRequestConfig                  0x080061c9   Thumb Code    24  stm32f10x_tim.o(.text)
    TIM_SelectHallSensor                     0x080061e1   Thumb Code    24  stm32f10x_tim.o(.text)
    TIM_SelectOnePulseMode                   0x080061f9   Thumb Code    18  stm32f10x_tim.o(.text)
    TIM_SelectOutputTrigger                  0x0800620b   Thumb Code    18  stm32f10x_tim.o(.text)
    TIM_SelectSlaveMode                      0x0800621d   Thumb Code    18  stm32f10x_tim.o(.text)
    TIM_SelectMasterSlaveMode                0x0800622f   Thumb Code    18  stm32f10x_tim.o(.text)
    TIM_SetCounter                           0x08006241   Thumb Code     4  stm32f10x_tim.o(.text)
    TIM_SetAutoreload                        0x08006245   Thumb Code     4  stm32f10x_tim.o(.text)
    TIM_SetCompare1                          0x08006249   Thumb Code     4  stm32f10x_tim.o(.text)
    TIM_SetCompare2                          0x0800624d   Thumb Code     4  stm32f10x_tim.o(.text)
    TIM_SetCompare3                          0x08006251   Thumb Code     4  stm32f10x_tim.o(.text)
    TIM_SetCompare4                          0x08006255   Thumb Code     6  stm32f10x_tim.o(.text)
    TIM_SetClockDivision                     0x0800625b   Thumb Code    18  stm32f10x_tim.o(.text)
    TIM_GetCapture1                          0x0800626d   Thumb Code     6  stm32f10x_tim.o(.text)
    TIM_GetCapture2                          0x08006273   Thumb Code     6  stm32f10x_tim.o(.text)
    TIM_GetCapture3                          0x08006279   Thumb Code     6  stm32f10x_tim.o(.text)
    TIM_GetCapture4                          0x0800627f   Thumb Code     8  stm32f10x_tim.o(.text)
    TIM_GetCounter                           0x08006287   Thumb Code     6  stm32f10x_tim.o(.text)
    TIM_GetPrescaler                         0x0800628d   Thumb Code     6  stm32f10x_tim.o(.text)
    TIM_GetFlagStatus                        0x08006293   Thumb Code    18  stm32f10x_tim.o(.text)
    TIM_ClearFlag                            0x080062a5   Thumb Code     6  stm32f10x_tim.o(.text)
    TIM_GetITStatus                          0x080062ab   Thumb Code    34  stm32f10x_tim.o(.text)
    TIM_ClearITPendingBit                    0x080062cd   Thumb Code     6  stm32f10x_tim.o(.text)
    NVIC_PriorityGroupConfig                 0x080062d5   Thumb Code    10  misc.o(.text)
    NVIC_Init                                0x080062df   Thumb Code   100  misc.o(.text)
    NVIC_SetVectorTable                      0x08006343   Thumb Code    14  misc.o(.text)
    NVIC_SystemLPConfig                      0x08006351   Thumb Code    34  misc.o(.text)
    SysTick_CLKSourceConfig                  0x08006373   Thumb Code    40  misc.o(.text)
    EXTI_DeInit                              0x080063b1   Thumb Code    28  stm32f10x_exti.o(.text)
    EXTI_Init                                0x080063cd   Thumb Code   142  stm32f10x_exti.o(.text)
    EXTI_StructInit                          0x0800645b   Thumb Code    16  stm32f10x_exti.o(.text)
    EXTI_GenerateSWInterrupt                 0x0800646b   Thumb Code    16  stm32f10x_exti.o(.text)
    EXTI_GetFlagStatus                       0x0800647b   Thumb Code    22  stm32f10x_exti.o(.text)
    EXTI_ClearFlag                           0x08006491   Thumb Code     8  stm32f10x_exti.o(.text)
    EXTI_GetITStatus                         0x08006499   Thumb Code    34  stm32f10x_exti.o(.text)
    EXTI_ClearITPendingBit                   0x080064bb   Thumb Code     8  stm32f10x_exti.o(.text)
    GPIO_DeInit                              0x080064cd   Thumb Code   172  stm32f10x_gpio.o(.text)
    GPIO_AFIODeInit                          0x08006579   Thumb Code    20  stm32f10x_gpio.o(.text)
    GPIO_Init                                0x0800658d   Thumb Code   278  stm32f10x_gpio.o(.text)
    GPIO_StructInit                          0x080066a3   Thumb Code    16  stm32f10x_gpio.o(.text)
    GPIO_ReadInputDataBit                    0x080066b3   Thumb Code    18  stm32f10x_gpio.o(.text)
    GPIO_ReadInputData                       0x080066c5   Thumb Code     8  stm32f10x_gpio.o(.text)
    GPIO_ReadOutputDataBit                   0x080066cd   Thumb Code    18  stm32f10x_gpio.o(.text)
    GPIO_ReadOutputData                      0x080066df   Thumb Code     8  stm32f10x_gpio.o(.text)
    GPIO_SetBits                             0x080066e7   Thumb Code     4  stm32f10x_gpio.o(.text)
    GPIO_ResetBits                           0x080066eb   Thumb Code     4  stm32f10x_gpio.o(.text)
    GPIO_WriteBit                            0x080066ef   Thumb Code    10  stm32f10x_gpio.o(.text)
    GPIO_Write                               0x080066f9   Thumb Code     4  stm32f10x_gpio.o(.text)
    GPIO_PinLockConfig                       0x080066fd   Thumb Code    18  stm32f10x_gpio.o(.text)
    GPIO_EventOutputConfig                   0x0800670f   Thumb Code    26  stm32f10x_gpio.o(.text)
    GPIO_EventOutputCmd                      0x08006729   Thumb Code     6  stm32f10x_gpio.o(.text)
    GPIO_PinRemapConfig                      0x0800672f   Thumb Code   138  stm32f10x_gpio.o(.text)
    GPIO_EXTILineConfig                      0x080067b9   Thumb Code    66  stm32f10x_gpio.o(.text)
    GPIO_ETH_MediaInterfaceConfig            0x080067fb   Thumb Code     8  stm32f10x_gpio.o(.text)
    Reset_Handler                            0x08006829   Thumb Code     8  startup_stm32f10x_md.o(.text)
    ADC1_2_IRQHandler                        0x08006843   Thumb Code     0  startup_stm32f10x_md.o(.text)
    CAN1_RX1_IRQHandler                      0x08006843   Thumb Code     0  startup_stm32f10x_md.o(.text)
    CAN1_SCE_IRQHandler                      0x08006843   Thumb Code     0  startup_stm32f10x_md.o(.text)
    DMA1_Channel1_IRQHandler                 0x08006843   Thumb Code     0  startup_stm32f10x_md.o(.text)
    DMA1_Channel2_IRQHandler                 0x08006843   Thumb Code     0  startup_stm32f10x_md.o(.text)
    DMA1_Channel3_IRQHandler                 0x08006843   Thumb Code     0  startup_stm32f10x_md.o(.text)
    DMA1_Channel4_IRQHandler                 0x08006843   Thumb Code     0  startup_stm32f10x_md.o(.text)
    DMA1_Channel5_IRQHandler                 0x08006843   Thumb Code     0  startup_stm32f10x_md.o(.text)
    DMA1_Channel6_IRQHandler                 0x08006843   Thumb Code     0  startup_stm32f10x_md.o(.text)
    DMA1_Channel7_IRQHandler                 0x08006843   Thumb Code     0  startup_stm32f10x_md.o(.text)
    EXTI0_IRQHandler                         0x08006843   Thumb Code     0  startup_stm32f10x_md.o(.text)
    EXTI15_10_IRQHandler                     0x08006843   Thumb Code     0  startup_stm32f10x_md.o(.text)
    EXTI2_IRQHandler                         0x08006843   Thumb Code     0  startup_stm32f10x_md.o(.text)
    EXTI3_IRQHandler                         0x08006843   Thumb Code     0  startup_stm32f10x_md.o(.text)
    EXTI4_IRQHandler                         0x08006843   Thumb Code     0  startup_stm32f10x_md.o(.text)
    EXTI9_5_IRQHandler                       0x08006843   Thumb Code     0  startup_stm32f10x_md.o(.text)
    FLASH_IRQHandler                         0x08006843   Thumb Code     0  startup_stm32f10x_md.o(.text)
    I2C1_ER_IRQHandler                       0x08006843   Thumb Code     0  startup_stm32f10x_md.o(.text)
    I2C1_EV_IRQHandler                       0x08006843   Thumb Code     0  startup_stm32f10x_md.o(.text)
    I2C2_ER_IRQHandler                       0x08006843   Thumb Code     0  startup_stm32f10x_md.o(.text)
    I2C2_EV_IRQHandler                       0x08006843   Thumb Code     0  startup_stm32f10x_md.o(.text)
    PVD_IRQHandler                           0x08006843   Thumb Code     0  startup_stm32f10x_md.o(.text)
    RCC_IRQHandler                           0x08006843   Thumb Code     0  startup_stm32f10x_md.o(.text)
    RTCAlarm_IRQHandler                      0x08006843   Thumb Code     0  startup_stm32f10x_md.o(.text)
    SPI1_IRQHandler                          0x08006843   Thumb Code     0  startup_stm32f10x_md.o(.text)
    SPI2_IRQHandler                          0x08006843   Thumb Code     0  startup_stm32f10x_md.o(.text)
    TAMPER_IRQHandler                        0x08006843   Thumb Code     0  startup_stm32f10x_md.o(.text)
    TIM1_BRK_IRQHandler                      0x08006843   Thumb Code     0  startup_stm32f10x_md.o(.text)
    TIM1_CC_IRQHandler                       0x08006843   Thumb Code     0  startup_stm32f10x_md.o(.text)
    TIM1_TRG_COM_IRQHandler                  0x08006843   Thumb Code     0  startup_stm32f10x_md.o(.text)
    TIM1_UP_IRQHandler                       0x08006843   Thumb Code     0  startup_stm32f10x_md.o(.text)
    TIM3_IRQHandler                          0x08006843   Thumb Code     0  startup_stm32f10x_md.o(.text)
    TIM4_IRQHandler                          0x08006843   Thumb Code     0  startup_stm32f10x_md.o(.text)
    USART1_IRQHandler                        0x08006843   Thumb Code     0  startup_stm32f10x_md.o(.text)
    USART2_IRQHandler                        0x08006843   Thumb Code     0  startup_stm32f10x_md.o(.text)
    USART3_IRQHandler                        0x08006843   Thumb Code     0  startup_stm32f10x_md.o(.text)
    USBWakeUp_IRQHandler                     0x08006843   Thumb Code     0  startup_stm32f10x_md.o(.text)
    USB_HP_CAN1_TX_IRQHandler                0x08006843   Thumb Code     0  startup_stm32f10x_md.o(.text)
    USB_LP_CAN1_RX0_IRQHandler               0x08006843   Thumb Code     0  startup_stm32f10x_md.o(.text)
    WWDG_IRQHandler                          0x08006843   Thumb Code     0  startup_stm32f10x_md.o(.text)
    FLASH_SetLatency                         0x0800684d   Thumb Code    18  stm32f10x_flash.o(.text)
    FLASH_HalfCycleAccessCmd                 0x0800685f   Thumb Code    22  stm32f10x_flash.o(.text)
    FLASH_PrefetchBufferCmd                  0x08006875   Thumb Code    22  stm32f10x_flash.o(.text)
    FLASH_Unlock                             0x0800688b   Thumb Code    12  stm32f10x_flash.o(.text)
    FLASH_UnlockBank1                        0x08006897   Thumb Code    12  stm32f10x_flash.o(.text)
    FLASH_Lock                               0x080068a3   Thumb Code    14  stm32f10x_flash.o(.text)
    FLASH_LockBank1                          0x080068b1   Thumb Code    14  stm32f10x_flash.o(.text)
    FLASH_GetBank1Status                     0x080068bf   Thumb Code    48  stm32f10x_flash.o(.text)
    FLASH_WaitForLastOperation               0x080068ef   Thumb Code    38  stm32f10x_flash.o(.text)
    FLASH_ErasePage                          0x08006915   Thumb Code    72  stm32f10x_flash.o(.text)
    FLASH_EraseAllPages                      0x0800695d   Thumb Code    68  stm32f10x_flash.o(.text)
    FLASH_WaitForLastBank1Operation          0x080069a1   Thumb Code    38  stm32f10x_flash.o(.text)
    FLASH_EraseAllBank1Pages                 0x080069c7   Thumb Code    68  stm32f10x_flash.o(.text)
    FLASH_GetReadOutProtectionStatus         0x08006a0b   Thumb Code    20  stm32f10x_flash.o(.text)
    FLASH_EraseOptionBytes                   0x08006a1f   Thumb Code   150  stm32f10x_flash.o(.text)
    FLASH_ProgramWord                        0x08006ab5   Thumb Code   102  stm32f10x_flash.o(.text)
    FLASH_ProgramHalfWord                    0x08006b1b   Thumb Code    60  stm32f10x_flash.o(.text)
    FLASH_ProgramOptionByteData              0x08006b57   Thumb Code    72  stm32f10x_flash.o(.text)
    FLASH_EnableWriteProtection              0x08006b9f   Thumb Code   200  stm32f10x_flash.o(.text)
    FLASH_ReadOutProtection                  0x08006c67   Thumb Code   156  stm32f10x_flash.o(.text)
    FLASH_UserOptionByteConfig               0x08006d03   Thumb Code    88  stm32f10x_flash.o(.text)
    FLASH_GetUserOptionByte                  0x08006d5b   Thumb Code     8  stm32f10x_flash.o(.text)
    FLASH_GetWriteProtectionOptionByte       0x08006d63   Thumb Code     6  stm32f10x_flash.o(.text)
    FLASH_GetPrefetchBufferStatus            0x08006d69   Thumb Code    20  stm32f10x_flash.o(.text)
    FLASH_ITConfig                           0x08006d7d   Thumb Code    26  stm32f10x_flash.o(.text)
    FLASH_GetFlagStatus                      0x08006d97   Thumb Code    42  stm32f10x_flash.o(.text)
    FLASH_ClearFlag                          0x08006dc1   Thumb Code     6  stm32f10x_flash.o(.text)
    FLASH_GetStatus                          0x08006dc7   Thumb Code    48  stm32f10x_flash.o(.text)
    SX1276SetLoRaOn                          0x08006e09   Thumb Code   108  sx1276.o(.text)
    SX1276Reset                              0x08006e75   Thumb Code    28  sx1276.o(.text)
    SX1276Init                               0x08006e91   Thumb Code    30  sx1276.o(.text)
    SX1276GetLoRaOn                          0x08006eaf   Thumb Code     6  sx1276.o(.text)
    SX1276SetOpMode                          0x08006eb5   Thumb Code    12  sx1276.o(.text)
    SX1276GetOpMode                          0x08006ec1   Thumb Code     8  sx1276.o(.text)
    SX1276ReadRssi                           0x08006ec9   Thumb Code     8  sx1276.o(.text)
    SX1276ReadRxGain                         0x08006ed1   Thumb Code     8  sx1276.o(.text)
    SX1276GetPacketRxGain                    0x08006ed9   Thumb Code     8  sx1276.o(.text)
    SX1276GetPacketSnr                       0x08006ee1   Thumb Code     8  sx1276.o(.text)
    SX1276GetPacketRssi                      0x08006ee9   Thumb Code     8  sx1276.o(.text)
    SX1276GetPacketAfc                       0x08006ef1   Thumb Code     4  sx1276.o(.text)
    SX1276StartRx                            0x08006ef5   Thumb Code    10  sx1276.o(.text)
    SX1276GetRxPacket                        0x08006eff   Thumb Code    16  sx1276.o(.text)
    SX1276SetTxPacket                        0x08006f0f   Thumb Code    16  sx1276.o(.text)
    SX1276GetRFState                         0x08006f1f   Thumb Code     8  sx1276.o(.text)
    SX1276SetRFState                         0x08006f27   Thumb Code    12  sx1276.o(.text)
    SX1276Process                            0x08006f33   Thumb Code     8  sx1276.o(.text)
    SX1276InitIo                             0x08006f4d   Thumb Code    62  sx1276-hal.o(.text)
    SX1276SetReset                           0x08006f8b   Thumb Code    28  sx1276-hal.o(.text)
    SX1276WriteBuffer                        0x08006fa7   Thumb Code    56  sx1276-hal.o(.text)
    SX1276Write                              0x08006fdf   Thumb Code    16  sx1276-hal.o(.text)
    SX1276ReadBuffer                         0x08006fef   Thumb Code    58  sx1276-hal.o(.text)
    SX1276Read                               0x08007029   Thumb Code    18  sx1276-hal.o(.text)
    SX1276WriteFifo                          0x0800703b   Thumb Code    18  sx1276-hal.o(.text)
    SX1276ReadFifo                           0x0800704d   Thumb Code    18  sx1276-hal.o(.text)
    SX1276ReadDio0                           0x0800705f   Thumb Code     4  sx1276-hal.o(.text)
    SX1276ReadDio1                           0x08007063   Thumb Code     4  sx1276-hal.o(.text)
    SX1276ReadDio2                           0x08007067   Thumb Code     4  sx1276-hal.o(.text)
    SX1276ReadDio3                           0x0800706b   Thumb Code     4  sx1276-hal.o(.text)
    SX1276ReadDio4                           0x0800706f   Thumb Code     4  sx1276-hal.o(.text)
    SX1276ReadDio5                           0x08007073   Thumb Code     4  sx1276-hal.o(.text)
    SX1276WriteRxTx                          0x08007077   Thumb Code     2  sx1276-hal.o(.text)
    SX1276LoRaSetOpMode                      0x0800707d   Thumb Code    82  sx1276-lora.o(.text)
    SX1276LoRaSetDefaults                    0x080070cf   Thumb Code    16  sx1276-lora.o(.text)
    SX1276LoRaInit                           0x080070df   Thumb Code   144  sx1276-lora.o(.text)
    SX1276LoRaReset                          0x0800716f   Thumb Code    32  sx1276-lora.o(.text)
    SX1276LoRaGetOpMode                      0x0800718f   Thumb Code    26  sx1276-lora.o(.text)
    SX1276LoRaReadRxGain                     0x080071a9   Thumb Code    24  sx1276-lora.o(.text)
    SX1276LoRaReadRssi                       0x080071c1   Thumb Code    68  sx1276-lora.o(.text)
    SX1276LoRaGetPacketRxGain                0x08007205   Thumb Code     6  sx1276-lora.o(.text)
    SX1276LoRaGetPacketSnr                   0x0800720b   Thumb Code     8  sx1276-lora.o(.text)
    SX1276LoRaGetPacketRssi                  0x08007213   Thumb Code     6  sx1276-lora.o(.text)
    SX1276LoRaSetRFState                     0x08007219   Thumb Code     6  sx1276-lora.o(.text)
    SX1276LoRaStartRx                        0x0800721f   Thumb Code    10  sx1276-lora.o(.text)
    SX1276LoRaGetRxPacket                    0x08007229   Thumb Code    30  sx1276-lora.o(.text)
    SX1276LoRaSetTxPacket                    0x08007247   Thumb Code    28  sx1276-lora.o(.text)
    SX1276LoRaGetRFState                     0x08007263   Thumb Code     6  sx1276-lora.o(.text)
    SX1276LoRaProcess                        0x08007269   Thumb Code  1674  sx1276-lora.o(.text)
    SX1276LoRaSetRFFrequency                 0x080078f9   Thumb Code    74  sx1276-loramisc.o(.text)
    SX1276LoRaGetRFFrequency                 0x08007943   Thumb Code    82  sx1276-loramisc.o(.text)
    SX1276LoRaSetRFPower                     0x08007995   Thumb Code   252  sx1276-loramisc.o(.text)
    SX1276LoRaGetRFPower                     0x08007a91   Thumb Code   116  sx1276-loramisc.o(.text)
    SX1276LoRaSetSignalBandwidth             0x08007b05   Thumb Code    50  sx1276-loramisc.o(.text)
    SX1276LoRaGetSignalBandwidth             0x08007b37   Thumb Code    32  sx1276-loramisc.o(.text)
    SX1276LoRaSetNbTrigPeaks                 0x08007b57   Thumb Code    54  sx1276-loramisc.o(.text)
    SX1276LoRaSetSpreadingFactor             0x08007b8d   Thumb Code    82  sx1276-loramisc.o(.text)
    SX1276LoRaGetSpreadingFactor             0x08007bdf   Thumb Code    32  sx1276-loramisc.o(.text)
    SX1276LoRaSetErrorCoding                 0x08007bff   Thumb Code    54  sx1276-loramisc.o(.text)
    SX1276LoRaGetErrorCoding                 0x08007c35   Thumb Code    36  sx1276-loramisc.o(.text)
    SX1276LoRaSetPacketCrcOn                 0x08007c59   Thumb Code    54  sx1276-loramisc.o(.text)
    SX1276LoRaSetPreambleLength              0x08007c8f   Thumb Code    52  sx1276-loramisc.o(.text)
    SX1276LoRaGetPreambleLength              0x08007cc3   Thumb Code    50  sx1276-loramisc.o(.text)
    SX1276LoRaGetPacketCrcOn                 0x08007cf5   Thumb Code    44  sx1276-loramisc.o(.text)
    SX1276LoRaSetImplicitHeaderOn            0x08007d21   Thumb Code    52  sx1276-loramisc.o(.text)
    SX1276LoRaGetImplicitHeaderOn            0x08007d55   Thumb Code    34  sx1276-loramisc.o(.text)
    SX1276LoRaSetRxSingleOn                  0x08007d77   Thumb Code     6  sx1276-loramisc.o(.text)
    SX1276LoRaGetRxSingleOn                  0x08007d7d   Thumb Code     6  sx1276-loramisc.o(.text)
    SX1276LoRaSetFreqHopOn                   0x08007d83   Thumb Code     6  sx1276-loramisc.o(.text)
    SX1276LoRaGetFreqHopOn                   0x08007d89   Thumb Code     6  sx1276-loramisc.o(.text)
    SX1276LoRaSetHopPeriod                   0x08007d8f   Thumb Code    32  sx1276-loramisc.o(.text)
    SX1276LoRaGetHopPeriod                   0x08007daf   Thumb Code    32  sx1276-loramisc.o(.text)
    SX1276LoRaSetTxPacketTimeout             0x08007dcf   Thumb Code     6  sx1276-loramisc.o(.text)
    SX1276LoRaGetTxPacketTimeout             0x08007dd5   Thumb Code     6  sx1276-loramisc.o(.text)
    SX1276LoRaSetRxPacketTimeout             0x08007ddb   Thumb Code     6  sx1276-loramisc.o(.text)
    SX1276LoRaGetRxPacketTimeout             0x08007de1   Thumb Code     6  sx1276-loramisc.o(.text)
    SX1276LoRaSetPayloadLength               0x08007de7   Thumb Code    32  sx1276-loramisc.o(.text)
    SX1276LoRaGetPayloadLength               0x08007e07   Thumb Code    32  sx1276-loramisc.o(.text)
    SX1276LoRaSetPa20dBm                     0x08007e27   Thumb Code    84  sx1276-loramisc.o(.text)
    SX1276LoRaGetPa20dBm                     0x08007e7b   Thumb Code    38  sx1276-loramisc.o(.text)
    SX1276LoRaSetPAOutput                    0x08007ea1   Thumb Code    48  sx1276-loramisc.o(.text)
    SX1276LoRaGetPAOutput                    0x08007ed1   Thumb Code    26  sx1276-loramisc.o(.text)
    SX1276LoRaSetPaRamp                      0x08007eeb   Thumb Code    52  sx1276-loramisc.o(.text)
    SX1276LoRaGetPaRamp                      0x08007f1f   Thumb Code    26  sx1276-loramisc.o(.text)
    SX1276LoRaSetSymbTimeout                 0x08007f39   Thumb Code    66  sx1276-loramisc.o(.text)
    SX1276LoRaGetSymbTimeout                 0x08007f7b   Thumb Code    38  sx1276-loramisc.o(.text)
    SX1276LoRaSetLowDatarateOptimize         0x08007fa1   Thumb Code    56  sx1276-loramisc.o(.text)
    SX1276LoRaGetLowDatarateOptimize         0x08007fd9   Thumb Code    28  sx1276-loramisc.o(.text)
    SX1276LoRaGetNbTrigPeaks                 0x08007ff5   Thumb Code    28  sx1276-loramisc.o(.text)
    OS_CPU_SR_Save                           0x08008019   Thumb Code     0  os_cpu_a.o(.text)
    OS_CPU_SR_Restore                        0x08008021   Thumb Code     0  os_cpu_a.o(.text)
    OSStartHighRdy                           0x08008027   Thumb Code     0  os_cpu_a.o(.text)
    OSCtxSw                                  0x08008047   Thumb Code     0  os_cpu_a.o(.text)
    OSIntCtxSw                               0x08008051   Thumb Code     0  os_cpu_a.o(.text)
    OS_CPU_PendSVHandler                     0x0800805b   Thumb Code     0  os_cpu_a.o(.text)
    OSInitHookBegin                          0x080080bd   Thumb Code     8  os_cpu_c.o(.text)
    OSInitHookEnd                            0x080080c5   Thumb Code     2  os_cpu_c.o(.text)
    OSTaskCreateHook                         0x080080c7   Thumb Code     2  os_cpu_c.o(.text)
    OSTaskDelHook                            0x080080c9   Thumb Code     2  os_cpu_c.o(.text)
    OSTaskIdleHook                           0x080080cb   Thumb Code     2  os_cpu_c.o(.text)
    OSTaskStatHook                           0x080080cd   Thumb Code     2  os_cpu_c.o(.text)
    OSTaskStkInit                            0x080080cf   Thumb Code   154  os_cpu_c.o(.text)
    OSTaskSwHook                             0x08008169   Thumb Code     2  os_cpu_c.o(.text)
    OSTCBInitHook                            0x0800816b   Thumb Code     2  os_cpu_c.o(.text)
    OSTimeTickHook                           0x0800816d   Thumb Code    30  os_cpu_c.o(.text)
    OS_StrCopy                               0x08008191   Thumb Code    28  os_core.o(.text)
    OSEventNameGet                           0x080081ad   Thumb Code   126  os_core.o(.text)
    OS_StrLen                                0x0800822b   Thumb Code    20  os_core.o(.text)
    OSEventNameSet                           0x0800823f   Thumb Code   140  os_core.o(.text)
    OS_EventTaskRemoveMulti                  0x080082cb   Thumb Code    58  os_core.o(.text)
    OS_Sched                                 0x0800831f   Thumb Code    88  os_core.o(.text)
    OS_EventTaskWaitMulti                    0x08008377   Thumb Code   136  os_core.o(.text)
    OSEventPendMulti                         0x080083ff   Thumb Code   762  os_core.o(.text)
    OS_TaskStatStkChk                        0x080086f9   Thumb Code    54  os_core.o(.text)
    OS_TaskStat                              0x0800872f   Thumb Code   114  os_core.o(.text)
    OS_TaskIdle                              0x080087d5   Thumb Code    32  os_core.o(.text)
    OS_MemClr                                0x08008829   Thumb Code    18  os_core.o(.text)
    OSInit                                   0x08008933   Thumb Code    52  os_core.o(.text)
    OSIntEnter                               0x08008967   Thumb Code    28  os_core.o(.text)
    OSIntExit                                0x08008983   Thumb Code   254  os_core.o(.text)
    OSSchedLock                              0x08008a81   Thumb Code    50  os_core.o(.text)
    OSSchedUnlock                            0x08008ab3   Thumb Code    84  os_core.o(.text)
    OSStart                                  0x08008b07   Thumb Code    48  os_core.o(.text)
    OSStatInit                               0x08008b37   Thumb Code    62  os_core.o(.text)
    OSTimeTick                               0x08008b75   Thumb Code   210  os_core.o(.text)
    OSVersion                                0x08008c47   Thumb Code     6  os_core.o(.text)
    OS_Dummy                                 0x08008c4d   Thumb Code     2  os_core.o(.text)
    OS_EventTaskRemove                       0x08008c4f   Thumb Code    42  os_core.o(.text)
    OS_EventTaskRdy                          0x08008c79   Thumb Code   128  os_core.o(.text)
    OS_EventTaskWait                         0x08008cf9   Thumb Code   112  os_core.o(.text)
    OS_EventWaitListInit                     0x08008d69   Thumb Code    28  os_core.o(.text)
    OS_MemCopy                               0x08008d85   Thumb Code    20  os_core.o(.text)
    OS_TCBInit                               0x08008d99   Thumb Code   340  os_core.o(.text)
    OSFlagAccept                             0x08008ef5   Thumb Code   268  os_flag.o(.text)
    OSFlagCreate                             0x08009001   Thumb Code    98  os_flag.o(.text)
    OS_FlagUnlink                            0x08009063   Thumb Code    36  os_flag.o(.text)
    OSFlagDel                                0x080090d9   Thumb Code   240  os_flag.o(.text)
    OSFlagNameGet                            0x080091c9   Thumb Code   108  os_flag.o(.text)
    OSFlagNameSet                            0x08009235   Thumb Code   122  os_flag.o(.text)
    OSFlagPend                               0x08009347   Thumb Code   628  os_flag.o(.text)
    OSFlagPendGetFlagsRdy                    0x080095bb   Thumb Code    26  os_flag.o(.text)
    OSFlagPost                               0x080095d5   Thumb Code   326  os_flag.o(.text)
    OSFlagQuery                              0x0800971b   Thumb Code    64  os_flag.o(.text)
    OS_FlagInit                              0x0800975b   Thumb Code    68  os_flag.o(.text)
    OSMemCreate                              0x080097ad   Thumb Code   166  os_mem.o(.text)
    OSMemGet                                 0x08009853   Thumb Code    78  os_mem.o(.text)
    OSMemNameGet                             0x080098a1   Thumb Code    88  os_mem.o(.text)
    OSMemNameSet                             0x080098f9   Thumb Code   104  os_mem.o(.text)
    OSMemPut                                 0x08009961   Thumb Code    66  os_mem.o(.text)
    OSMemQuery                               0x080099a3   Thumb Code    64  os_mem.o(.text)
    OS_MemInit                               0x080099e3   Thumb Code    68  os_mem.o(.text)
    OSQAccept                                0x08009a35   Thumb Code   106  os_q.o(.text)
    OSQCreate                                0x08009a9f   Thumb Code   150  os_q.o(.text)
    OSQDel                                   0x08009b35   Thumb Code   270  os_q.o(.text)
    OSQFlush                                 0x08009c43   Thumb Code    52  os_q.o(.text)
    OSQPend                                  0x08009c77   Thumb Code   300  os_q.o(.text)
    OSQPendAbort                             0x08009da3   Thumb Code   144  os_q.o(.text)
    OSQPost                                  0x08009e33   Thumb Code   142  os_q.o(.text)
    OSQPostFront                             0x08009ec1   Thumb Code   122  os_q.o(.text)
    OSQPostOpt                               0x08009f3b   Thumb Code   188  os_q.o(.text)
    OSQQuery                                 0x08009ff7   Thumb Code   112  os_q.o(.text)
    OS_QInit                                 0x0800a067   Thumb Code    46  os_q.o(.text)
    OSSemAccept                              0x0800a09d   Thumb Code    50  os_sem.o(.text)
    OSSemCreate                              0x0800a0cf   Thumb Code    78  os_sem.o(.text)
    OSSemDel                                 0x0800a11d   Thumb Code   236  os_sem.o(.text)
    OSSemPend                                0x0800a209   Thumb Code   246  os_sem.o(.text)
    OSSemPendAbort                           0x0800a2ff   Thumb Code   144  os_sem.o(.text)
    OSSemPost                                0x0800a38f   Thumb Code    94  os_sem.o(.text)
    OSSemQuery                               0x0800a3ed   Thumb Code    94  os_sem.o(.text)
    OSSemSet                                 0x0800a44b   Thumb Code    80  os_sem.o(.text)
    OSTaskChangePrio                         0x0800a4ad   Thumb Code   418  os_task.o(.text)
    OSTaskCreate                             0x0800a64f   Thumb Code   158  os_task.o(.text)
    OS_TaskStkClr                            0x0800a6ed   Thumb Code    26  os_task.o(.text)
    OSTaskCreateExt                          0x0800a707   Thumb Code   180  os_task.o(.text)
    OSTaskDel                                0x0800a7bb   Thumb Code   366  os_task.o(.text)
    OSTaskDelReq                             0x0800a929   Thumb Code   112  os_task.o(.text)
    OSTaskNameGet                            0x0800a999   Thumb Code   148  os_task.o(.text)
    OSTaskNameSet                            0x0800aa2d   Thumb Code   160  os_task.o(.text)
    OSTaskResume                             0x0800aacd   Thumb Code   162  os_task.o(.text)
    OSTaskStkChk                             0x0800ab6f   Thumb Code   150  os_task.o(.text)
    OSTaskSuspend                            0x0800ac05   Thumb Code   172  os_task.o(.text)
    OSTaskQuery                              0x0800acb1   Thumb Code   130  os_task.o(.text)
    OSTimeDly                                0x0800ad35   Thumb Code    96  os_time.o(.text)
    OSTimeDlyHMSM                            0x0800ad95   Thumb Code   160  os_time.o(.text)
    OSTimeDlyResume                          0x0800ae35   Thumb Code   168  os_time.o(.text)
    OSTimeGet                                0x0800aedd   Thumb Code    24  os_time.o(.text)
    OSTimeSet                                0x0800aef5   Thumb Code    24  os_time.o(.text)
    OSTmrCreate                              0x0800af73   Thumb Code   200  os_tmr.o(.text)
    OSTmrDel                                 0x0800b0bb   Thumb Code   142  os_tmr.o(.text)
    OSTmrNameGet                             0x0800b149   Thumb Code   142  os_tmr.o(.text)
    OSTmrRemainGet                           0x0800b1d7   Thumb Code   182  os_tmr.o(.text)
    OSTmrStateGet                            0x0800b28d   Thumb Code   104  os_tmr.o(.text)
    OSTmrStart                               0x0800b377   Thumb Code   146  os_tmr.o(.text)
    OSTmrStop                                0x0800b409   Thumb Code   198  os_tmr.o(.text)
    OSTmrSignal                              0x0800b4cf   Thumb Code    16  os_tmr.o(.text)
    OSTmr_Init                               0x0800b581   Thumb Code   162  os_tmr.o(.text)
    __aeabi_memcpy                           0x0800b67d   Thumb Code    36  memcpya.o(.text)
    __aeabi_memcpy4                          0x0800b67d   Thumb Code     0  memcpya.o(.text)
    __aeabi_memcpy8                          0x0800b67d   Thumb Code     0  memcpya.o(.text)
    __aeabi_memset                           0x0800b6a1   Thumb Code    14  memseta.o(.text)
    __aeabi_memset4                          0x0800b6a1   Thumb Code     0  memseta.o(.text)
    __aeabi_memset8                          0x0800b6a1   Thumb Code     0  memseta.o(.text)
    __aeabi_memclr                           0x0800b6af   Thumb Code     4  memseta.o(.text)
    __aeabi_memclr4                          0x0800b6af   Thumb Code     0  memseta.o(.text)
    __aeabi_memclr8                          0x0800b6af   Thumb Code     0  memseta.o(.text)
    _memset$wrapper                          0x0800b6b3   Thumb Code    18  memseta.o(.text)
    __aeabi_dadd                             0x0800b6c5   Thumb Code   322  dadd.o(.text)
    __aeabi_dsub                             0x0800b807   Thumb Code     6  dadd.o(.text)
    __aeabi_drsub                            0x0800b80d   Thumb Code     6  dadd.o(.text)
    __aeabi_dmul                             0x0800b813   Thumb Code   228  dmul.o(.text)
    __aeabi_ddiv                             0x0800b8f7   Thumb Code   222  ddiv.o(.text)
    __aeabi_i2d                              0x0800b9d5   Thumb Code    34  dflti.o(.text)
    __aeabi_ui2d                             0x0800b9f7   Thumb Code    26  dfltui.o(.text)
    __aeabi_d2uiz                            0x0800ba11   Thumb Code    50  dfixui.o(.text)
    __aeabi_llsl                             0x0800ba43   Thumb Code    30  llshl.o(.text)
    _ll_shift_l                              0x0800ba43   Thumb Code     0  llshl.o(.text)
    __aeabi_llsr                             0x0800ba61   Thumb Code    32  llushr.o(.text)
    _ll_ushift_r                             0x0800ba61   Thumb Code     0  llushr.o(.text)
    __aeabi_lasr                             0x0800ba81   Thumb Code    36  llsshr.o(.text)
    _ll_sshift_r                             0x0800ba81   Thumb Code     0  llsshr.o(.text)
    __I$use$fp                               0x0800baa5   Thumb Code     0  iusefp.o(.text)
    _double_round                            0x0800baa5   Thumb Code    30  depilogue.o(.text)
    _double_epilogue                         0x0800bac3   Thumb Code   156  depilogue.o(.text)
    __scatterload                            0x0800bb61   Thumb Code    28  init.o(.text)
    __scatterload_rt2                        0x0800bb61   Thumb Code     0  init.o(.text)
    __scatterload_copy                       0x0800bb85   Thumb Code    14  handlers.o(i.__scatterload_copy)
    __scatterload_null                       0x0800bb93   Thumb Code     2  handlers.o(i.__scatterload_null)
    __scatterload_zeroinit                   0x0800bb95   Thumb Code    14  handlers.o(i.__scatterload_zeroinit)
    HoppingFrequencies                       0x0800bba4   Data         204  sx1276-lora.o(.constdata)
    OSUnMapTbl                               0x0800bc70   Data         256  os_core.o(.constdata)
    Region$$Table$$Base                      0x0800bd70   Number         0  anon$$obj.o(Region$$Table)
    Region$$Table$$Limit                     0x0800bd90   Number         0  anon$$obj.o(Region$$Table)
    lora_msg                                 0x20000000   Data           4  main.o(.data)
    lora_q                                   0x20000004   Data           4  main.o(.data)
    param                                    0x20000008   Data           4  main.o(.data)
    dat_ready                                0x2000000c   Data           1  stm32f10x_it.o(.data)
    ir_dat                                   0x20000010   Data           4  stm32f10x_it.o(.data)
    flag                                     0x20000014   Data           1  stm32f10x_it.o(.data)
    dat_cnt                                  0x20000015   Data           1  stm32f10x_it.o(.data)
    temp                                     0x20000018   Data           4  stm32f10x_it.o(.data)
    SystemCoreClock                          0x2000001c   Data           4  system_stm32f10x.o(.data)
    AHBPrescTable                            0x20000020   Data          16  system_stm32f10x.o(.data)
    LoRaSettings                             0x20000048   Data          28  sx1276-lora.o(.data)
    SX1276LR                                 0x20000064   Data           4  sx1276-lora.o(.data)
    OSCtxSwCtr                               0x2000008c   Data           4  os_core.o(.data)
    OSEventFreeList                          0x20000090   Data           4  os_core.o(.data)
    OSFlagFreeList                           0x20000094   Data           4  os_core.o(.data)
    OSCPUUsage                               0x20000098   Data           1  os_core.o(.data)
    OSIdleCtrMax                             0x2000009c   Data           4  os_core.o(.data)
    OSIdleCtrRun                             0x200000a0   Data           4  os_core.o(.data)
    OSStatRdy                                0x200000a4   Data           1  os_core.o(.data)
    OSIntNesting                             0x200000a5   Data           1  os_core.o(.data)
    OSLockNesting                            0x200000a6   Data           1  os_core.o(.data)
    OSPrioCur                                0x200000a7   Data           1  os_core.o(.data)
    OSPrioHighRdy                            0x200000a8   Data           1  os_core.o(.data)
    OSRdyGrp                                 0x200000a9   Data           1  os_core.o(.data)
    OSRdyTbl                                 0x200000aa   Data           8  os_core.o(.data)
    OSRunning                                0x200000b2   Data           1  os_core.o(.data)
    OSTaskCtr                                0x200000b3   Data           1  os_core.o(.data)
    OSIdleCtr                                0x200000b4   Data           4  os_core.o(.data)
    OSTCBCur                                 0x200000b8   Data           4  os_core.o(.data)
    OSTCBFreeList                            0x200000bc   Data           4  os_core.o(.data)
    OSTCBHighRdy                             0x200000c0   Data           4  os_core.o(.data)
    OSTCBList                                0x200000c4   Data           4  os_core.o(.data)
    OSTickStepState                          0x200000c8   Data           1  os_core.o(.data)
    OSMemFreeList                            0x200000cc   Data           4  os_core.o(.data)
    OSQFreeList                              0x200000d0   Data           4  os_core.o(.data)
    OSTime                                   0x200000d4   Data           4  os_core.o(.data)
    OSTmrFree                                0x200000d8   Data           2  os_core.o(.data)
    OSTmrUsed                                0x200000da   Data           2  os_core.o(.data)
    OSTmrTime                                0x200000dc   Data           4  os_core.o(.data)
    OSTmrSem                                 0x200000e0   Data           4  os_core.o(.data)
    OSTmrSemSignal                           0x200000e4   Data           4  os_core.o(.data)
    OSTmrFreeList                            0x200000e8   Data           4  os_core.o(.data)
    msg_arr                                  0x20000aec   Data          12  main.o(.bss)
    sys_ctrl                                 0x20000af8   Data          17  ctrl.o(.bss)
    SX1276Regs                               0x20000b09   Data         112  sx1276.o(.bss)
    OSEventTbl                               0x20000c7c   Data         360  os_core.o(.bss)
    OSFlagTbl                                0x20000de4   Data         140  os_core.o(.bss)
    OSTaskStatStk                            0x20000e70   Data         512  os_core.o(.bss)
    OSTaskIdleStk                            0x20001070   Data         512  os_core.o(.bss)
    OSTCBPrioTbl                             0x20001270   Data         256  os_core.o(.bss)
    OSTCBTbl                                 0x20001370   Data        1656  os_core.o(.bss)
    OSMemTbl                                 0x200019e8   Data         180  os_core.o(.bss)
    OSQTbl                                   0x20001a9c   Data          96  os_core.o(.bss)
    OSTmrTbl                                 0x20001afc   Data         832  os_core.o(.bss)
    OSTmrTaskStk                             0x20001e3c   Data         512  os_core.o(.bss)
    OSTmrWheelTbl                            0x2000203c   Data          64  os_core.o(.bss)
    __initial_sp                             0x20002480   Data           0  startup_stm32f10x_md.o(STACK)



==============================================================================

Memory Map of the image

  Image Entry point : 0x080040ed

  Load Region LR_IROM1 (Base: 0x08004000, Size: 0x00007e7c, Max: 0x0000c000, ABSOLUTE)

    Execution Region ER_IROM1 (Base: 0x08004000, Size: 0x00007d90, Max: 0x0000c000, ABSOLUTE)

    Base Addr    Size         Type   Attr      Idx    E Section Name        Object

    0x08004000   0x000000ec   Data   RO          441    RESET               startup_stm32f10x_md.o
    0x080040ec   0x00000000   Code   RO          727  * .ARM.Collect$$$$00000000  mc_w.l(entry.o)
    0x080040ec   0x00000004   Code   RO          748    .ARM.Collect$$$$00000001  mc_w.l(entry2.o)
    0x080040f0   0x00000004   Code   RO          751    .ARM.Collect$$$$00000004  mc_w.l(entry5.o)
    0x080040f4   0x00000000   Code   RO          753    .ARM.Collect$$$$00000008  mc_w.l(entry7b.o)
    0x080040f4   0x00000000   Code   RO          755    .ARM.Collect$$$$0000000A  mc_w.l(entry8b.o)
    0x080040f4   0x00000008   Code   RO          756    .ARM.Collect$$$$0000000B  mc_w.l(entry9a.o)
    0x080040fc   0x00000000   Code   RO          758    .ARM.Collect$$$$0000000D  mc_w.l(entry10a.o)
    0x080040fc   0x00000000   Code   RO          760    .ARM.Collect$$$$0000000F  mc_w.l(entry11a.o)
    0x080040fc   0x00000004   Code   RO          749    .ARM.Collect$$$$00002712  mc_w.l(entry2.o)
    0x08004100   0x000000c8   Code   RO            1    .text               main.o
    0x080041c8   0x00000144   Code   RO          102    .text               stm32f10x_it.o
    0x0800430c   0x00000124   Code   RO          121    .text               app.o
    0x08004430   0x000000c0   Code   RO          134    .text               ctrl.o
    0x080044f0   0x00000150   Code   RO          161    .text               lora.o
    0x08004640   0x000002c8   Code   RO          179    .text               bsp.o
    0x08004908   0x00000188   Code   RO          207    .text               spi.o
    0x08004a90   0x00000138   Code   RO          219    .text               dht11.o
    0x08004bc8   0x00000240   Code   RO          242    .text               system_stm32f10x.o
    0x08004e08   0x000003a4   Code   RO          272    .text               stm32f10x_rcc.o
    0x080051ac   0x0000030c   Code   RO          298    .text               stm32f10x_spi.o
    0x080054b8   0x00000e1a   Code   RO          310    .text               stm32f10x_tim.o
    0x080062d2   0x00000002   PAD
    0x080062d4   0x000000dc   Code   RO          334    .text               misc.o
    0x080063b0   0x0000011c   Code   RO          400    .text               stm32f10x_exti.o
    0x080064cc   0x0000035c   Code   RO          412    .text               stm32f10x_gpio.o
    0x08006828   0x00000024   Code   RO          442    .text               startup_stm32f10x_md.o
    0x0800684c   0x000005bc   Code   RO          446    .text               stm32f10x_flash.o
    0x08006e08   0x00000144   Code   RO          492    .text               sx1276.o
    0x08006f4c   0x00000130   Code   RO          515    .text               sx1276-hal.o
    0x0800707c   0x0000087c   Code   RO          527    .text               sx1276-lora.o
    0x080078f8   0x00000720   Code   RO          553    .text               sx1276-loramisc.o
    0x08008018   0x000000a4   Code   RO          566    .text               os_cpu_a.o
    0x080080bc   0x000000d4   Code   RO          569    .text               os_cpu_c.o
    0x08008190   0x00000d64   Code   RO          599    .text               os_core.o
    0x08008ef4   0x000008b8   Code   RO          619    .text               os_flag.o
    0x080097ac   0x00000288   Code   RO          643    .text               os_mem.o
    0x08009a34   0x00000668   Code   RO          667    .text               os_q.o
    0x0800a09c   0x00000410   Code   RO          679    .text               os_sem.o
    0x0800a4ac   0x00000886   Code   RO          691    .text               os_task.o
    0x0800ad32   0x00000002   PAD
    0x0800ad34   0x000001f0   Code   RO          703    .text               os_time.o
    0x0800af24   0x00000758   Code   RO          715    .text               os_tmr.o
    0x0800b67c   0x00000024   Code   RO          730    .text               mc_w.l(memcpya.o)
    0x0800b6a0   0x00000024   Code   RO          732    .text               mc_w.l(memseta.o)
    0x0800b6c4   0x0000014e   Code   RO          736    .text               mf_w.l(dadd.o)
    0x0800b812   0x000000e4   Code   RO          738    .text               mf_w.l(dmul.o)
    0x0800b8f6   0x000000de   Code   RO          740    .text               mf_w.l(ddiv.o)
    0x0800b9d4   0x00000022   Code   RO          742    .text               mf_w.l(dflti.o)
    0x0800b9f6   0x0000001a   Code   RO          744    .text               mf_w.l(dfltui.o)
    0x0800ba10   0x00000032   Code   RO          746    .text               mf_w.l(dfixui.o)
    0x0800ba42   0x0000001e   Code   RO          762    .text               mc_w.l(llshl.o)
    0x0800ba60   0x00000020   Code   RO          764    .text               mc_w.l(llushr.o)
    0x0800ba80   0x00000024   Code   RO          766    .text               mc_w.l(llsshr.o)
    0x0800baa4   0x00000000   Code   RO          768    .text               mc_w.l(iusefp.o)
    0x0800baa4   0x000000ba   Code   RO          769    .text               mf_w.l(depilogue.o)
    0x0800bb5e   0x00000002   PAD
    0x0800bb60   0x00000024   Code   RO          771    .text               mc_w.l(init.o)
    0x0800bb84   0x0000000e   Code   RO          775    i.__scatterload_copy  mc_w.l(handlers.o)
    0x0800bb92   0x00000002   Code   RO          776    i.__scatterload_null  mc_w.l(handlers.o)
    0x0800bb94   0x0000000e   Code   RO          777    i.__scatterload_zeroinit  mc_w.l(handlers.o)
    0x0800bba2   0x00000002   PAD
    0x0800bba4   0x000000cc   Data   RO          529    .constdata          sx1276-lora.o
    0x0800bc70   0x00000100   Data   RO          601    .constdata          os_core.o
    0x0800bd70   0x00000020   Data   RO          773    Region$$Table       anon$$obj.o


    Execution Region RW_IRAM1 (Base: 0x20000000, Size: 0x00002480, Max: 0x00005000, ABSOLUTE)

    Base Addr    Size         Type   Attr      Idx    E Section Name        Object

    0x20000000   0x0000000c   Data   RW            3    .data               main.o
    0x2000000c   0x00000010   Data   RW          103    .data               stm32f10x_it.o
    0x2000001c   0x00000014   Data   RW          243    .data               system_stm32f10x.o
    0x20000030   0x00000014   Data   RW          273    .data               stm32f10x_rcc.o
    0x20000044   0x00000002   Data   RW          494    .data               sx1276.o
    0x20000046   0x00000002   PAD
    0x20000048   0x00000040   Data   RW          530    .data               sx1276-lora.o
    0x20000088   0x00000002   Data   RW          570    .data               os_cpu_c.o
    0x2000008a   0x00000002   PAD
    0x2000008c   0x00000060   Data   RW          602    .data               os_core.o
    0x200000ec   0x00000a0c   Zero   RW            2    .bss                main.o
    0x20000af8   0x00000011   Zero   RW          135    .bss                ctrl.o
    0x20000b09   0x00000070   Zero   RW          493    .bss                sx1276.o
    0x20000b79   0x00000100   Zero   RW          528    .bss                sx1276-lora.o
    0x20000c79   0x00000003   PAD
    0x20000c7c   0x00001400   Zero   RW          600    .bss                os_core.o
    0x2000207c   0x00000004   PAD
    0x20002080   0x00000400   Zero   RW          439    STACK               startup_stm32f10x_md.o


==============================================================================

Image component sizes


      Code (inc. data)   RO Data    RW Data    ZI Data      Debug   Object Name

       292         14          0          0          0       1523   app.o
       712         24          0          0          0      18164   bsp.o
         0          0          0          0          0         32   core_cm3.o
       192         22          0          0         17      17887   ctrl.o
       312          6          0          0          0       2175   dht11.o
       336         14          0          0          0       1362   lora.o
       200         62          0         12       2572     274078   main.o
       220         22          0          0          0       1805   misc.o
      3428        284        256         96       5120      20882   os_core.o
       164         32          0          0          0        324   os_cpu_a.o
       212          6          0          2          0      13676   os_cpu_c.o
      2232         38          0          0          0       7316   os_flag.o
       648         14          0          0          0       3524   os_mem.o
      1640         30          0          0          0       5973   os_q.o
      1040         18          0          0          0       4178   os_sem.o
      2182         66          0          0          0       7369   os_task.o
       496         24          0          0          0       1954   os_time.o
      1880        120          0          0          0       6185   os_tmr.o
       392         18          0          0          0       1463   spi.o
        36          8        236          0       1024        816   startup_stm32f10x_md.o
       284         10          0          0          0       2259   stm32f10x_exti.o
      1468         34          0          0          0       8210   stm32f10x_flash.o
       860         38          0          0          0       5733   stm32f10x_gpio.o
       324         30          0         16          0       2183   stm32f10x_it.o
       932         36          0         20          0       8908   stm32f10x_rcc.o
       780         14          0          0          0       6618   stm32f10x_spi.o
      3610         88          0          0          0      22844   stm32f10x_tim.o
       304          4          0          0          0       3433   sx1276-hal.o
      2172        146        204         64        256      20037   sx1276-lora.o
      1824         20          0          0          0       7880   sx1276-loramisc.o
       324         18          0          2        112       3924   sx1276.o
       576         38          0         20          0       2199   system_stm32f10x.o

    ----------------------------------------------------------------------
     30076       1298        728        236       9108     484914   Object Totals
         0          0         32          0          0          0   (incl. Generated)
         4          0          0          4          7          0   (incl. Padding)

    ----------------------------------------------------------------------

      Code (inc. data)   RO Data    RW Data    ZI Data      Debug   Library Member Name

         0          0          0          0          0          0   entry.o
         0          0          0          0          0          0   entry10a.o
         0          0          0          0          0          0   entry11a.o
         8          4          0          0          0          0   entry2.o
         4          0          0          0          0          0   entry5.o
         0          0          0          0          0          0   entry7b.o
         0          0          0          0          0          0   entry8b.o
         8          4          0          0          0          0   entry9a.o
        30          0          0          0          0          0   handlers.o
        36          8          0          0          0         68   init.o
         0          0          0          0          0          0   iusefp.o
        30          0          0          0          0         68   llshl.o
        36          0          0          0          0         68   llsshr.o
        32          0          0          0          0         68   llushr.o
        36          0          0          0          0         68   memcpya.o
        36          0          0          0          0        108   memseta.o
       334          0          0          0          0        148   dadd.o
       222          0          0          0          0        100   ddiv.o
       186          0          0          0          0        176   depilogue.o
        50          0          0          0          0         76   dfixui.o
        34          0          0          0          0         76   dflti.o
        26          0          0          0          0         76   dfltui.o
       228          0          0          0          0         96   dmul.o

    ----------------------------------------------------------------------
      1340         16          0          0          0       1196   Library Totals
         4          0          0          0          0          0   (incl. Padding)

    ----------------------------------------------------------------------

      Code (inc. data)   RO Data    RW Data    ZI Data      Debug   Library Name

       256         16          0          0          0        448   mc_w.l
      1080          0          0          0          0        748   mf_w.l

    ----------------------------------------------------------------------
      1340         16          0          0          0       1196   Library Totals

    ----------------------------------------------------------------------

==============================================================================


      Code (inc. data)   RO Data    RW Data    ZI Data      Debug   

     31416       1314        728        236       9108     482622   Grand Totals
     31416       1314        728        236       9108     482622   ELF Image Totals
     31416       1314        728        236          0          0   ROM Totals

==============================================================================

    Total RO  Size (Code + RO Data)                32144 (  31.39kB)
    Total RW  Size (RW Data + ZI Data)              9344 (   9.13kB)
    Total ROM Size (Code + RO Data + RW Data)      32380 (  31.62kB)

==============================================================================

