Component: ARM Compiler 5.06 update 3 (build 300) Tool: armlink [4d35c9]

==============================================================================

Section Cross References

    main.o(.text) refers to os_task.o(.text) for OSTaskCreate
    main.o(.text) refers to os_q.o(.text) for OSQCreate
    main.o(.text) refers to bsp.o(.text) for bsp_init
    main.o(.text) refers to os_core.o(.text) for OSInit
    main.o(.text) refers to main.o(.bss) for .bss
    main.o(.text) refers to app.o(.text) for task_led
    main.o(.text) refers to lora.o(.text) for task_lora
    main.o(.text) refers to ctrl.o(.text) for task_ctrl
    main.o(.text) refers to main.o(.data) for .data
    stm32f10x_it.o(.text) refers to os_cpu_a.o(.text) for OS_CPU_SR_Save
    stm32f10x_it.o(.text) refers to os_core.o(.text) for OSTimeTick
    stm32f10x_it.o(.text) refers to stm32f10x_tim.o(.text) for TIM_GetITStatus
    stm32f10x_it.o(.text) refers to stm32f10x_exti.o(.text) for EXTI_GetITStatus
    stm32f10x_it.o(.text) refers to stm32f10x_gpio.o(.text) for GPIO_ReadInputDataBit
    stm32f10x_it.o(.text) refers to os_core.o(.data) for OSIntNesting
    stm32f10x_it.o(.text) refers to stm32f10x_it.o(.data) for .data
    app.o(.text) refers to bsp.o(.text) for key_get
    app.o(.text) refers to lora.o(.text) for lora_send
    app.o(.text) refers to os_time.o(.text) for OSTimeDly
    app.o(.text) refers to dht11.o(.text) for dht11_read_data
    app.o(.text) refers to ctrl.o(.bss) for sys_ctrl
    app.o(.text) refers to stm32f10x_it.o(.data) for dat_ready
    ctrl.o(.text) refers to os_q.o(.text) for OSQPend
    ctrl.o(.text) refers to bsp.o(.text) for relay_ctrl
    ctrl.o(.text) refers to lora.o(.text) for lora_send
    ctrl.o(.text) refers to os_time.o(.text) for OSTimeDly
    ctrl.o(.text) refers to main.o(.data) for lora_q
    ctrl.o(.text) refers to ctrl.o(.bss) for .bss
    lora.o(.text) refers to memcpya.o(.text) for __aeabi_memcpy
    lora.o(.text) refers to app.o(.text) for check_sum
    lora.o(.text) refers to sx1276.o(.text) for SX1276SetTxPacket
    lora.o(.text) refers to os_time.o(.text) for OSTimeDly
    lora.o(.text) refers to os_q.o(.text) for OSQPost
    lora.o(.text) refers to ctrl.o(.bss) for sys_ctrl
    lora.o(.text) refers to main.o(.data) for lora_q
    bsp.o(.text) refers to stm32f10x_gpio.o(.text) for GPIO_WriteBit
    bsp.o(.text) refers to stm32f10x_rcc.o(.text) for RCC_GetClocksFreq
    bsp.o(.text) refers to stm32f10x_tim.o(.text) for TIM_TimeBaseStructInit
    bsp.o(.text) refers to misc.o(.text) for NVIC_PriorityGroupConfig
    bsp.o(.text) refers to stm32f10x_exti.o(.text) for EXTI_Init
    bsp.o(.text) refers to spi.o(.text) for spi1_init
    usart.o(.text) refers to stm32f10x_rcc.o(.text) for RCC_APB2PeriphClockCmd
    usart.o(.text) refers to stm32f10x_gpio.o(.text) for GPIO_Init
    usart.o(.text) refers to stm32f10x_usart.o(.text) for USART_Init
    spi.o(.text) refers to stm32f10x_rcc.o(.text) for RCC_APB1PeriphClockCmd
    spi.o(.text) refers to stm32f10x_gpio.o(.text) for GPIO_Init
    spi.o(.text) refers to stm32f10x_spi.o(.text) for SPI_Init
    dht11.o(.text) refers to stm32f10x_gpio.o(.text) for GPIO_Init
    dht11.o(.text) refers to bsp.o(.text) for delay_us
    dht11.o(.text) refers to app.o(.text) for check_sum
    system_stm32f10x.o(.text) refers to system_stm32f10x.o(.data) for .data
    stm32f10x_pwr.o(.text) refers to stm32f10x_rcc.o(.text) for RCC_APB1PeriphResetCmd
    stm32f10x_rcc.o(.text) refers to stm32f10x_rcc.o(.data) for .data
    stm32f10x_spi.o(.text) refers to stm32f10x_rcc.o(.text) for RCC_APB2PeriphResetCmd
    stm32f10x_tim.o(.text) refers to stm32f10x_rcc.o(.text) for RCC_APB1PeriphResetCmd
    stm32f10x_usart.o(.text) refers to stm32f10x_rcc.o(.text) for RCC_APB2PeriphResetCmd
    stm32f10x_adc.o(.text) refers to stm32f10x_rcc.o(.text) for RCC_APB2PeriphResetCmd
    stm32f10x_bkp.o(.text) refers to stm32f10x_rcc.o(.text) for RCC_BackupResetCmd
    stm32f10x_dac.o(.text) refers to stm32f10x_rcc.o(.text) for RCC_APB1PeriphResetCmd
    stm32f10x_gpio.o(.text) refers to stm32f10x_rcc.o(.text) for RCC_APB2PeriphResetCmd
    stm32f10x_i2c.o(.text) refers to stm32f10x_rcc.o(.text) for RCC_APB1PeriphResetCmd
    startup_stm32f10x_md.o(RESET) refers to startup_stm32f10x_md.o(STACK) for __initial_sp
    startup_stm32f10x_md.o(RESET) refers to startup_stm32f10x_md.o(.text) for Reset_Handler
    startup_stm32f10x_md.o(RESET) refers to stm32f10x_it.o(.text) for NMI_Handler
    startup_stm32f10x_md.o(RESET) refers to os_cpu_a.o(.text) for OS_CPU_PendSVHandler
    startup_stm32f10x_md.o(.text) refers to system_stm32f10x.o(.text) for SystemInit
    startup_stm32f10x_md.o(.text) refers to entry.o(.ARM.Collect$$$$00000000) for __main
    radio.o(.text) refers to radio.o(.bss) for .bss
    sx1276.o(.text) refers to sx1276-lora.o(.text) for SX1276LoRaSetOpMode
    sx1276.o(.text) refers to sx1276-hal.o(.text) for SX1276Write
    sx1276.o(.text) refers to os_time.o(.text) for OSTimeDly
[...]
    os_q.o(.text) refers to os_core.o(.data) for OSIntNesting
    os_q.o(.text) refers to os_core.o(.data) for OSQFreeList
    os_q.o(.text) refers to os_core.o(.bss) for OSQTbl
    os_sem.o(.text) refers to os_cpu_a.o(.text) for OS_CPU_SR_Save
    os_sem.o(.text) refers to os_core.o(.text) for OS_EventWaitListInit
    os_sem.o(.text) refers to os_core.o(.data) for OSIntNesting
    os_task.o(.text) refers to os_cpu_a.o(.text) for OS_CPU_SR_Save
    os_task.o(.text) refers to os_core.o(.text) for OS_Sched
    os_task.o(.text) refers to os_cpu_c.o(.text) for OSTaskStkInit
    os_task.o(.text) refers to os_flag.o(.text) for OS_FlagUnlink
    os_task.o(.text) refers to os_core.o(.bss) for OSTCBPrioTbl
    os_task.o(.text) refers to os_core.o(.data) for OSTCBCur
    os_time.o(.text) refers to os_cpu_a.o(.text) for OS_CPU_SR_Save
    os_time.o(.text) refers to os_core.o(.text) for OS_Sched
    os_time.o(.text) refers to os_core.o(.data) for OSIntNesting
    os_time.o(.text) refers to os_core.o(.bss) for OSTCBPrioTbl
    os_tmr.o(.text) refers to os_core.o(.text) for OS_StrLen
    os_tmr.o(.text) refers to os_core.o(.data) for OSIntNesting
    os_tmr.o(.text) refers to os_core.o(.data) for OSTmrFreeList
    os_tmr.o(.text) refers to os_core.o(.data) for OSTmrUsed
    os_tmr.o(.text) refers to os_core.o(.data) for OSTmrFree
    os_tmr.o(.text) refers to os_core.o(.bss) for OSTmrWheelTbl
    os_tmr.o(.text) refers to os_core.o(.data) for OSTmrTime
    os_tmr.o(.text) refers to os_sem.o(.text) for OSSemPost
    os_tmr.o(.text) refers to os_task.o(.text) for OSTaskCreateExt
    os_tmr.o(.text) refers to os_core.o(.data) for OSTmrSemSignal
    os_tmr.o(.text) refers to os_core.o(.bss) for OSTmrTbl
    os_tmr.o(.text) refers to os_core.o(.data) for OSTmrSem
    os_tmr.o(.text) refers to os_core.o(.bss) for OSTmrTaskStk
    entry.o(.ARM.Collect$$$$00000000) refers (Special) to entry10a.o(.ARM.Collect$$$$0000000D) for __rt_final_cpp
    entry.o(.ARM.Collect$$$$00000000) refers (Special) to entry11a.o(.ARM.Collect$$$$0000000F) for __rt_final_exit
    entry.o(.ARM.Collect$$$$00000000) refers (Special) to entry7b.o(.ARM.Collect$$$$00000008) for _main_clock
    entry.o(.ARM.Collect$$$$00000000) refers (Special) to entry8b.o(.ARM.Collect$$$$0000000A) for _main_cpp_init
    entry.o(.ARM.Collect$$$$00000000) refers (Special) to entry9a.o(.ARM.Collect$$$$0000000B) for _main_init
    entry.o(.ARM.Collect$$$$00000000) refers (Special) to entry5.o(.ARM.Collect$$$$00000004) for _main_scatterload
    entry.o(.ARM.Collect$$$$00000000) refers (Special) to entry2.o(.ARM.Collect$$$$00000001) for _main_stk
    dadd.o(.text) refers (Special) to iusefp.o(.text) for __I$use$fp
    dadd.o(.text) refers to llshl.o(.text) for __aeabi_llsl
    dadd.o(.text) refers to llsshr.o(.text) for __aeabi_lasr
    dadd.o(.text) refers to depilogue.o(.text) for _double_epilogue
    dmul.o(.text) refers (Special) to iusefp.o(.text) for __I$use$fp
    dmul.o(.text) refers to depilogue.o(.text) for _double_epilogue
    ddiv.o(.text) refers (Special) to iusefp.o(.text) for __I$use$fp
    ddiv.o(.text) refers to depilogue.o(.text) for _double_round
    dflti.o(.text) refers (Special) to iusefp.o(.text) for __I$use$fp
    dflti.o(.text) refers to depilogue.o(.text) for _double_epilogue
    dfltui.o(.text) refers (Special) to iusefp.o(.text) for __I$use$fp
    dfltui.o(.text) refers to depilogue.o(.text) for _double_epilogue
    dfixui.o(.text) refers (Special) to iusefp.o(.text) for __I$use$fp
    dfixui.o(.text) refers to llushr.o(.text) for __aeabi_llsr
    entry2.o(.ARM.Collect$$$$00000001) refers to entry2.o(.ARM.Collect$$$$00002712) for __lit__00000000
    entry2.o(.ARM.Collect$$$$00002712) refers to startup_stm32f10x_md.o(STACK) for __initial_sp
    entry2.o(__vectab_stack_and_reset_area) refers to startup_stm32f10x_md.o(STACK) for __initial_sp
    entry2.o(__vectab_stack_and_reset_area) refers to entry.o(.ARM.Collect$$$$00000000) for __main
    entry5.o(.ARM.Collect$$$$00000004) refers to init.o(.text) for __scatterload
    entry9a.o(.ARM.Collect$$$$0000000B) refers to main.o(.text) for main
    entry9b.o(.ARM.Collect$$$$0000000C) refers to main.o(.text) for main
    depilogue.o(.text) refers to llshl.o(.text) for __aeabi_llsl
    depilogue.o(.text) refers to llushr.o(.text) for __aeabi_llsr
    init.o(.text) refers to entry5.o(.ARM.Collect$$$$00000004) for __main_after_scatterload


==============================================================================

Removing Unused input sections from the image.

    Removing main.o(.data), (4 bytes).
    Removing usart.o(.text), (184 bytes).
    Removing core_cm3.o(.emb_text), (32 bytes).
    Removing stm32f10x_pwr.o(.text), (172 bytes).
    Removing stm32f10x_rtc.o(.text), (272 bytes).
    Removing stm32f10x_usart.o(.text), (808 bytes).
    Removing stm32f10x_adc.o(.text), (816 bytes).
    Removing stm32f10x_bkp.o(.text), (152 bytes).
    Removing stm32f10x_dac.o(.text), (252 bytes).
    Removing stm32f10x_dma.o(.text), (456 bytes).
    Removing stm32f10x_i2c.o(.text), (808 bytes).
    Removing startup_stm32f10x_md.o(HEAP), (512 bytes).
    Removing fifo.o(.text), (128 bytes).
    Removing radio.o(.text), (8 bytes).
    Removing radio.o(.bss), (24 bytes).
    Removing os_dbg.o(.constdata), (2 bytes).
    Removing os_mbox.o(.text), (928 bytes).
    Removing os_mutex.o(.text), (1368 bytes).

18 unused section(s) (total 6926 bytes) removed from the image.

==============================================================================

Image Symbol Table

    Local Symbols

    Symbol Name                              Value     Ov Type        Size  Object(Section)

    ../clib/microlib/init/entry.s            0x00000000   Number         0  entry11a.o ABSOLUTE
    ../clib/microlib/init/entry.s            0x00000000   Number         0  entry10b.o ABSOLUTE
    ../clib/microlib/init/entry.s            0x00000000   Number         0  entry2.o ABSOLUTE
    ../clib/microlib/init/entry.s            0x00000000   Number         0  entry5.o ABSOLUTE
    ../clib/microlib/init/entry.s            0x00000000   Number         0  entry10a.o ABSOLUTE
    ../clib/microlib/init/entry.s            0x00000000   Number         0  entry7a.o ABSOLUTE
    ../clib/microlib/init/entry.s            0x00000000   Number         0  entry9b.o ABSOLUTE
    ../clib/microlib/init/entry.s            0x00000000   Number         0  entry7b.o ABSOLUTE
    ../clib/microlib/init/entry.s            0x00000000   Number         0  entry8a.o ABSOLUTE
    ../clib/microlib/init/entry.s            0x00000000   Number         0  entry.o ABSOLUTE
    ../clib/microlib/init/entry.s            0x00000000   Number         0  entry8b.o ABSOLUTE
    ../clib/microlib/init/entry.s            0x00000000   Number         0  entry9a.o ABSOLUTE
    ../clib/microlib/init/entry.s            0x00000000   Number         0  entry11b.o ABSOLUTE
    ../clib/microlib/longlong.c              0x00000000   Number         0  llsshr.o ABSOLUTE
    ../clib/microlib/longlong.c              0x00000000   Number         0  llushr.o ABSOLUTE
    ../clib/microlib/longlong.c              0x00000000   Number         0  llshl.o ABSOLUTE
    ../clib/microlib/string/memcpy.c         0x00000000   Number         0  memcpyb.o ABSOLUTE
    ../clib/microlib/string/memcpy.c         0x00000000   Number         0  memcpya.o ABSOLUTE
    ../clib/microlib/string/memset.c         0x00000000   Number         0  memseta.o ABSOLUTE
    ../clib/microlib/stubs.s                 0x00000000   Number         0  iusefp.o ABSOLUTE
    ../fplib/microlib/fpadd.c                0x00000000   Number         0  dadd.o ABSOLUTE
    ../fplib/microlib/fpdiv.c                0x00000000   Number         0  ddiv.o ABSOLUTE
    ../fplib/microlib/fpepilogue.c           0x00000000   Number         0  depilogue.o ABSOLUTE
    ../fplib/microlib/fpfix.c                0x00000000   Number         0  dfixui.o ABSOLUTE
    ../fplib/microlib/fpflt.c                0x00000000   Number         0  dfltui.o ABSOLUTE
    ../fplib/microlib/fpflt.c                0x00000000   Number         0  dflti.o ABSOLUTE
    ../fplib/microlib/fpmul.c                0x00000000   Number         0  dmul.o ABSOLUTE
    ..\User\main.c                           0x00000000   Number         0  main.o ABSOLUTE
    ..\User\stm32f10x_it.c                   0x00000000   Number         0  stm32f10x_it.o ABSOLUTE
    ..\\stm32lib\\CMSIS\\CM3\\CoreSupport\\core_cm3.c 0x00000000   Number         0  core_cm3.o ABSOLUTE
    ..\app\app.c                             0x00000000   Number         0  app.o ABSOLUTE
    ..\app\ctrl.c                            0x00000000   Number         0  ctrl.o ABSOLUTE
    ..\app\lora.c                            0x00000000   Number         0  lora.o ABSOLUTE
    ..\bsp\bsp.c                             0x00000000   Number         0  bsp.o ABSOLUTE
    ..\bsp\dht11.c                           0x00000000   Number         0  dht11.o ABSOLUTE
    ..\bsp\spi.c                             0x00000000   Number         0  spi.o ABSOLUTE
    ..\bsp\usart.c                           0x00000000   Number         0  usart.o ABSOLUTE
    ..\lora\fifo.c                           0x00000000   Number         0  fifo.o ABSOLUTE
    ..\lora\radio.c                          0x00000000   Number         0  radio.o ABSOLUTE
    ..\lora\sx1276-Hal.c                     0x00000000   Number         0  sx1276-hal.o ABSOLUTE
    ..\lora\sx1276-LoRa.c                    0x00000000   Number         0  sx1276-lora.o ABSOLUTE
    ..\lora\sx1276-LoRaMisc.c                0x00000000   Number         0  sx1276-loramisc.o ABSOLUTE
    ..\lora\sx1276.c                         0x00000000   Number         0  sx1276.o ABSOLUTE
    ..\stm32lib\CMSIS\CM3\CoreSupport\core_cm3.c 0x00000000   Number         0  core_cm3.o ABSOLUTE
    ..\stm32lib\CMSIS\CM3\DeviceSupport\ST\STM32F10x\system_stm32f10x.c 0x00000000   Number         0  system_stm32f10x.o ABSOLUTE
    ..\stm32lib\Libraries\src\misc.c         0x00000000   Number         0  misc.o ABSOLUTE
    ..\stm32lib\Libraries\src\stm32f10x_adc.c 0x00000000   Number         0  stm32f10x_adc.o ABSOLUTE
    ..\stm32lib\Libraries\src\stm32f10x_bkp.c 0x00000000   Number         0  stm32f10x_bkp.o ABSOLUTE
    ..\stm32lib\Libraries\src\stm32f10x_dac.c 0x00000000   Number         0  stm32f10x_dac.o ABSOLUTE
    ..\stm32lib\Libraries\src\stm32f10x_dma.c 0x00000000   Number         0  stm32f10x_dma.o ABSOLUTE
    ..\stm32lib\Libraries\src\stm32f10x_exti.c 0x00000000   Number         0  stm32f10x_exti.o ABSOLUTE
    ..\stm32lib\Libraries\src\stm32f10x_gpio.c 0x00000000   Number         0  stm32f10x_gpio.o ABSOLUTE
    ..\stm32lib\Libraries\src\stm32f10x_i2c.c 0x00000000   Number         0  stm32f10x_i2c.o ABSOLUTE
    ..\stm32lib\Libraries\src\stm32f10x_pwr.c 0x00000000   Number         0  stm32f10x_pwr.o ABSOLUTE
    ..\stm32lib\Libraries\src\stm32f10x_rcc.c 0x00000000   Number         0  stm32f10x_rcc.o ABSOLUTE
    ..\stm32lib\Libraries\src\stm32f10x_rtc.c 0x00000000   Number         0  stm32f10x_rtc.o ABSOLUTE
    ..\stm32lib\Libraries\src\stm32f10x_spi.c 0x00000000   Number         0  stm32f10x_spi.o ABSOLUTE
    ..\stm32lib\Libraries\src\stm32f10x_tim.c 0x00000000   Number         0  stm32f10x_tim.o ABSOLUTE
    ..\stm32lib\Libraries\src\stm32f10x_usart.c 0x00000000   Number         0  stm32f10x_usart.o ABSOLUTE
    ..\stm32lib\Startup\startup_stm32f10x_md.s 0x00000000   Number         0  startup_stm32f10x_md.o ABSOLUTE
    ..\ucosii\Ports\os_cpu_a.asm             0x00000000   Number         0  os_cpu_a.o ABSOLUTE
    ..\ucosii\Ports\os_cpu_c.c               0x00000000   Number         0  os_cpu_c.o ABSOLUTE
    ..\ucosii\Ports\os_dbg.c                 0x00000000   Number         0  os_dbg.o ABSOLUTE
    ..\ucosii\Source\os_core.c               0x00000000   Number         0  os_core.o ABSOLUTE
    ..\ucosii\Source\os_flag.c               0x00000000   Number         0  os_flag.o ABSOLUTE
    ..\ucosii\Source\os_mbox.c               0x00000000   Number         0  os_mbox.o ABSOLUTE
    ..\ucosii\Source\os_mem.c                0x00000000   Number         0  os_mem.o ABSOLUTE
    ..\ucosii\Source\os_mutex.c              0x00000000   Number         0  os_mutex.o ABSOLUTE
    ..\ucosii\Source\os_q.c                  0x00000000   Number         0  os_q.o ABSOLUTE
    ..\ucosii\Source\os_sem.c                0x00000000   Number         0  os_sem.o ABSOLUTE
    ..\ucosii\Source\os_task.c               0x00000000   Number         0  os_task.o ABSOLUTE
    ..\ucosii\Source\os_time.c               0x00000000   Number         0  os_time.o ABSOLUTE
    ..\ucosii\Source\os_tmr.c                0x00000000   Number         0  os_tmr.o ABSOLUTE
    dc.s                                     0x00000000   Number         0  dc.o ABSOLUTE
    handlers.s                               0x00000000   Number         0  handlers.o ABSOLUTE
    init.s                                   0x00000000   Number         0  init.o ABSOLUTE
    RESET                                    0x08004000   Section      236  startup_stm32f10x_md.o(RESET)
    .ARM.Collect$$$$00000000                 0x080040ec   Section        0  entry.o(.ARM.Collect$$$$00000000)
    .ARM.Collect$$$$00000001                 0x080040ec   Section        4  entry2.o(.ARM.Collect$$$$00000001)
    .ARM.Collect$$$$00000004                 0x080040f0   Section        4  entry5.o(.ARM.Collect$$$$00000004)
    .ARM.Collect$$$$00000008                 0x080040f4   Section        0  entry7b.o(.ARM.Collect$$$$00000008)
    .ARM.Collect$$$$0000000A                 0x080040f4   Section        0  entry8b.o(.ARM.Collect$$$$0000000A)
    .ARM.Collect$$$$0000000B                 0x080040f4   Section        8  entry9a.o(.ARM.Collect$$$$0000000B)
    .ARM.Collect$$$$0000000D                 0x080040fc   Section        0  entry10a.o(.ARM.Collect$$$$0000000D)
    .ARM.Collect$$$$0000000F                 0x080040fc   Section        0  entry11a.o(.ARM.Collect$$$$0000000F)
    .ARM.Collect$$$$00002712                 0x080040fc   Section        4  entry2.o(.ARM.Collect$$$$00002712)
    __lit__00000000                          0x080040fc   Data           4  entry2.o(.ARM.Collect$$$$00002712)
    .text                                    0x08004100   Section        0  main.o(.text)
    task_start                               0x08004101   Thumb Code    74  main.o(.text)
    .text                                    0x080041a4   Section        0  stm32f10x_it.o(.text)
    .text                                    0x0800429c   Section        0  app.o(.text)
    .text                                    0x0800439c   Section        0  ctrl.o(.text)
    .text                                    0x08004428   Section        0  lora.o(.text)
    .text                                    0x08004534   Section        0  bsp.o(.text)
    .text                                    0x08004778   Section        0  spi.o(.text)
    .text                                    0x080048d0   Section        0  dht11.o(.text)
    .text                                    0x080049fc   Section        0  system_stm32f10x.o(.text)
    SetSysClockTo72                          0x08004a41   Thumb Code   160  system_stm32f10x.o(.text)
    .text                                    0x08004b94   Section        0  stm32f10x_rcc.o(.text)
    .text                                    0x08004e48   Section        0  stm32f10x_spi.o(.text)
    .text                                    0x080050bc   Section        0  stm32f10x_tim.o(.text)
    TI2_Config                               0x0800544f   Thumb Code   166  stm32f10x_tim.o(.text)
    TI1_Config                               0x08005505   Thumb Code    88  stm32f10x_tim.o(.text)
    .text                                    0x08005bb0   Section        0  misc.o(.text)
    .text                                    0x08005c60   Section        0  stm32f10x_exti.o(.text)
    .text                                    0x08005d48   Section        0  stm32f10x_gpio.o(.text)
    .text                                    0x08005fb4   Section       36  startup_stm32f10x_md.o(.text)
    .text                                    0x08005fd8   Section        0  sx1276.o(.text)
    .text                                    0x080060ac   Section        0  sx1276-hal.o(.text)
    .text                                    0x080061b0   Section        0  sx1276-lora.o(.text)
    .text                                    0x0800678c   Section        0  sx1276-loramisc.o(.text)
    .text                                    0x08006ce4   Section      164  os_cpu_a.o(.text)
    .text                                    0x08006d88   Section        0  os_cpu_c.o(.text)
    .text                                    0x08006e30   Section        0  os_core.o(.text)
    OS_SchedNew                              0x08007769   Thumb Code    24  os_core.o(.text)
    .text                                    0x0800778c   Section        0  os_flag.o(.text)
    OS_FlagTaskRdy                           0x0800789b   Thumb Code    72  os_flag.o(.text)
    OS_FlagBlock                             0x08007a63   Thumb Code    86  os_flag.o(.text)
    .text                                    0x08007d80   Section        0  os_mem.o(.text)
    .text                                    0x08007f90   Section        0  os_q.o(.text)
    .text                                    0x080084fc   Section        0  os_sem.o(.text)
    .text                                    0x08008850   Section        0  os_task.o(.text)
    .text                                    0x08008f8c   Section        0  os_time.o(.text)
    .text                                    0x08009124   Section        0  os_tmr.o(.text)
    OSTmr_Free                               0x080091e1   Thumb Code    56  os_tmr.o(.text)
    OSTmr_Unlink                             0x08009219   Thumb Code    58  os_tmr.o(.text)
    OSTmr_Link                               0x080093fb   Thumb Code    66  os_tmr.o(.text)
    OSTmr_Task                               0x08009561   Thumb Code   106  os_tmr.o(.text)
    OSTmr_Unlock                             0x0800968b   Thumb Code     8  os_tmr.o(.text)
    OSTmr_Lock                               0x08009693   Thumb Code    16  os_tmr.o(.text)
    .text                                    0x080096f4   Section        0  memcpya.o(.text)
    .text                                    0x08009718   Section        0  memseta.o(.text)
    .text                                    0x0800973c   Section        0  dadd.o(.text)
    .text                                    0x0800988a   Section        0  dmul.o(.text)
    .text                                    0x0800996e   Section        0  ddiv.o(.text)
    .text                                    0x08009a4c   Section        0  dflti.o(.text)
    .text                                    0x08009a6e   Section        0  dfltui.o(.text)
    .text                                    0x08009a88   Section        0  dfixui.o(.text)
    .text                                    0x08009aba   Section        0  llshl.o(.text)
    .text                                    0x08009ad8   Section        0  llushr.o(.text)
    .text                                    0x08009af8   Section        0  llsshr.o(.text)
    .text                                    0x08009b1c   Section        0  depilogue.o(.text)
    .text                                    0x08009b1c   Section        0  iusefp.o(.text)
    .text                                    0x08009bd8   Section       36  init.o(.text)
    i.__scatterload_copy                     0x08009bfc   Section       14  handlers.o(i.__scatterload_copy)
    i.__scatterload_null                     0x08009c0a   Section        2  handlers.o(i.__scatterload_null)
    i.__scatterload_zeroinit                 0x08009c0c   Section       14  handlers.o(i.__scatterload_zeroinit)
    .constdata                               0x08009c1c   Section      204  sx1276-lora.o(.constdata)
    .constdata                               0x08009ce8   Section      256  os_core.o(.constdata)
    .data                                    0x20000000   Section        4  main.o(.data)
    .data                                    0x20000004   Section       12  stm32f10x_it.o(.data)
    .data                                    0x20000010   Section       20  system_stm32f10x.o(.data)
    .data                                    0x20000024   Section       20  stm32f10x_rcc.o(.data)
    ADCPrescTable                            0x20000024   Data           4  stm32f10x_rcc.o(.data)
    APBAHBPrescTable                         0x20000028   Data          16  stm32f10x_rcc.o(.data)
    .data                                    0x20000038   Section        2  sx1276.o(.data)
    LoRaOn                                   0x20000038   Data           1  sx1276.o(.data)
    LoRaOnState                              0x20000039   Data           1  sx1276.o(.data)
    .data                                    0x20000040   Section       60  sx1276-lora.o(.data)
    RFLRState                                0x20000040   Data           1  sx1276-lora.o(.data)
    RxGain                                   0x20000041   Data           1  sx1276-lora.o(.data)
    opModePrev                               0x20000042   Data           1  sx1276-lora.o(.data)
    antennaSwitchTxOnPrev                    0x20000043   Data           1  sx1276-lora.o(.data)
    RxPacketSnrEstimate                      0x20000044   Data           1  sx1276-lora.o(.data)
    RxPacketSize                             0x20000046   Data           2  sx1276-lora.o(.data)
    TxPacketSize                             0x20000048   Data           2  sx1276-lora.o(.data)
    RxTimeoutTimer                           0x2000004c   Data           4  sx1276-lora.o(.data)
    PacketTimeout                            0x20000054   Data           4  sx1276-lora.o(.data)
    RxPacketRssiValue                        0x20000058   Data           8  sx1276-lora.o(.data)
    .data                                    0x2000007c   Section        2  os_cpu_c.o(.data)
    OSTmrCtr                                 0x2000007c   Data           2  os_cpu_c.o(.data)
    .data                                    0x20000080   Section       60  os_core.o(.data)
    .data                                    0x200000bc   Section        4  os_core.o(.data)
    .data                                    0x200000c0   Section        4  os_core.o(.data)
    .data                                    0x200000c4   Section        4  os_core.o(.data)
    .data                                    0x200000c8   Section        2  os_core.o(.data)
    .data                                    0x200000ca   Section        2  os_core.o(.data)
    .data                                    0x200000cc   Section        4  os_core.o(.data)
    .data                                    0x200000d0   Section        4  os_core.o(.data)
    .data                                    0x200000d4   Section        4  os_core.o(.data)
    .data                                    0x200000d8   Section        4  os_core.o(.data)
    .bss                                     0x200000dc   Section     2060  main.o(.bss)
    task_start_stk                           0x200000dc   Data         256  main.o(.bss)
    task_led_stk                             0x200001dc   Data         512  main.o(.bss)
    task_lora_stk                            0x200003dc   Data         512  main.o(.bss)
    task_ctrl_stk                            0x200005dc   Data         512  main.o(.bss)
    task_ir_stk                              0x200007dc   Data         256  main.o(.bss)
    .bss                                     0x200008e8   Section       17  ctrl.o(.bss)
    .bss                                     0x200008f9   Section      112  sx1276.o(.bss)
    .bss                                     0x20000969   Section      256  sx1276-lora.o(.bss)
    RFBuffer                                 0x20000969   Data         256  sx1276-lora.o(.bss)
    .bss                                     0x20000a6c   Section     3296  os_core.o(.bss)
    .bss                                     0x2000174c   Section      140  os_core.o(.bss)
    .bss                                     0x200017d8   Section      180  os_core.o(.bss)
    .bss                                     0x2000188c   Section       96  os_core.o(.bss)
    .bss                                     0x200018ec   Section      832  os_core.o(.bss)
    .bss                                     0x20001c2c   Section      512  os_core.o(.bss)
    .bss                                     0x20001e2c   Section       64  os_core.o(.bss)
    STACK                                    0x20001e70   Section     1024  startup_stm32f10x_md.o(STACK)

    Global Symbols

    Symbol Name                              Value     Ov Type        Size  Object(Section)

    BuildAttributes$$THM_ISAv4$P$D$K$B$S$PE$A:L22UL41UL21$X:L11$S22US41US21$IEEE1$IW$USESV6$~STKCKD$USESV7$~SHL$OSPACE$ROPI$EBA8$MICROLIB$REQ8$PRES8$EABIv2 0x00000000   Number         0  anon$$obj.o ABSOLUTE
    __ARM_use_no_argv                        0x00000000   Number         0  main.o ABSOLUTE
    __cpp_initialize__aeabi_                  - Undefined Weak Reference
    __cxa_finalize                            - Undefined Weak Reference
    __decompress                              - Undefined Weak Reference
    _clock_init                               - Undefined Weak Reference
    _microlib_exit                            - Undefined Weak Reference
    __Vectors_Size                           0x000000ec   Number         0  startup_stm32f10x_md.o ABSOLUTE
    __Vectors                                0x08004000   Data           4  startup_stm32f10x_md.o(RESET)
    __Vectors_End                            0x080040ec   Data           0  startup_stm32f10x_md.o(RESET)
    __main                                   0x080040ed   Thumb Code     0  entry.o(.ARM.Collect$$$$00000000)
    _main_stk                                0x080040ed   Thumb Code     0  entry2.o(.ARM.Collect$$$$00000001)
    _main_scatterload                        0x080040f1   Thumb Code     0  entry5.o(.ARM.Collect$$$$00000004)
    __main_after_scatterload                 0x080040f5   Thumb Code     0  entry5.o(.ARM.Collect$$$$00000004)
    _main_clock                              0x080040f5   Thumb Code     0  entry7b.o(.ARM.Collect$$$$00000008)
    _main_cpp_init                           0x080040f5   Thumb Code     0  entry8b.o(.ARM.Collect$$$$0000000A)
    _main_init                               0x080040f5   Thumb Code     0  entry9a.o(.ARM.Collect$$$$0000000B)
    __rt_final_cpp                           0x080040fd   Thumb Code     0  entry10a.o(.ARM.Collect$$$$0000000D)
    __rt_final_exit                          0x080040fd   Thumb Code     0  entry11a.o(.ARM.Collect$$$$0000000F)
    main                                     0x0800414b   Thumb Code    36  main.o(.text)
    SysTick_Handler                          0x080041a5   Thumb Code    30  stm32f10x_it.o(.text)
    TIM2_IRQHandler                          0x080041c3   Thumb Code    30  stm32f10x_it.o(.text)
    EXTI1_IRQHandler                         0x080041e1   Thumb Code   158  stm32f10x_it.o(.text)
    RTC_IRQHandler                           0x0800427f   Thumb Code     2  stm32f10x_it.o(.text)
    NMI_Handler                              0x08004281   Thumb Code     2  stm32f10x_it.o(.text)
    HardFault_Handler                        0x08004283   Thumb Code     2  stm32f10x_it.o(.text)
    MemManage_Handler                        0x08004285   Thumb Code     2  stm32f10x_it.o(.text)
    BusFault_Handler                         0x08004287   Thumb Code     2  stm32f10x_it.o(.text)
    UsageFault_Handler                       0x08004289   Thumb Code     2  stm32f10x_it.o(.text)
    SVC_Handler                              0x0800428b   Thumb Code     2  stm32f10x_it.o(.text)
    DebugMon_Handler                         0x0800428d   Thumb Code     2  stm32f10x_it.o(.text)
    PendSV_Handler                           0x0800428f   Thumb Code     2  stm32f10x_it.o(.text)
    check_sum                                0x0800429d   Thumb Code    26  app.o(.text)
    task_led                                 0x080042b7   Thumb Code   106  app.o(.text)
    task_dht11                               0x08004321   Thumb Code    32  app.o(.text)
    task_ir                                  0x08004341   Thumb Code    78  app.o(.text)
    task_ctrl                                0x0800439d   Thumb Code   124  ctrl.o(.text)
    lora_send                                0x08004429   Thumb Code    74  lora.o(.text)
    task_lora                                0x08004473   Thumb Code   184  lora.o(.text)
    relay_ctrl                               0x08004535   Thumb Code    12  bsp.o(.text)
    led_ctrl                                 0x08004541   Thumb Code    14  bsp.o(.text)
    key_get                                  0x0800454f   Thumb Code    20  bsp.o(.text)
    systick_init                             0x08004563   Thumb Code    58  bsp.o(.text)
    delay_init                               0x0800459d   Thumb Code    68  bsp.o(.text)
    delay_us                                 0x080045e1   Thumb Code    44  bsp.o(.text)
    timer_init                               0x0800460d   Thumb Code    62  bsp.o(.text)
    nvic_init                                0x0800464b   Thumb Code    88  bsp.o(.text)
    gpio_init                                0x080046a3   Thumb Code   120  bsp.o(.text)
    exit_init                                0x0800471b   Thumb Code    48  bsp.o(.text)
    bsp_init                                 0x0800474b   Thumb Code    28  bsp.o(.text)
    spi2_init                                0x08004779   Thumb Code   112  spi.o(.text)
    spi1_init                                0x080047e9   Thumb Code   108  spi.o(.text)
    spi_read_write_byte                      0x08004855   Thumb Code    50  spi.o(.text)
    spi2_read_write_byte                     0x08004887   Thumb Code    56  spi.o(.text)
    dht11_gpio_input                         0x080048d1   Thumb Code    30  dht11.o(.text)
    dht11_gpio_output                        0x080048ef   Thumb Code    30  dht11.o(.text)
    dht11_reset                              0x0800490d   Thumb Code    44  dht11.o(.text)
    dht11_scan                               0x08004939   Thumb Code     8  dht11.o(.text)
    dht11_read_bit                           0x08004941   Thumb Code    54  dht11.o(.text)
    dht11_read_byte                          0x08004977   Thumb Code    30  dht11.o(.text)
    dht11_read_data                          0x08004995   Thumb Code   100  dht11.o(.text)
    SystemInit                               0x080049fd   Thumb Code    68  system_stm32f10x.o(.text)
    SystemInitx                              0x08004ae1   Thumb Code    64  system_stm32f10x.o(.text)
    SystemCoreClockUpdate                    0x08004b21   Thumb Code    84  system_stm32f10x.o(.text)
    RCC_DeInit                               0x08004b95   Thumb Code    50  stm32f10x_rcc.o(.text)
    RCC_HSEConfig                            0x08004bc7   Thumb Code    48  stm32f10x_rcc.o(.text)
    RCC_GetFlagStatus                        0x08004bf7   Thumb Code    42  stm32f10x_rcc.o(.text)
    RCC_WaitForHSEStartUp                    0x08004c21   Thumb Code    44  stm32f10x_rcc.o(.text)
    RCC_AdjustHSICalibrationValue            0x08004c4d   Thumb Code    16  stm32f10x_rcc.o(.text)
    RCC_HSICmd                               0x08004c5d   Thumb Code     6  stm32f10x_rcc.o(.text)
    RCC_PLLConfig                            0x08004c63   Thumb Code    16  stm32f10x_rcc.o(.text)
    RCC_PLLCmd                               0x08004c73   Thumb Code     6  stm32f10x_rcc.o(.text)
    RCC_SYSCLKConfig                         0x08004c79   Thumb Code    14  stm32f10x_rcc.o(.text)
    RCC_GetSYSCLKSource                      0x08004c87   Thumb Code    10  stm32f10x_rcc.o(.text)
    RCC_HCLKConfig                           0x08004c91   Thumb Code    14  stm32f10x_rcc.o(.text)
    RCC_PCLK1Config                          0x08004c9f   Thumb Code    14  stm32f10x_rcc.o(.text)
    RCC_PCLK2Config                          0x08004cad   Thumb Code    16  stm32f10x_rcc.o(.text)
    RCC_ITConfig                             0x08004cbd   Thumb Code    18  stm32f10x_rcc.o(.text)
    RCC_USBCLKConfig                         0x08004ccf   Thumb Code     8  stm32f10x_rcc.o(.text)
    RCC_ADCCLKConfig                         0x08004cd7   Thumb Code    14  stm32f10x_rcc.o(.text)
    RCC_LSEConfig                            0x08004ce5   Thumb Code    28  stm32f10x_rcc.o(.text)
    RCC_LSICmd                               0x08004d01   Thumb Code     6  stm32f10x_rcc.o(.text)
    RCC_RTCCLKConfig                         0x08004d07   Thumb Code    10  stm32f10x_rcc.o(.text)
    RCC_RTCCLKCmd                            0x08004d11   Thumb Code     8  stm32f10x_rcc.o(.text)
    RCC_GetClocksFreq                        0x08004d19   Thumb Code   128  stm32f10x_rcc.o(.text)
    RCC_AHBPeriphClockCmd                    0x08004d99   Thumb Code    18  stm32f10x_rcc.o(.text)
    RCC_APB2PeriphClockCmd                   0x08004dab   Thumb Code    18  stm32f10x_rcc.o(.text)
    RCC_APB1PeriphClockCmd                   0x08004dbd   Thumb Code    18  stm32f10x_rcc.o(.text)
    RCC_APB2PeriphResetCmd                   0x08004dcf   Thumb Code    18  stm32f10x_rcc.o(.text)
    RCC_APB1PeriphResetCmd                   0x08004de1   Thumb Code    18  stm32f10x_rcc.o(.text)
    RCC_BackupResetCmd                       0x08004df3   Thumb Code     8  stm32f10x_rcc.o(.text)
    RCC_ClockSecuritySystemCmd               0x08004dfb   Thumb Code     6  stm32f10x_rcc.o(.text)
    RCC_MCOConfig                            0x08004e01   Thumb Code     6  stm32f10x_rcc.o(.text)
    RCC_ClearFlag                            0x08004e07   Thumb Code    12  stm32f10x_rcc.o(.text)
    RCC_GetITStatus                          0x08004e13   Thumb Code    16  stm32f10x_rcc.o(.text)
    RCC_ClearITPendingBit                    0x08004e23   Thumb Code     6  stm32f10x_rcc.o(.text)
    SPI_I2S_DeInit                           0x08004e49   Thumb Code    72  stm32f10x_spi.o(.text)
    SPI_Init                                 0x08004e91   Thumb Code    56  stm32f10x_spi.o(.text)
    I2S_Init                                 0x08004ec9   Thumb Code   152  stm32f10x_spi.o(.text)
    SPI_StructInit                           0x08004f61   Thumb Code    24  stm32f10x_spi.o(.text)
    I2S_StructInit                           0x08004f79   Thumb Code    18  stm32f10x_spi.o(.text)
    SPI_Cmd                                  0x08004f8b   Thumb Code    20  stm32f10x_spi.o(.text)
    I2S_Cmd                                  0x08004f9f   Thumb Code    20  stm32f10x_spi.o(.text)
    SPI_I2S_ITConfig                         0x08004fb3   Thumb Code    24  stm32f10x_spi.o(.text)
    SPI_I2S_DMACmd                           0x08004fcb   Thumb Code    16  stm32f10x_spi.o(.text)
    SPI_I2S_SendData                         0x08004fdb   Thumb Code     4  stm32f10x_spi.o(.text)
    SPI_I2S_ReceiveData                      0x08004fdf   Thumb Code     4  stm32f10x_spi.o(.text)
    SPI_NSSInternalSoftwareConfig            0x08004fe3   Thumb Code    24  stm32f10x_spi.o(.text)
    SPI_SSOutputCmd                          0x08004ffb   Thumb Code    20  stm32f10x_spi.o(.text)
    SPI_DataSizeConfig                       0x0800500f   Thumb Code    16  stm32f10x_spi.o(.text)
    SPI_TransmitCRC                          0x0800501f   Thumb Code    10  stm32f10x_spi.o(.text)
    SPI_CalculateCRC                         0x08005029   Thumb Code    20  stm32f10x_spi.o(.text)
    SPI_GetCRC                               0x0800503d   Thumb Code    12  stm32f10x_spi.o(.text)
    SPI_GetCRCPolynomial                     0x08005049   Thumb Code     4  stm32f10x_spi.o(.text)
    SPI_BiDirectionalLineConfig              0x0800504d   Thumb Code    22  stm32f10x_spi.o(.text)
    SPI_I2S_GetFlagStatus                    0x08005063   Thumb Code    14  stm32f10x_spi.o(.text)
    SPI_I2S_ClearFlag                        0x08005071   Thumb Code     6  stm32f10x_spi.o(.text)
    SPI_I2S_GetITStatus                      0x08005077   Thumb Code    42  stm32f10x_spi.o(.text)
    SPI_I2S_ClearITPendingBit                0x080050a1   Thumb Code    14  stm32f10x_spi.o(.text)
    TIM_DeInit                               0x080050bd   Thumb Code   304  stm32f10x_tim.o(.text)
    TIM_TimeBaseInit                         0x080051ed   Thumb Code   114  stm32f10x_tim.o(.text)
    TIM_OC1Init                              0x0800525f   Thumb Code   106  stm32f10x_tim.o(.text)
    TIM_OC2Init                              0x080052c9   Thumb Code   120  stm32f10x_tim.o(.text)
    TIM_OC3Init                              0x08005341   Thumb Code   116  stm32f10x_tim.o(.text)
    TIM_OC4Init                              0x080053b5   Thumb Code    90  stm32f10x_tim.o(.text)
    TIM_SetIC4Prescaler                      0x0800540f   Thumb Code    24  stm32f10x_tim.o(.text)
    TIM_SetIC3Prescaler                      0x08005427   Thumb Code    16  stm32f10x_tim.o(.text)
    TIM_SetIC2Prescaler                      0x08005437   Thumb Code    24  stm32f10x_tim.o(.text)
    TIM_SetIC1Prescaler                      0x080054f5   Thumb Code    16  stm32f10x_tim.o(.text)
    TIM_ICInit                               0x0800555d   Thumb Code   272  stm32f10x_tim.o(.text)
    TIM_PWMIConfig                           0x0800566d   Thumb Code   104  stm32f10x_tim.o(.text)
    TIM_BDTRConfig                           0x080056d5   Thumb Code    34  stm32f10x_tim.o(.text)
    TIM_TimeBaseStructInit                   0x080056f7   Thumb Code    18  stm32f10x_tim.o(.text)
    TIM_OCStructInit                         0x08005709   Thumb Code    20  stm32f10x_tim.o(.text)
    TIM_ICStructInit                         0x0800571d   Thumb Code    16  stm32f10x_tim.o(.text)
    TIM_BDTRStructInit                       0x0800572d   Thumb Code    18  stm32f10x_tim.o(.text)
    TIM_Cmd                                  0x0800573f   Thumb Code    20  stm32f10x_tim.o(.text)
    TIM_CtrlPWMOutputs                       0x08005753   Thumb Code    22  stm32f10x_tim.o(.text)
    TIM_ITConfig                             0x08005769   Thumb Code    16  stm32f10x_tim.o(.text)
    TIM_GenerateEvent                        0x08005779   Thumb Code     4  stm32f10x_tim.o(.text)
    TIM_DMAConfig                            0x0800577d   Thumb Code     8  stm32f10x_tim.o(.text)
    TIM_DMACmd                               0x08005785   Thumb Code    16  stm32f10x_tim.o(.text)
    TIM_InternalClockConfig                  0x08005795   Thumb Code    10  stm32f10x_tim.o(.text)
    TIM_SelectInputTrigger                   0x0800579f   Thumb Code    12  stm32f10x_tim.o(.text)
    TIM_ITRxExternalClockConfig              0x080057ab   Thumb Code    18  stm32f10x_tim.o(.text)
    TIM_TIxExternalClockConfig               0x080057bd   Thumb Code    46  stm32f10x_tim.o(.text)
    TIM_ETRConfig                            0x080057eb   Thumb Code    24  stm32f10x_tim.o(.text)
    TIM_ETRClockMode1Config                  0x08005803   Thumb Code    18  stm32f10x_tim.o(.text)
    TIM_ETRClockMode2Config                  0x08005815   Thumb Code    18  stm32f10x_tim.o(.text)
    TIM_PrescalerConfig                      0x08005827   Thumb Code     6  stm32f10x_tim.o(.text)
    TIM_CounterModeConfig                    0x0800582d   Thumb Code    12  stm32f10x_tim.o(.text)
    TIM_EncoderInterfaceConfig               0x08005839   Thumb Code    50  stm32f10x_tim.o(.text)
    TIM_ForcedOC1Config                      0x0800586b   Thumb Code    12  stm32f10x_tim.o(.text)
    TIM_ForcedOC2Config                      0x08005877   Thumb Code    20  stm32f10x_tim.o(.text)
    TIM_ForcedOC3Config                      0x0800588b   Thumb Code    12  stm32f10x_tim.o(.text)
    TIM_ForcedOC4Config                      0x08005897   Thumb Code    20  stm32f10x_tim.o(.text)
    TIM_ARRPreloadConfig                     0x080058ab   Thumb Code    20  stm32f10x_tim.o(.text)
    TIM_SelectCOM                            0x080058bf   Thumb Code    20  stm32f10x_tim.o(.text)
    TIM_SelectCCDMA                          0x080058d3   Thumb Code    20  stm32f10x_tim.o(.text)
    TIM_CCPreloadControl                     0x080058e7   Thumb Code    20  stm32f10x_tim.o(.text)
    TIM_OC1PreloadConfig                     0x080058fb   Thumb Code    34  stm32f10x_tim.o(.text)
    TIM_OC2PreloadConfig                     0x0800591d   Thumb Code    20  stm32f10x_tim.o(.text)
    TIM_OC3PreloadConfig                     0x08005931   Thumb Code    12  stm32f10x_tim.o(.text)
    TIM_OC4PreloadConfig                     0x0800593d   Thumb Code    20  stm32f10x_tim.o(.text)
    TIM_OC1FastConfig                        0x08005951   Thumb Code    12  stm32f10x_tim.o(.text)
    TIM_OC2FastConfig                        0x0800595d   Thumb Code    20  stm32f10x_tim.o(.text)
    TIM_OC3FastConfig                        0x08005971   Thumb Code    12  stm32f10x_tim.o(.text)
    TIM_OC4FastConfig                        0x0800597d   Thumb Code    20  stm32f10x_tim.o(.text)
    TIM_ClearOC1Ref                          0x08005991   Thumb Code    12  stm32f10x_tim.o(.text)
    TIM_ClearOC2Ref                          0x0800599d   Thumb Code    20  stm32f10x_tim.o(.text)
    TIM_ClearOC3Ref                          0x080059b1   Thumb Code    12  stm32f10x_tim.o(.text)
    TIM_ClearOC4Ref                          0x080059bd   Thumb Code    20  stm32f10x_tim.o(.text)
    TIM_OC1PolarityConfig                    0x080059d1   Thumb Code    12  stm32f10x_tim.o(.text)
    TIM_OC1NPolarityConfig                   0x080059dd   Thumb Code    12  stm32f10x_tim.o(.text)
    TIM_OC2PolarityConfig                    0x080059e9   Thumb Code    20  stm32f10x_tim.o(.text)
    TIM_OC2NPolarityConfig                   0x080059fd   Thumb Code    20  stm32f10x_tim.o(.text)
    TIM_OC3PolarityConfig                    0x08005a11   Thumb Code    20  stm32f10x_tim.o(.text)
    TIM_OC3NPolarityConfig                   0x08005a25   Thumb Code    20  stm32f10x_tim.o(.text)
    TIM_OC4PolarityConfig                    0x08005a39   Thumb Code    20  stm32f10x_tim.o(.text)
    TIM_CCxCmd                               0x08005a4d   Thumb Code    22  stm32f10x_tim.o(.text)
    TIM_CCxNCmd                              0x08005a63   Thumb Code    22  stm32f10x_tim.o(.text)
    TIM_SelectOCxM                           0x08005a79   Thumb Code    70  stm32f10x_tim.o(.text)
    TIM_UpdateDisableConfig                  0x08005abf   Thumb Code    20  stm32f10x_tim.o(.text)
    TIM_UpdateRequestConfig                  0x08005ad3   Thumb Code    20  stm32f10x_tim.o(.text)
    TIM_SelectHallSensor                     0x08005ae7   Thumb Code    20  stm32f10x_tim.o(.text)
    TIM_SelectOnePulseMode                   0x08005afb   Thumb Code    16  stm32f10x_tim.o(.text)
    TIM_SelectOutputTrigger                  0x08005b0b   Thumb Code    16  stm32f10x_tim.o(.text)
    TIM_SelectSlaveMode                      0x08005b1b   Thumb Code    16  stm32f10x_tim.o(.text)
    TIM_SelectMasterSlaveMode                0x08005b2b   Thumb Code    16  stm32f10x_tim.o(.text)
    TIM_SetCounter                           0x08005b3b   Thumb Code     4  stm32f10x_tim.o(.text)
    TIM_SetAutoreload                        0x08005b3f   Thumb Code     4  stm32f10x_tim.o(.text)
    TIM_SetCompare1                          0x08005b43   Thumb Code     4  stm32f10x_tim.o(.text)
    TIM_SetCompare2                          0x08005b47   Thumb Code     4  stm32f10x_tim.o(.text)
    TIM_SetCompare3                          0x08005b4b   Thumb Code     4  stm32f10x_tim.o(.text)
    TIM_SetCompare4                          0x08005b4f   Thumb Code     6  stm32f10x_tim.o(.text)
    TIM_SetClockDivision                     0x08005b55   Thumb Code    16  stm32f10x_tim.o(.text)
    TIM_GetCapture1                          0x08005b65   Thumb Code     4  stm32f10x_tim.o(.text)
    TIM_GetCapture2                          0x08005b69   Thumb Code     4  stm32f10x_tim.o(.text)
    TIM_GetCapture3                          0x08005b6d   Thumb Code     4  stm32f10x_tim.o(.text)
    TIM_GetCapture4                          0x08005b71   Thumb Code     6  stm32f10x_tim.o(.text)
    TIM_GetCounter                           0x08005b77   Thumb Code     4  stm32f10x_tim.o(.text)
    TIM_GetPrescaler                         0x08005b7b   Thumb Code     4  stm32f10x_tim.o(.text)
    TIM_GetFlagStatus                        0x08005b7f   Thumb Code    14  stm32f10x_tim.o(.text)
    TIM_ClearFlag                            0x08005b8d   Thumb Code     6  stm32f10x_tim.o(.text)
    TIM_GetITStatus                          0x08005b93   Thumb Code    24  stm32f10x_tim.o(.text)
    TIM_ClearITPendingBit                    0x08005bab   Thumb Code     6  stm32f10x_tim.o(.text)
    NVIC_PriorityGroupConfig                 0x08005bb1   Thumb Code    10  misc.o(.text)
    NVIC_Init                                0x08005bbb   Thumb Code    94  misc.o(.text)
    NVIC_SetVectorTable                      0x08005c19   Thumb Code    14  misc.o(.text)
    NVIC_SystemLPConfig                      0x08005c27   Thumb Code    20  misc.o(.text)
    SysTick_CLKSourceConfig                  0x08005c3b   Thumb Code    24  misc.o(.text)
    EXTI_DeInit                              0x08005c61   Thumb Code    28  stm32f10x_exti.o(.text)
    EXTI_Init                                0x08005c7d   Thumb Code   108  stm32f10x_exti.o(.text)
    EXTI_StructInit                          0x08005ce9   Thumb Code    14  stm32f10x_exti.o(.text)
    EXTI_GenerateSWInterrupt                 0x08005cf7   Thumb Code    12  stm32f10x_exti.o(.text)
    EXTI_GetFlagStatus                       0x08005d03   Thumb Code    18  stm32f10x_exti.o(.text)
    EXTI_ClearFlag                           0x08005d15   Thumb Code     8  stm32f10x_exti.o(.text)
    EXTI_GetITStatus                         0x08005d1d   Thumb Code    28  stm32f10x_exti.o(.text)
    EXTI_ClearITPendingBit                   0x08005d39   Thumb Code     8  stm32f10x_exti.o(.text)
    GPIO_DeInit                              0x08005d49   Thumb Code   152  stm32f10x_gpio.o(.text)
    GPIO_AFIODeInit                          0x08005de1   Thumb Code    22  stm32f10x_gpio.o(.text)
    GPIO_Init                                0x08005df7   Thumb Code   164  stm32f10x_gpio.o(.text)
    GPIO_StructInit                          0x08005e9b   Thumb Code    16  stm32f10x_gpio.o(.text)
    GPIO_ReadInputDataBit                    0x08005eab   Thumb Code    14  stm32f10x_gpio.o(.text)
    GPIO_ReadInputData                       0x08005eb9   Thumb Code     6  stm32f10x_gpio.o(.text)
    GPIO_ReadOutputDataBit                   0x08005ebf   Thumb Code    14  stm32f10x_gpio.o(.text)
    GPIO_ReadOutputData                      0x08005ecd   Thumb Code     6  stm32f10x_gpio.o(.text)
    GPIO_SetBits                             0x08005ed3   Thumb Code     4  stm32f10x_gpio.o(.text)
    GPIO_ResetBits                           0x08005ed7   Thumb Code     4  stm32f10x_gpio.o(.text)
    GPIO_WriteBit                            0x08005edb   Thumb Code    10  stm32f10x_gpio.o(.text)
    GPIO_Write                               0x08005ee5   Thumb Code     4  stm32f10x_gpio.o(.text)
    GPIO_PinLockConfig                       0x08005ee9   Thumb Code    16  stm32f10x_gpio.o(.text)
    GPIO_EventOutputConfig                   0x08005ef9   Thumb Code    22  stm32f10x_gpio.o(.text)
    GPIO_EventOutputCmd                      0x08005f0f   Thumb Code     6  stm32f10x_gpio.o(.text)
    GPIO_PinRemapConfig                      0x08005f15   Thumb Code    82  stm32f10x_gpio.o(.text)
    GPIO_EXTILineConfig                      0x08005f67   Thumb Code    34  stm32f10x_gpio.o(.text)
    GPIO_ETH_MediaInterfaceConfig            0x08005f89   Thumb Code     8  stm32f10x_gpio.o(.text)
    Reset_Handler                            0x08005fb5   Thumb Code     8  startup_stm32f10x_md.o(.text)
    ADC1_2_IRQHandler                        0x08005fcf   Thumb Code     0  startup_stm32f10x_md.o(.text)
    CAN1_RX1_IRQHandler                      0x08005fcf   Thumb Code     0  startup_stm32f10x_md.o(.text)
    CAN1_SCE_IRQHandler                      0x08005fcf   Thumb Code     0  startup_stm32f10x_md.o(.text)
    DMA1_Channel1_IRQHandler                 0x08005fcf   Thumb Code     0  startup_stm32f10x_md.o(.text)
    DMA1_Channel2_IRQHandler                 0x08005fcf   Thumb Code     0  startup_stm32f10x_md.o(.text)
    DMA1_Channel3_IRQHandler                 0x08005fcf   Thumb Code     0  startup_stm32f10x_md.o(.text)
    DMA1_Channel4_IRQHandler                 0x08005fcf   Thumb Code     0  startup_stm32f10x_md.o(.text)
    DMA1_Channel5_IRQHandler                 0x08005fcf   Thumb Code     0  startup_stm32f10x_md.o(.text)
    DMA1_Channel6_IRQHandler                 0x08005fcf   Thumb Code     0  startup_stm32f10x_md.o(.text)
    DMA1_Channel7_IRQHandler                 0x08005fcf   Thumb Code     0  startup_stm32f10x_md.o(.text)
    EXTI0_IRQHandler                         0x08005fcf   Thumb Code     0  startup_stm32f10x_md.o(.text)
    EXTI15_10_IRQHandler                     0x08005fcf   Thumb Code     0  startup_stm32f10x_md.o(.text)
    EXTI2_IRQHandler                         0x08005fcf   Thumb Code     0  startup_stm32f10x_md.o(.text)
    EXTI3_IRQHandler                         0x08005fcf   Thumb Code     0  startup_stm32f10x_md.o(.text)
    EXTI4_IRQHandler                         0x08005fcf   Thumb Code     0  startup_stm32f10x_md.o(.text)
    EXTI9_5_IRQHandler                       0x08005fcf   Thumb Code     0  startup_stm32f10x_md.o(.text)
    FLASH_IRQHandler                         0x08005fcf   Thumb Code     0  startup_stm32f10x_md.o(.text)
    I2C1_ER_IRQHandler                       0x08005fcf   Thumb Code     0  startup_stm32f10x_md.o(.text)
    I2C1_EV_IRQHandler                       0x08005fcf   Thumb Code     0  startup_stm32f10x_md.o(.text)
    I2C2_ER_IRQHandler                       0x08005fcf   Thumb Code     0  startup_stm32f10x_md.o(.text)
    I2C2_EV_IRQHandler                       0x08005fcf   Thumb Code     0  startup_stm32f10x_md.o(.text)
    PVD_IRQHandler                           0x08005fcf   Thumb Code     0  startup_stm32f10x_md.o(.text)
    RCC_IRQHandler                           0x08005fcf   Thumb Code     0  startup_stm32f10x_md.o(.text)
    RTCAlarm_IRQHandler                      0x08005fcf   Thumb Code     0  startup_stm32f10x_md.o(.text)
    SPI1_IRQHandler                          0x08005fcf   Thumb Code     0  startup_stm32f10x_md.o(.text)
    SPI2_IRQHandler                          0x08005fcf   Thumb Code     0  startup_stm32f10x_md.o(.text)
    TAMPER_IRQHandler                        0x08005fcf   Thumb Code     0  startup_stm32f10x_md.o(.text)
    TIM1_BRK_IRQHandler                      0x08005fcf   Thumb Code     0  startup_stm32f10x_md.o(.text)
    TIM1_CC_IRQHandler                       0x08005fcf   Thumb Code     0  startup_stm32f10x_md.o(.text)
    TIM1_TRG_COM_IRQHandler                  0x08005fcf   Thumb Code     0  startup_stm32f10x_md.o(.text)
    TIM1_UP_IRQHandler                       0x08005fcf   Thumb Code     0  startup_stm32f10x_md.o(.text)
    TIM3_IRQHandler                          0x08005fcf   Thumb Code     0  startup_stm32f10x_md.o(.text)
    TIM4_IRQHandler                          0x08005fcf   Thumb Code     0  startup_stm32f10x_md.o(.text)
    USART1_IRQHandler                        0x08005fcf   Thumb Code     0  startup_stm32f10x_md.o(.text)
    USART2_IRQHandler                        0x08005fcf   Thumb Code     0  startup_stm32f10x_md.o(.text)
    USART3_IRQHandler                        0x08005fcf   Thumb Code     0  startup_stm32f10x_md.o(.text)
    USBWakeUp_IRQHandler                     0x08005fcf   Thumb Code     0  startup_stm32f10x_md.o(.text)
    USB_HP_CAN1_TX_IRQHandler                0x08005fcf   Thumb Code     0  startup_stm32f10x_md.o(.text)
    USB_LP_CAN1_RX0_IRQHandler               0x08005fcf   Thumb Code     0  startup_stm32f10x_md.o(.text)
    WWDG_IRQHandler                          0x08005fcf   Thumb Code     0  startup_stm32f10x_md.o(.text)
    SX1276SetLoRaOn                          0x08005fd9   Thumb Code    76  sx1276.o(.text)
    SX1276Reset                              0x08006025   Thumb Code    30  sx1276.o(.text)
    SX1276Init                               0x08006043   Thumb Code    32  sx1276.o(.text)
    SX1276GetLoRaOn                          0x08006063   Thumb Code     6  sx1276.o(.text)
    SX1276SetOpMode                          0x08006069   Thumb Code     4  sx1276.o(.text)
    SX1276GetOpMode                          0x0800606d   Thumb Code     4  sx1276.o(.text)
    SX1276ReadRssi                           0x08006071   Thumb Code     4  sx1276.o(.text)
    SX1276ReadRxGain                         0x08006075   Thumb Code     4  sx1276.o(.text)
    SX1276GetPacketRxGain                    0x08006079   Thumb Code     4  sx1276.o(.text)
    SX1276GetPacketSnr                       0x0800607d   Thumb Code     4  sx1276.o(.text)
    SX1276GetPacketRssi                      0x08006081   Thumb Code     4  sx1276.o(.text)
    SX1276GetPacketAfc                       0x08006085   Thumb Code     2  sx1276.o(.text)
    SX1276StartRx                            0x08006087   Thumb Code     6  sx1276.o(.text)
    SX1276GetRxPacket                        0x0800608d   Thumb Code     4  sx1276.o(.text)
    SX1276SetTxPacket                        0x08006091   Thumb Code     4  sx1276.o(.text)
    SX1276GetRFState                         0x08006095   Thumb Code     4  sx1276.o(.text)
    SX1276SetRFState                         0x08006099   Thumb Code     4  sx1276.o(.text)
    SX1276Process                            0x0800609d   Thumb Code     4  sx1276.o(.text)
    SX1276InitIo                             0x080060ad   Thumb Code    60  sx1276-hal.o(.text)
    SX1276SetReset                           0x080060e9   Thumb Code    20  sx1276-hal.o(.text)
    SX1276WriteBuffer                        0x080060fd   Thumb Code    58  sx1276-hal.o(.text)
    SX1276Write                              0x08006137   Thumb Code    12  sx1276-hal.o(.text)
    SX1276ReadBuffer                         0x08006143   Thumb Code    60  sx1276-hal.o(.text)
    SX1276Read                               0x0800617f   Thumb Code     4  sx1276-hal.o(.text)
    SX1276WriteFifo                          0x08006183   Thumb Code     8  sx1276-hal.o(.text)
    SX1276ReadFifo                           0x0800618b   Thumb Code     8  sx1276-hal.o(.text)
    SX1276ReadDio0                           0x08006193   Thumb Code     4  sx1276-hal.o(.text)
    SX1276ReadDio1                           0x08006197   Thumb Code     4  sx1276-hal.o(.text)
    SX1276ReadDio2                           0x0800619b   Thumb Code     4  sx1276-hal.o(.text)
    SX1276ReadDio3                           0x0800619f   Thumb Code     4  sx1276-hal.o(.text)
    SX1276ReadDio4                           0x080061a3   Thumb Code     4  sx1276-hal.o(.text)
    SX1276ReadDio5                           0x080061a7   Thumb Code     4  sx1276-hal.o(.text)
    SX1276WriteRxTx                          0x080061ab   Thumb Code     2  sx1276-hal.o(.text)
    SX1276LoRaSetOpMode                      0x080061b1   Thumb Code    54  sx1276-lora.o(.text)
    SX1276LoRaSetDefaults                    0x080061e7   Thumb Code    12  sx1276-lora.o(.text)
    SX1276LoRaInit                           0x080061f3   Thumb Code   128  sx1276-lora.o(.text)
    SX1276LoRaReset                          0x08006273   Thumb Code    34  sx1276-lora.o(.text)
    SX1276LoRaGetOpMode                      0x08006295   Thumb Code    24  sx1276-lora.o(.text)
    SX1276LoRaReadRxGain                     0x080062ad   Thumb Code    22  sx1276-lora.o(.text)
    SX1276LoRaReadRssi                       0x080062c3   Thumb Code    56  sx1276-lora.o(.text)
    SX1276LoRaGetPacketRxGain                0x080062fb   Thumb Code     6  sx1276-lora.o(.text)
    SX1276LoRaGetPacketSnr                   0x08006301   Thumb Code     8  sx1276-lora.o(.text)
    SX1276LoRaGetPacketRssi                  0x08006309   Thumb Code     8  sx1276-lora.o(.text)
    SX1276LoRaSetRFState                     0x08006311   Thumb Code     6  sx1276-lora.o(.text)
    SX1276LoRaStartRx                        0x08006317   Thumb Code     8  sx1276-lora.o(.text)
    SX1276LoRaGetRxPacket                    0x0800631f   Thumb Code    16  sx1276-lora.o(.text)
    SX1276LoRaSetTxPacket                    0x0800632f   Thumb Code    22  sx1276-lora.o(.text)
    SX1276LoRaGetRFState                     0x08006345   Thumb Code     6  sx1276-lora.o(.text)
    SX1276LoRaProcess                        0x0800634b   Thumb Code  1084  sx1276-lora.o(.text)
    SX1276LoRaSetRFFrequency                 0x0800678d   Thumb Code    50  sx1276-loramisc.o(.text)
    SX1276LoRaGetRFFrequency                 0x080067bf   Thumb Code    54  sx1276-loramisc.o(.text)
    SX1276LoRaSetRFPower                     0x080067f5   Thumb Code   146  sx1276-loramisc.o(.text)
    SX1276LoRaGetRFPower                     0x08006887   Thumb Code    68  sx1276-loramisc.o(.text)
    SX1276LoRaSetSignalBandwidth             0x080068cb   Thumb Code    40  sx1276-loramisc.o(.text)
    SX1276LoRaGetSignalBandwidth             0x080068f3   Thumb Code    26  sx1276-loramisc.o(.text)
    SX1276LoRaSetNbTrigPeaks                 0x0800690d   Thumb Code    40  sx1276-loramisc.o(.text)
    SX1276LoRaSetSpreadingFactor             0x08006935   Thumb Code    74  sx1276-loramisc.o(.text)
    SX1276LoRaGetSpreadingFactor             0x0800697f   Thumb Code    26  sx1276-loramisc.o(.text)
    SX1276LoRaSetErrorCoding                 0x08006999   Thumb Code    44  sx1276-loramisc.o(.text)
    SX1276LoRaGetErrorCoding                 0x080069c5   Thumb Code    28  sx1276-loramisc.o(.text)
    SX1276LoRaSetPacketCrcOn                 0x080069e1   Thumb Code    42  sx1276-loramisc.o(.text)
    SX1276LoRaSetPreambleLength              0x08006a0b   Thumb Code    40  sx1276-loramisc.o(.text)
    SX1276LoRaGetPreambleLength              0x08006a33   Thumb Code    24  sx1276-loramisc.o(.text)
    SX1276LoRaGetPacketCrcOn                 0x08006a4b   Thumb Code    28  sx1276-loramisc.o(.text)
    SX1276LoRaSetImplicitHeaderOn            0x08006a67   Thumb Code    40  sx1276-loramisc.o(.text)
    SX1276LoRaGetImplicitHeaderOn            0x08006a8f   Thumb Code    28  sx1276-loramisc.o(.text)
    SX1276LoRaSetRxSingleOn                  0x08006aab   Thumb Code     6  sx1276-loramisc.o(.text)
    SX1276LoRaGetRxSingleOn                  0x08006ab1   Thumb Code     6  sx1276-loramisc.o(.text)
    SX1276LoRaSetFreqHopOn                   0x08006ab7   Thumb Code     6  sx1276-loramisc.o(.text)
    SX1276LoRaGetFreqHopOn                   0x08006abd   Thumb Code     6  sx1276-loramisc.o(.text)
    SX1276LoRaSetHopPeriod                   0x08006ac3   Thumb Code    26  sx1276-loramisc.o(.text)
    SX1276LoRaGetHopPeriod                   0x08006add   Thumb Code    26  sx1276-loramisc.o(.text)
    SX1276LoRaSetTxPacketTimeout             0x08006af7   Thumb Code     6  sx1276-loramisc.o(.text)
    SX1276LoRaGetTxPacketTimeout             0x08006afd   Thumb Code     6  sx1276-loramisc.o(.text)
    SX1276LoRaSetRxPacketTimeout             0x08006b03   Thumb Code     6  sx1276-loramisc.o(.text)
    SX1276LoRaGetRxPacketTimeout             0x08006b09   Thumb Code     6  sx1276-loramisc.o(.text)
    SX1276LoRaSetPayloadLength               0x08006b0f   Thumb Code    26  sx1276-loramisc.o(.text)
    SX1276LoRaGetPayloadLength               0x08006b29   Thumb Code    26  sx1276-loramisc.o(.text)
    SX1276LoRaSetPa20dBm                     0x08006b43   Thumb Code    74  sx1276-loramisc.o(.text)
    SX1276LoRaGetPa20dBm                     0x08006b8d   Thumb Code    34  sx1276-loramisc.o(.text)
    SX1276LoRaSetPAOutput                    0x08006baf   Thumb Code    38  sx1276-loramisc.o(.text)
    SX1276LoRaGetPAOutput                    0x08006bd5   Thumb Code    24  sx1276-loramisc.o(.text)
    SX1276LoRaSetPaRamp                      0x08006bed   Thumb Code    42  sx1276-loramisc.o(.text)
    SX1276LoRaGetPaRamp                      0x08006c17   Thumb Code    24  sx1276-loramisc.o(.text)
    SX1276LoRaSetSymbTimeout                 0x08006c2f   Thumb Code    52  sx1276-loramisc.o(.text)
    SX1276LoRaGetSymbTimeout                 0x08006c63   Thumb Code    32  sx1276-loramisc.o(.text)
    SX1276LoRaSetLowDatarateOptimize         0x08006c83   Thumb Code    42  sx1276-loramisc.o(.text)
    SX1276LoRaGetLowDatarateOptimize         0x08006cad   Thumb Code    26  sx1276-loramisc.o(.text)
    SX1276LoRaGetNbTrigPeaks                 0x08006cc7   Thumb Code    26  sx1276-loramisc.o(.text)
    OS_CPU_SR_Save                           0x08006ce5   Thumb Code     0  os_cpu_a.o(.text)
    OS_CPU_SR_Restore                        0x08006ced   Thumb Code     0  os_cpu_a.o(.text)
    OSStartHighRdy                           0x08006cf3   Thumb Code     0  os_cpu_a.o(.text)
    OSCtxSw                                  0x08006d13   Thumb Code     0  os_cpu_a.o(.text)
    OSIntCtxSw                               0x08006d1d   Thumb Code     0  os_cpu_a.o(.text)
    OS_CPU_PendSVHandler                     0x08006d27   Thumb Code     0  os_cpu_a.o(.text)
    OSInitHookBegin                          0x08006d89   Thumb Code     8  os_cpu_c.o(.text)
    OSInitHookEnd                            0x08006d91   Thumb Code     2  os_cpu_c.o(.text)
    OSTaskCreateHook                         0x08006d93   Thumb Code     2  os_cpu_c.o(.text)
    OSTaskDelHook                            0x08006d95   Thumb Code     2  os_cpu_c.o(.text)
    OSTaskIdleHook                           0x08006d97   Thumb Code     2  os_cpu_c.o(.text)
    OSTaskStatHook                           0x08006d99   Thumb Code     2  os_cpu_c.o(.text)
    OSTaskStkInit                            0x08006d9b   Thumb Code   116  os_cpu_c.o(.text)
    OSTaskSwHook                             0x08006e0f   Thumb Code     2  os_cpu_c.o(.text)
    OSTCBInitHook                            0x08006e11   Thumb Code     2  os_cpu_c.o(.text)
    OSTimeTickHook                           0x08006e13   Thumb Code    24  os_cpu_c.o(.text)
    OS_StrCopy                               0x08006e31   Thumb Code    30  os_core.o(.text)
    OSEventNameGet                           0x08006e4f   Thumb Code    96  os_core.o(.text)
    OS_StrLen                                0x08006eaf   Thumb Code    20  os_core.o(.text)
    OSEventNameSet                           0x08006ec3   Thumb Code   106  os_core.o(.text)
    OS_EventTaskRemoveMulti                  0x08006f2d   Thumb Code    40  os_core.o(.text)
    OS_Sched                                 0x08006f55   Thumb Code    64  os_core.o(.text)
    OS_EventTaskWaitMulti                    0x08006f95   Thumb Code    86  os_core.o(.text)
    OSEventPendMulti                         0x08006feb   Thumb Code   478  os_core.o(.text)
    OS_TaskStatStkChk                        0x080071c9   Thumb Code    50  os_core.o(.text)
    OS_TaskStat                              0x080071fb   Thumb Code    90  os_core.o(.text)
    OS_TaskIdle                              0x08007255   Thumb Code    24  os_core.o(.text)
    OS_MemClr                                0x0800726d   Thumb Code    18  os_core.o(.text)
    OSInit                                   0x0800727f   Thumb Code   302  os_core.o(.text)
    OSIntEnter                               0x080073ad   Thumb Code    20  os_core.o(.text)
    OSIntExit                                0x080073c1   Thumb Code    82  os_core.o(.text)
    OSSchedLock                              0x08007413   Thumb Code    38  os_core.o(.text)
    OSSchedUnlock                            0x08007439   Thumb Code    52  os_core.o(.text)
    OSStart                                  0x0800746d   Thumb Code    38  os_core.o(.text)
    OSStatInit                               0x08007493   Thumb Code    48  os_core.o(.text)
    OSTimeTick                               0x080074c3   Thumb Code   158  os_core.o(.text)
    OSVersion                                0x08007561   Thumb Code     6  os_core.o(.text)
    OS_Dummy                                 0x08007567   Thumb Code     2  os_core.o(.text)
    OS_EventTaskRemove                       0x08007569   Thumb Code    32  os_core.o(.text)
    OS_EventTaskRdy                          0x08007589   Thumb Code   100  os_core.o(.text)
    OS_EventTaskWait                         0x080075ed   Thumb Code   128  os_core.o(.text)
    OS_EventWaitListInit                     0x0800766d   Thumb Code    22  os_core.o(.text)
    OS_MemCopy                               0x08007683   Thumb Code    20  os_core.o(.text)
    OS_TCBInit                               0x08007697   Thumb Code   210  os_core.o(.text)
    OSFlagAccept                             0x0800778d   Thumb Code   166  os_flag.o(.text)
    OSFlagCreate                             0x08007833   Thumb Code    72  os_flag.o(.text)
    OS_FlagUnlink                            0x0800787b   Thumb Code    32  os_flag.o(.text)
    OSFlagDel                                0x080078e3   Thumb Code   196  os_flag.o(.text)
    OSFlagNameGet                            0x080079a7   Thumb Code    88  os_flag.o(.text)
    OSFlagNameSet                            0x080079ff   Thumb Code   100  os_flag.o(.text)
    OSFlagPend                               0x08007ab9   Thumb Code   380  os_flag.o(.text)
    OSFlagPendGetFlagsRdy                    0x08007c35   Thumb Code    20  os_flag.o(.text)
    OSFlagPost                               0x08007c49   Thumb Code   188  os_flag.o(.text)
    OSFlagQuery                              0x08007d05   Thumb Code    46  os_flag.o(.text)
    OS_FlagInit                              0x08007d33   Thumb Code    64  os_flag.o(.text)
    OSMemCreate                              0x08007d81   Thumb Code   122  os_mem.o(.text)
    OSMemGet                                 0x08007dfb   Thumb Code    64  os_mem.o(.text)
    OSMemNameGet                             0x08007e3b   Thumb Code    70  os_mem.o(.text)
    OSMemNameSet                             0x08007e81   Thumb Code    84  os_mem.o(.text)
    OSMemPut                                 0x08007ed5   Thumb Code    58  os_mem.o(.text)
    OSMemQuery                               0x08007f0f   Thumb Code    58  os_mem.o(.text)
    OS_MemInit                               0x08007f49   Thumb Code    58  os_mem.o(.text)
    OSQAccept                                0x08007f91   Thumb Code    86  os_q.o(.text)
    OSQCreate                                0x08007fe7   Thumb Code   122  os_q.o(.text)
    OSQDel                                   0x08008061   Thumb Code   238  os_q.o(.text)
    OSQFlush                                 0x0800814f   Thumb Code    48  os_q.o(.text)
    OSQPend                                  0x0800817f   Thumb Code   218  os_q.o(.text)
    OSQPendAbort                             0x08008259   Thumb Code   116  os_q.o(.text)
    OSQPost                                  0x080082cd   Thumb Code   112  os_q.o(.text)
    OSQPostFront                             0x0800833d   Thumb Code   110  os_q.o(.text)
    OSQPostOpt                               0x080083ab   Thumb Code   190  os_q.o(.text)
    OSQQuery                                 0x08008469   Thumb Code    94  os_q.o(.text)
    OS_QInit                                 0x080084c7   Thumb Code    44  os_q.o(.text)
    OSSemAccept                              0x080084fd   Thumb Code    36  os_sem.o(.text)
    OSSemCreate                              0x08008521   Thumb Code    64  os_sem.o(.text)
    OSSemDel                                 0x08008561   Thumb Code   210  os_sem.o(.text)
    OSSemPend                                0x08008633   Thumb Code   182  os_sem.o(.text)
    OSSemPendAbort                           0x080086e9   Thumb Code   118  os_sem.o(.text)
    OSSemPost                                0x0800875f   Thumb Code    88  os_sem.o(.text)
    OSSemQuery                               0x080087b7   Thumb Code    76  os_sem.o(.text)
    OSSemSet                                 0x08008803   Thumb Code    60  os_sem.o(.text)
    OSTaskChangePrio                         0x08008851   Thumb Code   350  os_task.o(.text)
    OSTaskCreate                             0x080089af   Thumb Code   132  os_task.o(.text)
    OS_TaskStkClr                            0x08008a33   Thumb Code    22  os_task.o(.text)
    OSTaskCreateExt                          0x08008a49   Thumb Code   152  os_task.o(.text)
    OSTaskDel                                0x08008ae1   Thumb Code   286  os_task.o(.text)
    OSTaskDelReq                             0x08008bff   Thumb Code   136  os_task.o(.text)
    OSTaskNameGet                            0x08008c87   Thumb Code   112  os_task.o(.text)
    OSTaskNameSet                            0x08008cf7   Thumb Code   130  os_task.o(.text)
    OSTaskResume                             0x08008d79   Thumb Code   140  os_task.o(.text)
    OSTaskStkChk                             0x08008e05   Thumb Code   126  os_task.o(.text)
    OSTaskSuspend                            0x08008e83   Thumb Code   146  os_task.o(.text)
    OSTaskQuery                              0x08008f15   Thumb Code    94  os_task.o(.text)
    OSTimeDly                                0x08008f8d   Thumb Code    74  os_time.o(.text)
    OSTimeDlyHMSM                            0x08008fd7   Thumb Code   128  os_time.o(.text)
    OSTimeDlyResume                          0x08009057   Thumb Code   144  os_time.o(.text)
    OSTimeGet                                0x080090e7   Thumb Code    18  os_time.o(.text)
    OSTimeSet                                0x080090f9   Thumb Code    20  os_time.o(.text)
    OSTmrCreate                              0x08009125   Thumb Code   188  os_tmr.o(.text)
    OSTmrDel                                 0x08009253   Thumb Code   102  os_tmr.o(.text)
    OSTmrNameGet                             0x080092b9   Thumb Code   110  os_tmr.o(.text)
    OSTmrRemainGet                           0x08009327   Thumb Code   134  os_tmr.o(.text)
    OSTmrStateGet                            0x080093ad   Thumb Code    78  os_tmr.o(.text)
    OSTmrStart                               0x0800943d   Thumb Code   104  os_tmr.o(.text)
    OSTmrStop                                0x080094a5   Thumb Code   180  os_tmr.o(.text)
    OSTmrSignal                              0x08009559   Thumb Code     8  os_tmr.o(.text)
    OSTmr_Init                               0x080095cb   Thumb Code   192  os_tmr.o(.text)
    __aeabi_memcpy                           0x080096f5   Thumb Code    36  memcpya.o(.text)
    __aeabi_memcpy4                          0x080096f5   Thumb Code     0  memcpya.o(.text)
    __aeabi_memcpy8                          0x080096f5   Thumb Code     0  memcpya.o(.text)
    __aeabi_memset                           0x08009719   Thumb Code    14  memseta.o(.text)
    __aeabi_memset4                          0x08009719   Thumb Code     0  memseta.o(.text)
    __aeabi_memset8                          0x08009719   Thumb Code     0  memseta.o(.text)
    __aeabi_memclr                           0x08009727   Thumb Code     4  memseta.o(.text)
    __aeabi_memclr4                          0x08009727   Thumb Code     0  memseta.o(.text)
    __aeabi_memclr8                          0x08009727   Thumb Code     0  memseta.o(.text)
    _memset$wrapper                          0x0800972b   Thumb Code    18  memseta.o(.text)
    __aeabi_dadd                             0x0800973d   Thumb Code   322  dadd.o(.text)
    __aeabi_dsub                             0x0800987f   Thumb Code     6  dadd.o(.text)
    __aeabi_drsub                            0x08009885   Thumb Code     6  dadd.o(.text)
    __aeabi_dmul                             0x0800988b   Thumb Code   228  dmul.o(.text)
    __aeabi_ddiv                             0x0800996f   Thumb Code   222  ddiv.o(.text)
    __aeabi_i2d                              0x08009a4d   Thumb Code    34  dflti.o(.text)
    __aeabi_ui2d                             0x08009a6f   Thumb Code    26  dfltui.o(.text)
    __aeabi_d2uiz                            0x08009a89   Thumb Code    50  dfixui.o(.text)
    __aeabi_llsl                             0x08009abb   Thumb Code    30  llshl.o(.text)
    _ll_shift_l                              0x08009abb   Thumb Code     0  llshl.o(.text)
    __aeabi_llsr                             0x08009ad9   Thumb Code    32  llushr.o(.text)
    _ll_ushift_r                             0x08009ad9   Thumb Code     0  llushr.o(.text)
    __aeabi_lasr                             0x08009af9   Thumb Code    36  llsshr.o(.text)
    _ll_sshift_r                             0x08009af9   Thumb Code     0  llsshr.o(.text)
    __I$use$fp                               0x08009b1d   Thumb Code     0  iusefp.o(.text)
    _double_round                            0x08009b1d   Thumb Code    30  depilogue.o(.text)
    _double_epilogue                         0x08009b3b   Thumb Code   156  depilogue.o(.text)
    __scatterload                            0x08009bd9   Thumb Code    28  init.o(.text)
    __scatterload_rt2                        0x08009bd9   Thumb Code     0  init.o(.text)
    __scatterload_copy                       0x08009bfd   Thumb Code    14  handlers.o(i.__scatterload_copy)
    __scatterload_null                       0x08009c0b   Thumb Code     2  handlers.o(i.__scatterload_null)
    __scatterload_zeroinit                   0x08009c0d   Thumb Code    14  handlers.o(i.__scatterload_zeroinit)
    HoppingFrequencies                       0x08009c1c   Data         204  sx1276-lora.o(.constdata)
    OSUnMapTbl                               0x08009ce8   Data         256  os_core.o(.constdata)
    Region$$Table$$Base                      0x08009de8   Number         0  anon$$obj.o(Region$$Table)
    Region$$Table$$Limit                     0x08009e08   Number         0  anon$$obj.o(Region$$Table)
    lora_q                                   0x20000000   Data           4  main.o(.data)
    dat_ready                                0x20000004   Data           1  stm32f10x_it.o(.data)
    flag                                     0x20000005   Data           1  stm32f10x_it.o(.data)
    dat_cnt                                  0x20000006   Data           1  stm32f10x_it.o(.data)
    ir_dat                                   0x20000008   Data           4  stm32f10x_it.o(.data)
    temp                                     0x2000000c   Data           4  stm32f10x_it.o(.data)
    SystemCoreClock                          0x20000010   Data           4  system_stm32f10x.o(.data)
    AHBPrescTable                            0x20000014   Data          16  system_stm32f10x.o(.data)
    SX1276LR                                 0x20000050   Data           4  sx1276-lora.o(.data)
    LoRaSettings                             0x20000060   Data          28  sx1276-lora.o(.data)
    OSCPUUsage                               0x20000080   Data           1  os_core.o(.data)
    OSStatRdy                                0x20000081   Data           1  os_core.o(.data)
    OSIntNesting                             0x20000082   Data           1  os_core.o(.data)
    OSLockNesting                            0x20000083   Data           1  os_core.o(.data)
    OSPrioCur                                0x20000084   Data           1  os_core.o(.data)
    OSPrioHighRdy                            0x20000085   Data           1  os_core.o(.data)
    OSRdyGrp                                 0x20000086   Data           1  os_core.o(.data)
    OSRunning                                0x20000087   Data           1  os_core.o(.data)
    OSTaskCtr                                0x20000088   Data           1  os_core.o(.data)
    OSTickStepState                          0x20000089   Data           1  os_core.o(.data)
    OSCtxSwCtr                               0x2000008c   Data           4  os_core.o(.data)
    OSEventFreeList                          0x20000090   Data           4  os_core.o(.data)
    OSIdleCtrMax                             0x20000094   Data           4  os_core.o(.data)
    OSIdleCtrRun                             0x20000098   Data           4  os_core.o(.data)
    OSIdleCtr                                0x2000009c   Data           4  os_core.o(.data)
    OSTCBCur                                 0x200000a0   Data           4  os_core.o(.data)
    OSTCBFreeList                            0x200000a4   Data           4  os_core.o(.data)
    OSTCBHighRdy                             0x200000a8   Data           4  os_core.o(.data)
    OSTCBList                                0x200000ac   Data           4  os_core.o(.data)
    OSTime                                   0x200000b0   Data           4  os_core.o(.data)
    OSRdyTbl                                 0x200000b4   Data           8  os_core.o(.data)
    OSFlagFreeList                           0x200000bc   Data           4  os_core.o(.data)
    OSMemFreeList                            0x200000c0   Data           4  os_core.o(.data)
    OSQFreeList                              0x200000c4   Data           4  os_core.o(.data)
    OSTmrFree                                0x200000c8   Data           2  os_core.o(.data)
    OSTmrUsed                                0x200000ca   Data           2  os_core.o(.data)
    OSTmrTime                                0x200000cc   Data           4  os_core.o(.data)
    OSTmrSem                                 0x200000d0   Data           4  os_core.o(.data)
    OSTmrSemSignal                           0x200000d4   Data           4  os_core.o(.data)
    OSTmrFreeList                            0x200000d8   Data           4  os_core.o(.data)
    msg_arr                                  0x200008dc   Data          12  main.o(.bss)
    sys_ctrl                                 0x200008e8   Data          17  ctrl.o(.bss)
    SX1276Regs                               0x200008f9   Data         112  sx1276.o(.bss)
    OSEventTbl                               0x20000a6c   Data         360  os_core.o(.bss)
    OSTaskStatStk                            0x20000bd4   Data         512  os_core.o(.bss)
    OSTaskIdleStk                            0x20000dd4   Data         512  os_core.o(.bss)
    OSTCBPrioTbl                             0x20000fd4   Data         256  os_core.o(.bss)
    OSTCBTbl                                 0x200010d4   Data        1656  os_core.o(.bss)
    OSFlagTbl                                0x2000174c   Data         140  os_core.o(.bss)
    OSMemTbl                                 0x200017d8   Data         180  os_core.o(.bss)
    OSQTbl                                   0x2000188c   Data          96  os_core.o(.bss)
    OSTmrTbl                                 0x200018ec   Data         832  os_core.o(.bss)
    OSTmrTaskStk                             0x20001c2c   Data         512  os_core.o(.bss)
    OSTmrWheelTbl                            0x20001e2c   Data          64  os_core.o(.bss)
    __initial_sp                             0x20002270   Data           0  startup_stm32f10x_md.o(STACK)



==============================================================================

Memory Map of the image

  Image Entry point : 0x080040ed

  Load Region LR_IROM1 (Base: 0x08004000, Size: 0x00005ee4, Max: 0x00006000, ABSOLUTE)

    Execution Region ER_IROM1 (Base: 0x08004000, Size: 0x00005e08, Max: 0x00006000, ABSOLUTE)

    Base Addr    Size         Type   Attr      Idx    E Section Name        Object

    0x08004000   0x000000ec   Data   RO          438    RESET               startup_stm32f10x_md.o
    0x080040ec   0x00000000   Code   RO          732  * .ARM.Collect$$$$00000000  mc_w.l(entry.o)
    0x080040ec   0x00000004   Code   RO          753    .ARM.Collect$$$$00000001  mc_w.l(entry2.o)
    0x080040f0   0x00000004   Code   RO          756    .ARM.Collect$$$$00000004  mc_w.l(entry5.o)
    0x080040f4   0x00000000   Code   RO          758    .ARM.Collect$$$$00000008  mc_w.l(entry7b.o)
    0x080040f4   0x00000000   Code   RO          760    .ARM.Collect$$$$0000000A  mc_w.l(entry8b.o)
    0x080040f4   0x00000008   Code   RO          761    .ARM.Collect$$$$0000000B  mc_w.l(entry9a.o)
    0x080040fc   0x00000000   Code   RO          763    .ARM.Collect$$$$0000000D  mc_w.l(entry10a.o)
    0x080040fc   0x00000000   Code   RO          765    .ARM.Collect$$$$0000000F  mc_w.l(entry11a.o)
    0x080040fc   0x00000004   Code   RO          754    .ARM.Collect$$$$00002712  mc_w.l(entry2.o)
    0x08004100   0x000000a4   Code   RO            1    .text               main.o
    0x080041a4   0x000000f8   Code   RO          100    .text               stm32f10x_it.o
    0x0800429c   0x00000100   Code   RO          119    .text               app.o
    0x0800439c   0x0000008c   Code   RO          132    .text               ctrl.o
    0x08004428   0x0000010c   Code   RO          155    .text               lora.o
    0x08004534   0x00000244   Code   RO          173    .text               bsp.o
    0x08004778   0x00000158   Code   RO          201    .text               spi.o
    0x080048d0   0x0000012c   Code   RO          213    .text               dht11.o
    0x080049fc   0x00000198   Code   RO          237    .text               system_stm32f10x.o
    0x08004b94   0x000002b4   Code   RO          267    .text               stm32f10x_rcc.o
    0x08004e48   0x00000274   Code   RO          294    .text               stm32f10x_spi.o
    0x080050bc   0x00000af4   Code   RO          306    .text               stm32f10x_tim.o
    0x08005bb0   0x000000b0   Code   RO          331    .text               misc.o
    0x08005c60   0x000000e8   Code   RO          397    .text               stm32f10x_exti.o
    0x08005d48   0x0000026c   Code   RO          409    .text               stm32f10x_gpio.o
    0x08005fb4   0x00000024   Code   RO          439    .text               startup_stm32f10x_md.o
    0x08005fd8   0x000000d4   Code   RO          477    .text               sx1276.o
    0x080060ac   0x00000104   Code   RO          501    .text               sx1276-hal.o
    0x080061b0   0x000005dc   Code   RO          513    .text               sx1276-lora.o
    0x0800678c   0x00000558   Code   RO          540    .text               sx1276-loramisc.o
    0x08006ce4   0x000000a4   Code   RO          553    .text               os_cpu_a.o
    0x08006d88   0x000000a8   Code   RO          556    .text               os_cpu_c.o
    0x08006e30   0x0000095c   Code   RO          586    .text               os_core.o
    0x0800778c   0x000005f4   Code   RO          622    .text               os_flag.o
    0x08007d80   0x00000210   Code   RO          647    .text               os_mem.o
    0x08007f90   0x0000056c   Code   RO          671    .text               os_q.o
    0x080084fc   0x00000354   Code   RO          683    .text               os_sem.o
    0x08008850   0x0000073c   Code   RO          695    .text               os_task.o
    0x08008f8c   0x00000198   Code   RO          708    .text               os_time.o
    0x08009124   0x000005d0   Code   RO          720    .text               os_tmr.o
    0x080096f4   0x00000024   Code   RO          735    .text               mc_w.l(memcpya.o)
    0x08009718   0x00000024   Code   RO          737    .text               mc_w.l(memseta.o)
    0x0800973c   0x0000014e   Code   RO          741    .text               mf_w.l(dadd.o)
    0x0800988a   0x000000e4   Code   RO          743    .text               mf_w.l(dmul.o)
    0x0800996e   0x000000de   Code   RO          745    .text               mf_w.l(ddiv.o)
    0x08009a4c   0x00000022   Code   RO          747    .text               mf_w.l(dflti.o)
    0x08009a6e   0x0000001a   Code   RO          749    .text               mf_w.l(dfltui.o)
    0x08009a88   0x00000032   Code   RO          751    .text               mf_w.l(dfixui.o)
    0x08009aba   0x0000001e   Code   RO          767    .text               mc_w.l(llshl.o)
    0x08009ad8   0x00000020   Code   RO          769    .text               mc_w.l(llushr.o)
    0x08009af8   0x00000024   Code   RO          771    .text               mc_w.l(llsshr.o)
    0x08009b1c   0x00000000   Code   RO          773    .text               mc_w.l(iusefp.o)
    0x08009b1c   0x000000ba   Code   RO          774    .text               mf_w.l(depilogue.o)
    0x08009bd6   0x00000002   PAD
    0x08009bd8   0x00000024   Code   RO          776    .text               mc_w.l(init.o)
    0x08009bfc   0x0000000e   Code   RO          780    i.__scatterload_copy  mc_w.l(handlers.o)
    0x08009c0a   0x00000002   Code   RO          781    i.__scatterload_null  mc_w.l(handlers.o)
    0x08009c0c   0x0000000e   Code   RO          782    i.__scatterload_zeroinit  mc_w.l(handlers.o)
    0x08009c1a   0x00000002   PAD
    0x08009c1c   0x000000cc   Data   RO          515    .constdata          sx1276-lora.o
    0x08009ce8   0x00000100   Data   RO          594    .constdata          os_core.o
    0x08009de8   0x00000020   Data   RO          778    Region$$Table       anon$$obj.o


    Execution Region RW_IRAM1 (Base: 0x20000000, Size: 0x00002270, Max: 0x00005000, ABSOLUTE)

    Base Addr    Size         Type   Attr      Idx    E Section Name        Object

    0x20000000   0x00000004   Data   RW            4    .data               main.o
    0x20000004   0x0000000c   Data   RW          101    .data               stm32f10x_it.o
    0x20000010   0x00000014   Data   RW          238    .data               system_stm32f10x.o
    0x20000024   0x00000014   Data   RW          268    .data               stm32f10x_rcc.o
    0x20000038   0x00000002   Data   RW          479    .data               sx1276.o
    0x2000003a   0x00000006   PAD
    0x20000040   0x0000003c   Data   RW          516    .data               sx1276-lora.o
    0x2000007c   0x00000002   Data   RW          557    .data               os_cpu_c.o
    0x2000007e   0x00000002   PAD
    0x20000080   0x0000003c   Data   RW          595    .data               os_core.o
    0x200000bc   0x00000004   Data   RW          596    .data               os_core.o
    0x200000c0   0x00000004   Data   RW          597    .data               os_core.o
    0x200000c4   0x00000004   Data   RW          598    .data               os_core.o
    0x200000c8   0x00000002   Data   RW          599    .data               os_core.o
    0x200000ca   0x00000002   Data   RW          600    .data               os_core.o
    0x200000cc   0x00000004   Data   RW          601    .data               os_core.o
    0x200000d0   0x00000004   Data   RW          602    .data               os_core.o
    0x200000d4   0x00000004   Data   RW          603    .data               os_core.o
    0x200000d8   0x00000004   Data   RW          604    .data               os_core.o
    0x200000dc   0x0000080c   Zero   RW            2    .bss                main.o
    0x200008e8   0x00000011   Zero   RW          133    .bss                ctrl.o
    0x200008f9   0x00000070   Zero   RW          478    .bss                sx1276.o
    0x20000969   0x00000100   Zero   RW          514    .bss                sx1276-lora.o
    0x20000a69   0x00000003   PAD
    0x20000a6c   0x00000ce0   Zero   RW          587    .bss                os_core.o
    0x2000174c   0x0000008c   Zero   RW          588    .bss                os_core.o
    0x200017d8   0x000000b4   Zero   RW          589    .bss                os_core.o
    0x2000188c   0x00000060   Zero   RW          590    .bss                os_core.o
    0x200018ec   0x00000340   Zero   RW          591    .bss                os_core.o
    0x20001c2c   0x00000200   Zero   RW          592    .bss                os_core.o
    0x20001e2c   0x00000040   Zero   RW          593    .bss                os_core.o
    0x20001e6c   0x00000004   PAD
    0x20001e70   0x00000400   Zero   RW          436    STACK               startup_stm32f10x_md.o


==============================================================================

Image component sizes


      Code (inc. data)   RO Data    RW Data    ZI Data      Debug   Object Name

       256         14          0          0          0       1515   app.o
       580         18          0          0          0      17416   bsp.o
         0          0          0          0          0         32   core_cm3.o
       140         16          0          0         17      17203   ctrl.o
       300          4          0          0          0       2245   dht11.o
       268         10          0          0          0       1278   lora.o
       164         54          0          4       2060     266916   main.o
       176         14          0          0          0       1841   misc.o
      2396         80        256         92       5120      20904   os_core.o
       164         32          0          0          0        312   os_cpu_a.o
       168          6          0          2          0      13628   os_cpu_c.o
      1524         38          0          0          0       7234   os_flag.o
       528         14          0          0          0       3508   os_mem.o
      1388         32          0          0          0       6041   os_q.o
       852         18          0          0          0       4282   os_sem.o
      1852         66          0          0          0       7771   os_task.o
       408         24          0          0          0       2062   os_time.o
      1488        106          0          0          0       6057   os_tmr.o
       344         18          0          0          0       1415   spi.o
        36          8        236          0       1024        808   startup_stm32f10x_md.o
       232          8          0          0          0       2347   stm32f10x_exti.o
       620         36          0          0          0       5809   stm32f10x_gpio.o
       248         12          0         12          0       2259   stm32f10x_it.o
       692         32          0         20          0       8952   stm32f10x_rcc.o
       628         14          0          0          0       6946   stm32f10x_spi.o
      2804         86          0          0          0      22926   stm32f10x_tim.o
       260          4          0          0          0       3245   sx1276-hal.o
      1500         56        204         60        256      20255   sx1276-lora.o
      1368         18          0          0          0       8068   sx1276-loramisc.o
       212         12          0          2        112       3546   sx1276.o
       408         32          0         20          0       2211   system_stm32f10x.o

    ----------------------------------------------------------------------
     22004        882        728        220       8596     469032   Object Totals
         0          0         32          0          0          0   (incl. Generated)
         0          0          0          8          7          0   (incl. Padding)

    ----------------------------------------------------------------------

      Code (inc. data)   RO Data    RW Data    ZI Data      Debug   Library Member Name

         0          0          0          0          0          0   entry.o
         0          0          0          0          0          0   entry10a.o
         0          0          0          0          0          0   entry11a.o
         8          4          0          0          0          0   entry2.o
         4          0          0          0          0          0   entry5.o
         0          0          0          0          0          0   entry7b.o
         0          0          0          0          0          0   entry8b.o
         8          4          0          0          0          0   entry9a.o
        30          0          0          0          0          0   handlers.o
        36          8          0          0          0         68   init.o
         0          0          0          0          0          0   iusefp.o
        30          0          0          0          0         68   llshl.o
        36          0          0          0          0         68   llsshr.o
        32          0          0          0          0         68   llushr.o
        36          0          0          0          0         68   memcpya.o
        36          0          0          0          0        108   memseta.o
       334          0          0          0          0        148   dadd.o
       222          0          0          0          0        100   ddiv.o
       186          0          0          0          0        176   depilogue.o
        50          0          0          0          0         76   dfixui.o
        34          0          0          0          0         76   dflti.o
        26          0          0          0          0         76   dfltui.o
       228          0          0          0          0         96   dmul.o

    ----------------------------------------------------------------------
      1340         16          0          0          0       1196   Library Totals
         4          0          0          0          0          0   (incl. Padding)

    ----------------------------------------------------------------------

      Code (inc. data)   RO Data    RW Data    ZI Data      Debug   Library Name

       256         16          0          0          0        448   mc_w.l
      1080          0          0          0          0        748   mf_w.l

    ----------------------------------------------------------------------
      1340         16          0          0          0       1196   Library Totals

    ----------------------------------------------------------------------

==============================================================================


      Code (inc. data)   RO Data    RW Data    ZI Data      Debug   

     23344        898        728        220       8596     466324   Grand Totals
     23344        898        728        220       8596     466324   ELF Image Totals
     23344        898        728        220          0          0   ROM Totals

==============================================================================

    Total RO  Size (Code + RO Data)                24072 (  23.51kB)
    Total RW  Size (RW Data + ZI Data)              8816 (   8.61kB)
    Total ROM Size (Code + RO Data + RW Data)      24292 (  23.72kB)

==============================================================================

