Component: ARM Compiler 5.06 update 3 (build 300) Tool: armlink [4d35c9]

==============================================================================

Section Cross References

    lora.o(.text) refers to sx1276.o(.text) for SX1276Init
    lora.o(.text) refers to memcpya.o(.text) for __aeabi_memcpy
    lora.o(.text) refers to bsp.o(.text) for delay_ms
    lora.o(.text) refers to main.o(.data) for sys
    lora.o(.text) refers to lora.o(.bss) for lora_buf
    main.o(.text) refers to stm32f10x_flash.o(.text) for FLASH_Unlock
    main.o(.text) refers to core_cm3.o(.emb_text) for __set_MSP
    main.o(.text) refers to lora.o(.text) for lora_recv
    main.o(.text) refers to bsp.o(.text) for bsp_init
    main.o(.text) refers to main.o(.data) for sys
    bsp.o(.text) refers to stm32f10x_gpio.o(.text) for GPIO_WriteBit
    bsp.o(.text) refers to stm32f10x_rcc.o(.text) for RCC_APB2PeriphClockCmd
    bsp.o(.text) refers to spi.o(.text) for spi1_init
    bsp.o(.text) refers to bsp.o(.data) for led
    usart.o(.text) refers to stm32f10x_rcc.o(.text) for RCC_APB2PeriphClockCmd
    usart.o(.text) refers to stm32f10x_gpio.o(.text) for GPIO_Init
    usart.o(.text) refers to stm32f10x_usart.o(.text) for USART_Init
    spi.o(.text) refers to stm32f10x_rcc.o(.text) for RCC_APB2PeriphClockCmd
    spi.o(.text) refers to stm32f10x_gpio.o(.text) for GPIO_Init
    spi.o(.text) refers to stm32f10x_spi.o(.text) for SPI_Init
    system_stm32f10x.o(.text) refers to system_stm32f10x.o(.data) for SystemCoreClock
    stm32f10x_pwr.o(.text) refers to stm32f10x_rcc.o(.text) for RCC_APB1PeriphResetCmd
    stm32f10x_rcc.o(.text) refers to stm32f10x_rcc.o(.data) for APBAHBPrescTable
    stm32f10x_spi.o(.text) refers to stm32f10x_rcc.o(.text) for RCC_APB2PeriphResetCmd
    stm32f10x_tim.o(.text) refers to stm32f10x_rcc.o(.text) for RCC_APB2PeriphResetCmd
    stm32f10x_usart.o(.text) refers to stm32f10x_rcc.o(.text) for RCC_APB2PeriphResetCmd
    stm32f10x_adc.o(.text) refers to stm32f10x_rcc.o(.text) for RCC_APB2PeriphResetCmd
    stm32f10x_bkp.o(.text) refers to stm32f10x_rcc.o(.text) for RCC_BackupResetCmd
    stm32f10x_dac.o(.text) refers to stm32f10x_rcc.o(.text) for RCC_APB1PeriphResetCmd
    stm32f10x_gpio.o(.text) refers to stm32f10x_rcc.o(.text) for RCC_APB2PeriphResetCmd
    stm32f10x_i2c.o(.text) refers to stm32f10x_rcc.o(.text) for RCC_APB1PeriphResetCmd
    startup_stm32f10x_md.o(RESET) refers to startup_stm32f10x_md.o(STACK) for __initial_sp
    startup_stm32f10x_md.o(RESET) refers to startup_stm32f10x_md.o(.text) for Reset_Handler
    startup_stm32f10x_md.o(RESET) refers to stm32f10x_it.o(.text) for NMI_Handler
    startup_stm32f10x_md.o(.text) refers to system_stm32f10x.o(.text) for SystemInit
    startup_stm32f10x_md.o(.text) refers to entry.o(.ARM.Collect$$$$00000000) for __main
    radio.o(.text) refers to radio.o(.bss) for RadioDriver
    sx1276.o(.text) refers to sx1276-lora.o(.text) for SX1276LoRaSetOpMode
    sx1276.o(.text) refers to sx1276-hal.o(.text) for SX1276Write
    sx1276.o(.text) refers to bsp.o(.text) for delay_ms
    sx1276.o(.text) refers to sx1276.o(.data) for LoRaOnState
    sx1276.o(.text) refers to sx1276-lora.o(.data) for SX1276LR
    sx1276.o(.text) refers to sx1276.o(.bss) for SX1276Regs
    sx1276-hal.o(.text) refers to stm32f10x_rcc.o(.text) for RCC_APB2PeriphClockCmd
    sx1276-hal.o(.text) refers to stm32f10x_gpio.o(.text) for GPIO_Init
    sx1276-hal.o(.text) refers to spi.o(.text) for spi_rw_byte
    sx1276-lora.o(.text) refers to sx1276-hal.o(.text) for SX1276Write
    sx1276-lora.o(.text) refers to sx1276-loramisc.o(.text) for SX1276LoRaSetRFFrequency
    sx1276-lora.o(.text) refers to bsp.o(.text) for delay_ms
    sx1276-lora.o(.text) refers to dfltui.o(.text) for __aeabi_ui2d
    sx1276-lora.o(.text) refers to dadd.o(.text) for __aeabi_dadd
    sx1276-lora.o(.text) refers to memcpya.o(.text) for __aeabi_memcpy
    sx1276-lora.o(.text) refers to memseta.o(.text) for __aeabi_memclr
    sx1276-lora.o(.text) refers to sx1276-lora.o(.data) for SX1276LR
    sx1276-lora.o(.text) refers to sx1276.o(.bss) for SX1276Regs
    sx1276-lora.o(.text) refers to sx1276-lora.o(.bss) for RFBuffer
    sx1276-lora.o(.text) refers to sx1276-lora.o(.constdata) for HoppingFrequencies
    sx1276-lora.o(.text) refers to dflti.o(.text) for __aeabi_i2d
    sx1276-lora.o(.text) refers to dmul.o(.text) for __aeabi_dmul
    sx1276-loramisc.o(.text) refers to dfltui.o(.text) for __aeabi_ui2d
    sx1276-loramisc.o(.text) refers to ddiv.o(.text) for __aeabi_ddiv
    sx1276-loramisc.o(.text) refers to dfixui.o(.text) for __aeabi_d2uiz
    sx1276-loramisc.o(.text) refers to sx1276-hal.o(.text) for SX1276WriteBuffer
    sx1276-loramisc.o(.text) refers to dmul.o(.text) for __aeabi_dmul
    sx1276-loramisc.o(.text) refers to sx1276-lora.o(.data) for LoRaSettings
    entry.o(.ARM.Collect$$$$00000000) refers (Special) to entry10a.o(.ARM.Collect$$$$0000000D) for __rt_final_cpp
    entry.o(.ARM.Collect$$$$00000000) refers (Special) to entry11a.o(.ARM.Collect$$$$0000000F) for __rt_final_exit
    entry.o(.ARM.Collect$$$$00000000) refers (Special) to entry7b.o(.ARM.Collect$$$$00000008) for _main_clock
    entry.o(.ARM.Collect$$$$00000000) refers (Special) to entry8b.o(.ARM.Collect$$$$0000000A) for _main_cpp_init
    entry.o(.ARM.Collect$$$$00000000) refers (Special) to entry9a.o(.ARM.Collect$$$$0000000B) for _main_init
    entry.o(.ARM.Collect$$$$00000000) refers (Special) to entry5.o(.ARM.Collect$$$$00000004) for _main_scatterload
    entry.o(.ARM.Collect$$$$00000000) refers (Special) to entry2.o(.ARM.Collect$$$$00000001) for _main_stk
    dadd.o(.text) refers (Special) to iusefp.o(.text) for __I$use$fp
    dadd.o(.text) refers to llshl.o(.text) for __aeabi_llsl
    dadd.o(.text) refers to llsshr.o(.text) for __aeabi_lasr
    dadd.o(.text) refers to depilogue.o(.text) for _double_epilogue
    dmul.o(.text) refers (Special) to iusefp.o(.text) for __I$use$fp
    dmul.o(.text) refers to depilogue.o(.text) for _double_epilogue
    ddiv.o(.text) refers (Special) to iusefp.o(.text) for __I$use$fp
    ddiv.o(.text) refers to depilogue.o(.text) for _double_round
    dflti.o(.text) refers (Special) to iusefp.o(.text) for __I$use$fp
    dflti.o(.text) refers to depilogue.o(.text) for _double_epilogue
    dfltui.o(.text) refers (Special) to iusefp.o(.text) for __I$use$fp
    dfltui.o(.text) refers to depilogue.o(.text) for _double_epilogue
    dfixui.o(.text) refers (Special) to iusefp.o(.text) for __I$use$fp
    dfixui.o(.text) refers to llushr.o(.text) for __aeabi_llsr
    entry2.o(.ARM.Collect$$$$00000001) refers to entry2.o(.ARM.Collect$$$$00002712) for __lit__00000000
    entry2.o(.ARM.Collect$$$$00002712) refers to startup_stm32f10x_md.o(STACK) for __initial_sp
    entry2.o(__vectab_stack_and_reset_area) refers to startup_stm32f10x_md.o(STACK) for __initial_sp
    entry2.o(__vectab_stack_and_reset_area) refers to entry.o(.ARM.Collect$$$$00000000) for __main
    entry5.o(.ARM.Collect$$$$00000004) refers to init.o(.text) for __scatterload
    entry9a.o(.ARM.Collect$$$$0000000B) refers to main.o(.text) for main
    entry9b.o(.ARM.Collect$$$$0000000C) refers to main.o(.text) for main
    depilogue.o(.text) refers to llshl.o(.text) for __aeabi_llsl
    depilogue.o(.text) refers to llushr.o(.text) for __aeabi_llsr
    init.o(.text) refers to entry5.o(.ARM.Collect$$$$00000004) for __main_after_scatterload


==============================================================================

Removing Unused input sections from the image.

    Removing usart.o(.text), (196 bytes).
    Removing stm32f10x_pwr.o(.text), (204 bytes).
    Removing stm32f10x_rtc.o(.text), (328 bytes).
    Removing stm32f10x_tim.o(.text), (3610 bytes).
    Removing stm32f10x_usart.o(.text), (1032 bytes).
    Removing misc.o(.text), (220 bytes).
    Removing stm32f10x_adc.o(.text), (1102 bytes).
    Removing stm32f10x_bkp.o(.text), (196 bytes).
    Removing stm32f10x_dac.o(.text), (396 bytes).
    Removing stm32f10x_dma.o(.text), (596 bytes).
    Removing stm32f10x_exti.o(.text), (284 bytes).
    Removing stm32f10x_i2c.o(.text), (1028 bytes).
    Removing startup_stm32f10x_md.o(HEAP), (512 bytes).
    Removing fifo.o(.text), (142 bytes).
    Removing radio.o(.text), (8 bytes).
    Removing radio.o(.bss), (24 bytes).

16 unused section(s) (total 9878 bytes) removed from the image.

==============================================================================

Image Symbol Table

    Local Symbols

    Symbol Name                              Value     Ov Type        Size  Object(Section)

    ../clib/microlib/init/entry.s            0x00000000   Number         0  entry2.o ABSOLUTE
    ../clib/microlib/init/entry.s            0x00000000   Number         0  entry5.o ABSOLUTE
    ../clib/microlib/init/entry.s            0x00000000   Number         0  entry7a.o ABSOLUTE
    ../clib/microlib/init/entry.s            0x00000000   Number         0  entry7b.o ABSOLUTE
    ../clib/microlib/init/entry.s            0x00000000   Number         0  entry8a.o ABSOLUTE
    ../clib/microlib/init/entry.s            0x00000000   Number         0  entry8b.o ABSOLUTE
    ../clib/microlib/init/entry.s            0x00000000   Number         0  entry11b.o ABSOLUTE
    ../clib/microlib/init/entry.s            0x00000000   Number         0  entry9a.o ABSOLUTE
    ../clib/microlib/init/entry.s            0x00000000   Number         0  entry.o ABSOLUTE
    ../clib/microlib/init/entry.s            0x00000000   Number         0  entry9b.o ABSOLUTE
    ../clib/microlib/init/entry.s            0x00000000   Number         0  entry11a.o ABSOLUTE
    ../clib/microlib/init/entry.s            0x00000000   Number         0  entry10a.o ABSOLUTE
    ../clib/microlib/init/entry.s            0x00000000   Number         0  entry10b.o ABSOLUTE
    ../clib/microlib/longlong.c              0x00000000   Number         0  llsshr.o ABSOLUTE
    ../clib/microlib/longlong.c              0x00000000   Number         0  llushr.o ABSOLUTE
    ../clib/microlib/longlong.c              0x00000000   Number         0  llshl.o ABSOLUTE
    ../clib/microlib/string/memcpy.c         0x00000000   Number         0  memcpyb.o ABSOLUTE
    ../clib/microlib/string/memcpy.c         0x00000000   Number         0  memcpya.o ABSOLUTE
    ../clib/microlib/string/memset.c         0x00000000   Number         0  memseta.o ABSOLUTE
    ../clib/microlib/stubs.s                 0x00000000   Number         0  iusefp.o ABSOLUTE
    ../fplib/microlib/fpadd.c                0x00000000   Number         0  dadd.o ABSOLUTE
    ../fplib/microlib/fpdiv.c                0x00000000   Number         0  ddiv.o ABSOLUTE
    ../fplib/microlib/fpepilogue.c           0x00000000   Number         0  depilogue.o ABSOLUTE
    ../fplib/microlib/fpfix.c                0x00000000   Number         0  dfixui.o ABSOLUTE
    ../fplib/microlib/fpflt.c                0x00000000   Number         0  dfltui.o ABSOLUTE
    ../fplib/microlib/fpflt.c                0x00000000   Number         0  dflti.o ABSOLUTE
    ../fplib/microlib/fpmul.c                0x00000000   Number         0  dmul.o ABSOLUTE
    ..\User\main.c                           0x00000000   Number         0  main.o ABSOLUTE
    ..\User\stm32f10x_it.c                   0x00000000   Number         0  stm32f10x_it.o ABSOLUTE
    ..\\stm32lib\\CMSIS\\CM3\\CoreSupport\\core_cm3.c 0x00000000   Number         0  core_cm3.o ABSOLUTE
    ..\bsp\bsp.c                             0x00000000   Number         0  bsp.o ABSOLUTE
    ..\bsp\spi.c                             0x00000000   Number         0  spi.o ABSOLUTE
    ..\bsp\usart.c                           0x00000000   Number         0  usart.o ABSOLUTE
    ..\lora\fifo.c                           0x00000000   Number         0  fifo.o ABSOLUTE
    ..\lora\radio.c                          0x00000000   Number         0  radio.o ABSOLUTE
    ..\lora\sx1276-Hal.c                     0x00000000   Number         0  sx1276-hal.o ABSOLUTE
    ..\lora\sx1276-LoRa.c                    0x00000000   Number         0  sx1276-lora.o ABSOLUTE
    ..\lora\sx1276-LoRaMisc.c                0x00000000   Number         0  sx1276-loramisc.o ABSOLUTE
    ..\lora\sx1276.c                         0x00000000   Number         0  sx1276.o ABSOLUTE
    ..\stm32lib\CMSIS\CM3\CoreSupport\core_cm3.c 0x00000000   Number         0  core_cm3.o ABSOLUTE
    ..\stm32lib\CMSIS\CM3\DeviceSupport\ST\STM32F10x\system_stm32f10x.c 0x00000000   Number         0  system_stm32f10x.o ABSOLUTE
    ..\stm32lib\Libraries\src\misc.c         0x00000000   Number         0  misc.o ABSOLUTE
    ..\stm32lib\Libraries\src\stm32f10x_adc.c 0x00000000   Number         0  stm32f10x_adc.o ABSOLUTE
    ..\stm32lib\Libraries\src\stm32f10x_bkp.c 0x00000000   Number         0  stm32f10x_bkp.o ABSOLUTE
    ..\stm32lib\Libraries\src\stm32f10x_dac.c 0x00000000   Number         0  stm32f10x_dac.o ABSOLUTE
    ..\stm32lib\Libraries\src\stm32f10x_dma.c 0x00000000   Number         0  stm32f10x_dma.o ABSOLUTE
    ..\stm32lib\Libraries\src\stm32f10x_exti.c 0x00000000   Number         0  stm32f10x_exti.o ABSOLUTE
    ..\stm32lib\Libraries\src\stm32f10x_flash.c 0x00000000   Number         0  stm32f10x_flash.o ABSOLUTE
    ..\stm32lib\Libraries\src\stm32f10x_gpio.c 0x00000000   Number         0  stm32f10x_gpio.o ABSOLUTE
    ..\stm32lib\Libraries\src\stm32f10x_i2c.c 0x00000000   Number         0  stm32f10x_i2c.o ABSOLUTE
    ..\stm32lib\Libraries\src\stm32f10x_pwr.c 0x00000000   Number         0  stm32f10x_pwr.o ABSOLUTE
    ..\stm32lib\Libraries\src\stm32f10x_rcc.c 0x00000000   Number         0  stm32f10x_rcc.o ABSOLUTE
    ..\stm32lib\Libraries\src\stm32f10x_rtc.c 0x00000000   Number         0  stm32f10x_rtc.o ABSOLUTE
    ..\stm32lib\Libraries\src\stm32f10x_spi.c 0x00000000   Number         0  stm32f10x_spi.o ABSOLUTE
    ..\stm32lib\Libraries\src\stm32f10x_tim.c 0x00000000   Number         0  stm32f10x_tim.o ABSOLUTE
    ..\stm32lib\Libraries\src\stm32f10x_usart.c 0x00000000   Number         0  stm32f10x_usart.o ABSOLUTE
    ..\stm32lib\Startup\startup_stm32f10x_md.s 0x00000000   Number         0  startup_stm32f10x_md.o ABSOLUTE
    ..\user\lora.c                           0x00000000   Number         0  lora.o ABSOLUTE
    dc.s                                     0x00000000   Number         0  dc.o ABSOLUTE
    handlers.s                               0x00000000   Number         0  handlers.o ABSOLUTE
    init.s                                   0x00000000   Number         0  init.o ABSOLUTE
    RESET                                    0x08000000   Section      236  startup_stm32f10x_md.o(RESET)
    .ARM.Collect$$$$00000000                 0x080000ec   Section        0  entry.o(.ARM.Collect$$$$00000000)
    .ARM.Collect$$$$00000001                 0x080000ec   Section        4  entry2.o(.ARM.Collect$$$$00000001)
    .ARM.Collect$$$$00000004                 0x080000f0   Section        4  entry5.o(.ARM.Collect$$$$00000004)
    .ARM.Collect$$$$00000008                 0x080000f4   Section        0  entry7b.o(.ARM.Collect$$$$00000008)
    .ARM.Collect$$$$0000000A                 0x080000f4   Section        0  entry8b.o(.ARM.Collect$$$$0000000A)
    .ARM.Collect$$$$0000000B                 0x080000f4   Section        8  entry9a.o(.ARM.Collect$$$$0000000B)
    .ARM.Collect$$$$0000000D                 0x080000fc   Section        0  entry10a.o(.ARM.Collect$$$$0000000D)
    .ARM.Collect$$$$0000000F                 0x080000fc   Section        0  entry11a.o(.ARM.Collect$$$$0000000F)
    .ARM.Collect$$$$00002712                 0x080000fc   Section        4  entry2.o(.ARM.Collect$$$$00002712)
    __lit__00000000                          0x080000fc   Data           4  entry2.o(.ARM.Collect$$$$00002712)
    .emb_text                                0x08000100   Section       32  core_cm3.o(.emb_text)
    .text                                    0x08000120   Section        0  lora.o(.text)
    .text                                    0x08000230   Section        0  main.o(.text)
    .text                                    0x08000418   Section        0  stm32f10x_it.o(.text)
    .text                                    0x08000434   Section        0  bsp.o(.text)
    .text                                    0x08000518   Section        0  spi.o(.text)
    .text                                    0x0800065c   Section        0  system_stm32f10x.o(.text)
    SetSysClockTo72                          0x080006bd   Thumb Code   214  system_stm32f10x.o(.text)
    SetSysClock                              0x08000793   Thumb Code     8  system_stm32f10x.o(.text)
    .text                                    0x0800089c   Section        0  stm32f10x_rcc.o(.text)
    .text                                    0x08000c40   Section        0  stm32f10x_spi.o(.text)
    .text                                    0x08000f4c   Section        0  stm32f10x_gpio.o(.text)
    .text                                    0x080012a8   Section       36  startup_stm32f10x_md.o(.text)
    .text                                    0x080012cc   Section        0  stm32f10x_flash.o(.text)
    .text                                    0x08001888   Section        0  sx1276.o(.text)
    .text                                    0x080019cc   Section        0  sx1276-hal.o(.text)
    .text                                    0x08001afc   Section        0  sx1276-lora.o(.text)
    .text                                    0x08002378   Section        0  sx1276-loramisc.o(.text)
    .text                                    0x08002a98   Section        0  memcpya.o(.text)
    .text                                    0x08002abc   Section        0  memseta.o(.text)
    .text                                    0x08002ae0   Section        0  dadd.o(.text)
    .text                                    0x08002c2e   Section        0  dmul.o(.text)
    .text                                    0x08002d12   Section        0  ddiv.o(.text)
    .text                                    0x08002df0   Section        0  dflti.o(.text)
    .text                                    0x08002e12   Section        0  dfltui.o(.text)
    .text                                    0x08002e2c   Section        0  dfixui.o(.text)
    .text                                    0x08002e5e   Section        0  llshl.o(.text)
    .text                                    0x08002e7c   Section        0  llushr.o(.text)
    .text                                    0x08002e9c   Section        0  llsshr.o(.text)
    .text                                    0x08002ec0   Section        0  iusefp.o(.text)
    .text                                    0x08002ec0   Section        0  depilogue.o(.text)
    .text                                    0x08002f7c   Section       36  init.o(.text)
    i.__scatterload_copy                     0x08002fa0   Section       14  handlers.o(i.__scatterload_copy)
    i.__scatterload_null                     0x08002fae   Section        2  handlers.o(i.__scatterload_null)
    i.__scatterload_zeroinit                 0x08002fb0   Section       14  handlers.o(i.__scatterload_zeroinit)
    .constdata                               0x08002fc0   Section      204  sx1276-lora.o(.constdata)
    .data                                    0x20000000   Section        6  main.o(.data)
    .data                                    0x20000008   Section       24  bsp.o(.data)
    .data                                    0x20000020   Section       20  system_stm32f10x.o(.data)
    .data                                    0x20000034   Section       20  stm32f10x_rcc.o(.data)
    APBAHBPrescTable                         0x20000034   Data          16  stm32f10x_rcc.o(.data)
    ADCPrescTable                            0x20000044   Data           4  stm32f10x_rcc.o(.data)
    .data                                    0x20000048   Section        2  sx1276.o(.data)
    LoRaOn                                   0x20000048   Data           1  sx1276.o(.data)
    LoRaOnState                              0x20000049   Data           1  sx1276.o(.data)
    .data                                    0x20000050   Section       64  sx1276-lora.o(.data)
    RFLRState                                0x20000070   Data           1  sx1276-lora.o(.data)
    RxPacketSize                             0x20000072   Data           2  sx1276-lora.o(.data)
    RxPacketSnrEstimate                      0x20000074   Data           1  sx1276-lora.o(.data)
    RxPacketRssiValue                        0x20000078   Data           8  sx1276-lora.o(.data)
    RxGain                                   0x20000080   Data           1  sx1276-lora.o(.data)
    RxTimeoutTimer                           0x20000084   Data           4  sx1276-lora.o(.data)
    PacketTimeout                            0x20000088   Data           4  sx1276-lora.o(.data)
    TxPacketSize                             0x2000008c   Data           2  sx1276-lora.o(.data)
    opModePrev                               0x2000008e   Data           1  sx1276-lora.o(.data)
    antennaSwitchTxOnPrev                    0x2000008f   Data           1  sx1276-lora.o(.data)
    .bss                                     0x20000090   Section      128  lora.o(.bss)
    .bss                                     0x20000110   Section      112  sx1276.o(.bss)
    .bss                                     0x20000180   Section      256  sx1276-lora.o(.bss)
    RFBuffer                                 0x20000180   Data         256  sx1276-lora.o(.bss)
    STACK                                    0x20000280   Section     1024  startup_stm32f10x_md.o(STACK)

    Global Symbols

    Symbol Name                              Value     Ov Type        Size  Object(Section)

    BuildAttributes$$THM_ISAv4$P$D$K$B$S$PE$A:L22UL41UL21$X:L11$S22US41US21$IEEE1$IW$USESV6$~STKCKD$USESV7$~SHL$OSPACE$ROPI$EBA8$MICROLIB$REQ8$PRES8$EABIv2 0x00000000   Number         0  anon$$obj.o ABSOLUTE
    __ARM_use_no_argv                        0x00000000   Number         0  main.o ABSOLUTE
    __cpp_initialize__aeabi_                  - Undefined Weak Reference
    __cxa_finalize                            - Undefined Weak Reference
    __decompress                              - Undefined Weak Reference
    _clock_init                               - Undefined Weak Reference
    _microlib_exit                            - Undefined Weak Reference
    __Vectors_Size                           0x000000ec   Number         0  startup_stm32f10x_md.o ABSOLUTE
    __Vectors                                0x08000000   Data           4  startup_stm32f10x_md.o(RESET)
    __Vectors_End                            0x080000ec   Data           0  startup_stm32f10x_md.o(RESET)
    __main                                   0x080000ed   Thumb Code     0  entry.o(.ARM.Collect$$$$00000000)
    _main_stk                                0x080000ed   Thumb Code     0  entry2.o(.ARM.Collect$$$$00000001)
    _main_scatterload                        0x080000f1   Thumb Code     0  entry5.o(.ARM.Collect$$$$00000004)
    __main_after_scatterload                 0x080000f5   Thumb Code     0  entry5.o(.ARM.Collect$$$$00000004)
    _main_clock                              0x080000f5   Thumb Code     0  entry7b.o(.ARM.Collect$$$$00000008)
    _main_cpp_init                           0x080000f5   Thumb Code     0  entry8b.o(.ARM.Collect$$$$0000000A)
    _main_init                               0x080000f5   Thumb Code     0  entry9a.o(.ARM.Collect$$$$0000000B)
    __rt_final_cpp                           0x080000fd   Thumb Code     0  entry10a.o(.ARM.Collect$$$$0000000D)
    __rt_final_exit                          0x080000fd   Thumb Code     0  entry11a.o(.ARM.Collect$$$$0000000F)
    __get_PSP                                0x08000101   Thumb Code     6  core_cm3.o(.emb_text)
    __set_PSP                                0x08000107   Thumb Code     6  core_cm3.o(.emb_text)
    __get_MSP                                0x0800010d   Thumb Code     6  core_cm3.o(.emb_text)
    __set_MSP                                0x08000113   Thumb Code     6  core_cm3.o(.emb_text)
    __REV16                                  0x08000119   Thumb Code     4  core_cm3.o(.emb_text)
    __REVSH                                  0x0800011d   Thumb Code     4  core_cm3.o(.emb_text)
    check_sum                                0x08000121   Thumb Code    28  lora.o(.text)
    lora_init                                0x0800013d   Thumb Code    12  lora.o(.text)
    lora_send                                0x08000149   Thumb Code   108  lora.o(.text)
    lora_recv                                0x080001b5   Thumb Code   114  lora.o(.text)
    flash_set_param                          0x08000231   Thumb Code    28  main.o(.text)
    flash_get_param                          0x0800024d   Thumb Code     6  main.o(.text)
    flash_erase                              0x08000253   Thumb Code    40  main.o(.text)
    flash_write                              0x0800027b   Thumb Code    66  main.o(.text)
    jump_app                                 0x080002bd   Thumb Code    48  main.o(.text)
    update_app                               0x080002ed   Thumb Code   228  main.o(.text)
    main                                     0x080003d1   Thumb Code    50  main.o(.text)
    RTC_IRQHandler                           0x08000419   Thumb Code     2  stm32f10x_it.o(.text)
    NMI_Handler                              0x0800041b   Thumb Code     2  stm32f10x_it.o(.text)
    HardFault_Handler                        0x0800041d   Thumb Code     4  stm32f10x_it.o(.text)
    MemManage_Handler                        0x08000421   Thumb Code     4  stm32f10x_it.o(.text)
    BusFault_Handler                         0x08000425   Thumb Code     4  stm32f10x_it.o(.text)
    UsageFault_Handler                       0x08000429   Thumb Code     4  stm32f10x_it.o(.text)
    SVC_Handler                              0x0800042d   Thumb Code     2  stm32f10x_it.o(.text)
    DebugMon_Handler                         0x0800042f   Thumb Code     2  stm32f10x_it.o(.text)
    PendSV_Handler                           0x08000431   Thumb Code     2  stm32f10x_it.o(.text)
    led_ctrl                                 0x08000435   Thumb Code    18  bsp.o(.text)
    key_get                                  0x08000447   Thumb Code    22  bsp.o(.text)
    relay_ctrl                               0x0800045d   Thumb Code    20  bsp.o(.text)
    gpio_init                                0x08000471   Thumb Code   110  bsp.o(.text)
    delay_ms                                 0x080004df   Thumb Code    32  bsp.o(.text)
    bsp_init                                 0x080004ff   Thumb Code    12  bsp.o(.text)
    spi1_init                                0x08000519   Thumb Code   120  spi.o(.text)
    spi2_init                                0x08000591   Thumb Code   114  spi.o(.text)
    spi_rw_byte                              0x08000603   Thumb Code    74  spi.o(.text)
    SystemInit                               0x0800065d   Thumb Code    96  system_stm32f10x.o(.text)
    SystemInitx                              0x0800079b   Thumb Code    78  system_stm32f10x.o(.text)
    SystemCoreClockUpdate                    0x080007e9   Thumb Code   142  system_stm32f10x.o(.text)
    RCC_DeInit                               0x0800089d   Thumb Code    64  stm32f10x_rcc.o(.text)
    RCC_HSEConfig                            0x080008dd   Thumb Code    70  stm32f10x_rcc.o(.text)
    RCC_GetFlagStatus                        0x08000923   Thumb Code    56  stm32f10x_rcc.o(.text)
    RCC_WaitForHSEStartUp                    0x0800095b   Thumb Code    56  stm32f10x_rcc.o(.text)
    RCC_AdjustHSICalibrationValue            0x08000993   Thumb Code    20  stm32f10x_rcc.o(.text)
    RCC_HSICmd                               0x080009a7   Thumb Code     6  stm32f10x_rcc.o(.text)
    RCC_PLLConfig                            0x080009ad   Thumb Code    24  stm32f10x_rcc.o(.text)
    RCC_PLLCmd                               0x080009c5   Thumb Code     6  stm32f10x_rcc.o(.text)
    RCC_SYSCLKConfig                         0x080009cb   Thumb Code    18  stm32f10x_rcc.o(.text)
    RCC_GetSYSCLKSource                      0x080009dd   Thumb Code    10  stm32f10x_rcc.o(.text)
    RCC_HCLKConfig                           0x080009e7   Thumb Code    18  stm32f10x_rcc.o(.text)
    RCC_PCLK1Config                          0x080009f9   Thumb Code    18  stm32f10x_rcc.o(.text)
    RCC_PCLK2Config                          0x08000a0b   Thumb Code    20  stm32f10x_rcc.o(.text)
    RCC_ITConfig                             0x08000a1f   Thumb Code    26  stm32f10x_rcc.o(.text)
    RCC_USBCLKConfig                         0x08000a39   Thumb Code     8  stm32f10x_rcc.o(.text)
    RCC_ADCCLKConfig                         0x08000a41   Thumb Code    18  stm32f10x_rcc.o(.text)
    RCC_LSEConfig                            0x08000a53   Thumb Code    50  stm32f10x_rcc.o(.text)
    RCC_LSICmd                               0x08000a85   Thumb Code     6  stm32f10x_rcc.o(.text)
    RCC_RTCCLKConfig                         0x08000a8b   Thumb Code    12  stm32f10x_rcc.o(.text)
    RCC_RTCCLKCmd                            0x08000a97   Thumb Code     8  stm32f10x_rcc.o(.text)
    RCC_GetClocksFreq                        0x08000a9f   Thumb Code   192  stm32f10x_rcc.o(.text)
    RCC_AHBPeriphClockCmd                    0x08000b5f   Thumb Code    26  stm32f10x_rcc.o(.text)
    RCC_APB2PeriphClockCmd                   0x08000b79   Thumb Code    26  stm32f10x_rcc.o(.text)
    RCC_APB1PeriphClockCmd                   0x08000b93   Thumb Code    26  stm32f10x_rcc.o(.text)
    RCC_APB2PeriphResetCmd                   0x08000bad   Thumb Code    26  stm32f10x_rcc.o(.text)
    RCC_APB1PeriphResetCmd                   0x08000bc7   Thumb Code    26  stm32f10x_rcc.o(.text)
    RCC_BackupResetCmd                       0x08000be1   Thumb Code     8  stm32f10x_rcc.o(.text)
    RCC_ClockSecuritySystemCmd               0x08000be9   Thumb Code     6  stm32f10x_rcc.o(.text)
    RCC_MCOConfig                            0x08000bef   Thumb Code     6  stm32f10x_rcc.o(.text)
    RCC_ClearFlag                            0x08000bf5   Thumb Code    14  stm32f10x_rcc.o(.text)
    RCC_GetITStatus                          0x08000c03   Thumb Code    20  stm32f10x_rcc.o(.text)
    RCC_ClearITPendingBit                    0x08000c17   Thumb Code     6  stm32f10x_rcc.o(.text)
    SPI_I2S_DeInit                           0x08000c41   Thumb Code    76  stm32f10x_spi.o(.text)
    SPI_Init                                 0x08000c8d   Thumb Code    60  stm32f10x_spi.o(.text)
    I2S_Init                                 0x08000cc9   Thumb Code   226  stm32f10x_spi.o(.text)
    SPI_StructInit                           0x08000dab   Thumb Code    24  stm32f10x_spi.o(.text)
    I2S_StructInit                           0x08000dc3   Thumb Code    20  stm32f10x_spi.o(.text)
    SPI_Cmd                                  0x08000dd7   Thumb Code    24  stm32f10x_spi.o(.text)
    I2S_Cmd                                  0x08000def   Thumb Code    24  stm32f10x_spi.o(.text)
    SPI_I2S_ITConfig                         0x08000e07   Thumb Code    32  stm32f10x_spi.o(.text)
    SPI_I2S_DMACmd                           0x08000e27   Thumb Code    18  stm32f10x_spi.o(.text)
    SPI_I2S_SendData                         0x08000e39   Thumb Code     4  stm32f10x_spi.o(.text)
    SPI_I2S_ReceiveData                      0x08000e3d   Thumb Code     6  stm32f10x_spi.o(.text)
    SPI_NSSInternalSoftwareConfig            0x08000e43   Thumb Code    30  stm32f10x_spi.o(.text)
    SPI_SSOutputCmd                          0x08000e61   Thumb Code    24  stm32f10x_spi.o(.text)
    SPI_DataSizeConfig                       0x08000e79   Thumb Code    18  stm32f10x_spi.o(.text)
    SPI_TransmitCRC                          0x08000e8b   Thumb Code    10  stm32f10x_spi.o(.text)
    SPI_CalculateCRC                         0x08000e95   Thumb Code    24  stm32f10x_spi.o(.text)
    SPI_GetCRC                               0x08000ead   Thumb Code    16  stm32f10x_spi.o(.text)
    SPI_GetCRCPolynomial                     0x08000ebd   Thumb Code     6  stm32f10x_spi.o(.text)
    SPI_BiDirectionalLineConfig              0x08000ec3   Thumb Code    28  stm32f10x_spi.o(.text)
    SPI_I2S_GetFlagStatus                    0x08000edf   Thumb Code    18  stm32f10x_spi.o(.text)
    SPI_I2S_ClearFlag                        0x08000ef1   Thumb Code     6  stm32f10x_spi.o(.text)
    SPI_I2S_GetITStatus                      0x08000ef7   Thumb Code    52  stm32f10x_spi.o(.text)
    SPI_I2S_ClearITPendingBit                0x08000f2b   Thumb Code    20  stm32f10x_spi.o(.text)
    GPIO_DeInit                              0x08000f4d   Thumb Code   172  stm32f10x_gpio.o(.text)
    GPIO_AFIODeInit                          0x08000ff9   Thumb Code    20  stm32f10x_gpio.o(.text)
    GPIO_Init                                0x0800100d   Thumb Code   278  stm32f10x_gpio.o(.text)
    GPIO_StructInit                          0x08001123   Thumb Code    16  stm32f10x_gpio.o(.text)
    GPIO_ReadInputDataBit                    0x08001133   Thumb Code    18  stm32f10x_gpio.o(.text)
    GPIO_ReadInputData                       0x08001145   Thumb Code     8  stm32f10x_gpio.o(.text)
    GPIO_ReadOutputDataBit                   0x0800114d   Thumb Code    18  stm32f10x_gpio.o(.text)
    GPIO_ReadOutputData                      0x0800115f   Thumb Code     8  stm32f10x_gpio.o(.text)
    GPIO_SetBits                             0x08001167   Thumb Code     4  stm32f10x_gpio.o(.text)
    GPIO_ResetBits                           0x0800116b   Thumb Code     4  stm32f10x_gpio.o(.text)
    GPIO_WriteBit                            0x0800116f   Thumb Code    10  stm32f10x_gpio.o(.text)
    GPIO_Write                               0x08001179   Thumb Code     4  stm32f10x_gpio.o(.text)
    GPIO_PinLockConfig                       0x0800117d   Thumb Code    18  stm32f10x_gpio.o(.text)
    GPIO_EventOutputConfig                   0x0800118f   Thumb Code    26  stm32f10x_gpio.o(.text)
    GPIO_EventOutputCmd                      0x080011a9   Thumb Code     6  stm32f10x_gpio.o(.text)
    GPIO_PinRemapConfig                      0x080011af   Thumb Code   138  stm32f10x_gpio.o(.text)
    GPIO_EXTILineConfig                      0x08001239   Thumb Code    66  stm32f10x_gpio.o(.text)
    GPIO_ETH_MediaInterfaceConfig            0x0800127b   Thumb Code     8  stm32f10x_gpio.o(.text)
    Reset_Handler                            0x080012a9   Thumb Code     8  startup_stm32f10x_md.o(.text)
    OS_CPU_PendSVHandler                     0x080012bf   Thumb Code     2  startup_stm32f10x_md.o(.text)
    SysTick_Handler                          0x080012c1   Thumb Code     2  startup_stm32f10x_md.o(.text)
    ADC1_2_IRQHandler                        0x080012c3   Thumb Code     0  startup_stm32f10x_md.o(.text)
    CAN1_RX1_IRQHandler                      0x080012c3   Thumb Code     0  startup_stm32f10x_md.o(.text)
    CAN1_SCE_IRQHandler                      0x080012c3   Thumb Code     0  startup_stm32f10x_md.o(.text)
    DMA1_Channel1_IRQHandler                 0x080012c3   Thumb Code     0  startup_stm32f10x_md.o(.text)
    DMA1_Channel2_IRQHandler                 0x080012c3   Thumb Code     0  startup_stm32f10x_md.o(.text)
    DMA1_Channel3_IRQHandler                 0x080012c3   Thumb Code     0  startup_stm32f10x_md.o(.text)
    DMA1_Channel4_IRQHandler                 0x080012c3   Thumb Code     0  startup_stm32f10x_md.o(.text)
    DMA1_Channel5_IRQHandler                 0x080012c3   Thumb Code     0  startup_stm32f10x_md.o(.text)
    DMA1_Channel6_IRQHandler                 0x080012c3   Thumb Code     0  startup_stm32f10x_md.o(.text)
    DMA1_Channel7_IRQHandler                 0x080012c3   Thumb Code     0  startup_stm32f10x_md.o(.text)
    EXTI0_IRQHandler                         0x080012c3   Thumb Code     0  startup_stm32f10x_md.o(.text)
    EXTI15_10_IRQHandler                     0x080012c3   Thumb Code     0  startup_stm32f10x_md.o(.text)
    EXTI1_IRQHandler                         0x080012c3   Thumb Code     0  startup_stm32f10x_md.o(.text)
    EXTI2_IRQHandler                         0x080012c3   Thumb Code     0  startup_stm32f10x_md.o(.text)
    EXTI3_IRQHandler                         0x080012c3   Thumb Code     0  startup_stm32f10x_md.o(.text)
    EXTI4_IRQHandler                         0x080012c3   Thumb Code     0  startup_stm32f10x_md.o(.text)
    EXTI9_5_IRQHandler                       0x080012c3   Thumb Code     0  startup_stm32f10x_md.o(.text)
    FLASH_IRQHandler                         0x080012c3   Thumb Code     0  startup_stm32f10x_md.o(.text)
    I2C1_ER_IRQHandler                       0x080012c3   Thumb Code     0  startup_stm32f10x_md.o(.text)
    I2C1_EV_IRQHandler                       0x080012c3   Thumb Code     0  startup_stm32f10x_md.o(.text)
    I2C2_ER_IRQHandler                       0x080012c3   Thumb Code     0  startup_stm32f10x_md.o(.text)
    I2C2_EV_IRQHandler                       0x080012c3   Thumb Code     0  startup_stm32f10x_md.o(.text)
    PVD_IRQHandler                           0x080012c3   Thumb Code     0  startup_stm32f10x_md.o(.text)
    RCC_IRQHandler                           0x080012c3   Thumb Code     0  startup_stm32f10x_md.o(.text)
    RTCAlarm_IRQHandler                      0x080012c3   Thumb Code     0  startup_stm32f10x_md.o(.text)
    SPI1_IRQHandler                          0x080012c3   Thumb Code     0  startup_stm32f10x_md.o(.text)
    SPI2_IRQHandler                          0x080012c3   Thumb Code     0  startup_stm32f10x_md.o(.text)
    TAMPER_IRQHandler                        0x080012c3   Thumb Code     0  startup_stm32f10x_md.o(.text)
    TIM1_BRK_IRQHandler                      0x080012c3   Thumb Code     0  startup_stm32f10x_md.o(.text)
    TIM1_CC_IRQHandler                       0x080012c3   Thumb Code     0  startup_stm32f10x_md.o(.text)
    TIM1_TRG_COM_IRQHandler                  0x080012c3   Thumb Code     0  startup_stm32f10x_md.o(.text)
    TIM1_UP_IRQHandler                       0x080012c3   Thumb Code     0  startup_stm32f10x_md.o(.text)
    TIM2_IRQHandler                          0x080012c3   Thumb Code     0  startup_stm32f10x_md.o(.text)
    TIM3_IRQHandler                          0x080012c3   Thumb Code     0  startup_stm32f10x_md.o(.text)
    TIM4_IRQHandler                          0x080012c3   Thumb Code     0  startup_stm32f10x_md.o(.text)
    USART1_IRQHandler                        0x080012c3   Thumb Code     0  startup_stm32f10x_md.o(.text)
    USART2_IRQHandler                        0x080012c3   Thumb Code     0  startup_stm32f10x_md.o(.text)
    USART3_IRQHandler                        0x080012c3   Thumb Code     0  startup_stm32f10x_md.o(.text)
    USBWakeUp_IRQHandler                     0x080012c3   Thumb Code     0  startup_stm32f10x_md.o(.text)
    USB_HP_CAN1_TX_IRQHandler                0x080012c3   Thumb Code     0  startup_stm32f10x_md.o(.text)
    USB_LP_CAN1_RX0_IRQHandler               0x080012c3   Thumb Code     0  startup_stm32f10x_md.o(.text)
    WWDG_IRQHandler                          0x080012c3   Thumb Code     0  startup_stm32f10x_md.o(.text)
    FLASH_SetLatency                         0x080012cd   Thumb Code    18  stm32f10x_flash.o(.text)
    FLASH_HalfCycleAccessCmd                 0x080012df   Thumb Code    22  stm32f10x_flash.o(.text)
    FLASH_PrefetchBufferCmd                  0x080012f5   Thumb Code    22  stm32f10x_flash.o(.text)
    FLASH_Unlock                             0x0800130b   Thumb Code    12  stm32f10x_flash.o(.text)
    FLASH_UnlockBank1                        0x08001317   Thumb Code    12  stm32f10x_flash.o(.text)
    FLASH_Lock                               0x08001323   Thumb Code    14  stm32f10x_flash.o(.text)
    FLASH_LockBank1                          0x08001331   Thumb Code    14  stm32f10x_flash.o(.text)
    FLASH_GetBank1Status                     0x0800133f   Thumb Code    48  stm32f10x_flash.o(.text)
    FLASH_WaitForLastOperation               0x0800136f   Thumb Code    38  stm32f10x_flash.o(.text)
    FLASH_ErasePage                          0x08001395   Thumb Code    72  stm32f10x_flash.o(.text)
    FLASH_EraseAllPages                      0x080013dd   Thumb Code    68  stm32f10x_flash.o(.text)
    FLASH_WaitForLastBank1Operation          0x08001421   Thumb Code    38  stm32f10x_flash.o(.text)
    FLASH_EraseAllBank1Pages                 0x08001447   Thumb Code    68  stm32f10x_flash.o(.text)
    FLASH_GetReadOutProtectionStatus         0x0800148b   Thumb Code    20  stm32f10x_flash.o(.text)
    FLASH_EraseOptionBytes                   0x0800149f   Thumb Code   150  stm32f10x_flash.o(.text)
    FLASH_ProgramWord                        0x08001535   Thumb Code   102  stm32f10x_flash.o(.text)
    FLASH_ProgramHalfWord                    0x0800159b   Thumb Code    60  stm32f10x_flash.o(.text)
    FLASH_ProgramOptionByteData              0x080015d7   Thumb Code    72  stm32f10x_flash.o(.text)
    FLASH_EnableWriteProtection              0x0800161f   Thumb Code   200  stm32f10x_flash.o(.text)
    FLASH_ReadOutProtection                  0x080016e7   Thumb Code   156  stm32f10x_flash.o(.text)
    FLASH_UserOptionByteConfig               0x08001783   Thumb Code    88  stm32f10x_flash.o(.text)
    FLASH_GetUserOptionByte                  0x080017db   Thumb Code     8  stm32f10x_flash.o(.text)
    FLASH_GetWriteProtectionOptionByte       0x080017e3   Thumb Code     6  stm32f10x_flash.o(.text)
    FLASH_GetPrefetchBufferStatus            0x080017e9   Thumb Code    20  stm32f10x_flash.o(.text)
    FLASH_ITConfig                           0x080017fd   Thumb Code    26  stm32f10x_flash.o(.text)
    FLASH_GetFlagStatus                      0x08001817   Thumb Code    42  stm32f10x_flash.o(.text)
    FLASH_ClearFlag                          0x08001841   Thumb Code     6  stm32f10x_flash.o(.text)
    FLASH_GetStatus                          0x08001847   Thumb Code    48  stm32f10x_flash.o(.text)
    SX1276SetLoRaOn                          0x08001889   Thumb Code   108  sx1276.o(.text)
    SX1276Reset                              0x080018f5   Thumb Code    28  sx1276.o(.text)
    SX1276Init                               0x08001911   Thumb Code    30  sx1276.o(.text)
    SX1276GetLoRaOn                          0x0800192f   Thumb Code     6  sx1276.o(.text)
    SX1276SetOpMode                          0x08001935   Thumb Code    12  sx1276.o(.text)
    SX1276GetOpMode                          0x08001941   Thumb Code     8  sx1276.o(.text)
    SX1276ReadRssi                           0x08001949   Thumb Code     8  sx1276.o(.text)
    SX1276ReadRxGain                         0x08001951   Thumb Code     8  sx1276.o(.text)
    SX1276GetPacketRxGain                    0x08001959   Thumb Code     8  sx1276.o(.text)
    SX1276GetPacketSnr                       0x08001961   Thumb Code     8  sx1276.o(.text)
    SX1276GetPacketRssi                      0x08001969   Thumb Code     8  sx1276.o(.text)
    SX1276GetPacketAfc                       0x08001971   Thumb Code     4  sx1276.o(.text)
    SX1276StartRx                            0x08001975   Thumb Code    10  sx1276.o(.text)
    SX1276GetRxPacket                        0x0800197f   Thumb Code    16  sx1276.o(.text)
    SX1276SetTxPacket                        0x0800198f   Thumb Code    16  sx1276.o(.text)
    SX1276GetRFState                         0x0800199f   Thumb Code     8  sx1276.o(.text)
    SX1276SetRFState                         0x080019a7   Thumb Code    12  sx1276.o(.text)
    SX1276Process                            0x080019b3   Thumb Code     8  sx1276.o(.text)
    SX1276InitIo                             0x080019cd   Thumb Code    62  sx1276-hal.o(.text)
    SX1276SetReset                           0x08001a0b   Thumb Code    28  sx1276-hal.o(.text)
    SX1276WriteBuffer                        0x08001a27   Thumb Code    56  sx1276-hal.o(.text)
    SX1276Write                              0x08001a5f   Thumb Code    16  sx1276-hal.o(.text)
    SX1276ReadBuffer                         0x08001a6f   Thumb Code    58  sx1276-hal.o(.text)
    SX1276Read                               0x08001aa9   Thumb Code    18  sx1276-hal.o(.text)
    SX1276WriteFifo                          0x08001abb   Thumb Code    18  sx1276-hal.o(.text)
    SX1276ReadFifo                           0x08001acd   Thumb Code    18  sx1276-hal.o(.text)
    SX1276ReadDio0                           0x08001adf   Thumb Code     4  sx1276-hal.o(.text)
    SX1276ReadDio1                           0x08001ae3   Thumb Code     4  sx1276-hal.o(.text)
    SX1276ReadDio2                           0x08001ae7   Thumb Code     4  sx1276-hal.o(.text)
    SX1276ReadDio3                           0x08001aeb   Thumb Code     4  sx1276-hal.o(.text)
    SX1276ReadDio4                           0x08001aef   Thumb Code     4  sx1276-hal.o(.text)
    SX1276ReadDio5                           0x08001af3   Thumb Code     4  sx1276-hal.o(.text)
    SX1276WriteRxTx                          0x08001af7   Thumb Code     2  sx1276-hal.o(.text)
    SX1276LoRaSetOpMode                      0x08001afd   Thumb Code    82  sx1276-lora.o(.text)
    SX1276LoRaSetDefaults                    0x08001b4f   Thumb Code    16  sx1276-lora.o(.text)
    SX1276LoRaInit                           0x08001b5f   Thumb Code   144  sx1276-lora.o(.text)
    SX1276LoRaReset                          0x08001bef   Thumb Code    32  sx1276-lora.o(.text)
    SX1276LoRaGetOpMode                      0x08001c0f   Thumb Code    26  sx1276-lora.o(.text)
    SX1276LoRaReadRxGain                     0x08001c29   Thumb Code    24  sx1276-lora.o(.text)
    SX1276LoRaReadRssi                       0x08001c41   Thumb Code    68  sx1276-lora.o(.text)
    SX1276LoRaGetPacketRxGain                0x08001c85   Thumb Code     6  sx1276-lora.o(.text)
    SX1276LoRaGetPacketSnr                   0x08001c8b   Thumb Code     8  sx1276-lora.o(.text)
    SX1276LoRaGetPacketRssi                  0x08001c93   Thumb Code     6  sx1276-lora.o(.text)
    SX1276LoRaSetRFState                     0x08001c99   Thumb Code     6  sx1276-lora.o(.text)
    SX1276LoRaStartRx                        0x08001c9f   Thumb Code    10  sx1276-lora.o(.text)
    SX1276LoRaGetRxPacket                    0x08001ca9   Thumb Code    30  sx1276-lora.o(.text)
    SX1276LoRaSetTxPacket                    0x08001cc7   Thumb Code    28  sx1276-lora.o(.text)
    SX1276LoRaGetRFState                     0x08001ce3   Thumb Code     6  sx1276-lora.o(.text)
    SX1276LoRaProcess                        0x08001ce9   Thumb Code  1674  sx1276-lora.o(.text)
    SX1276LoRaSetRFFrequency                 0x08002379   Thumb Code    74  sx1276-loramisc.o(.text)
    SX1276LoRaGetRFFrequency                 0x080023c3   Thumb Code    82  sx1276-loramisc.o(.text)
    SX1276LoRaSetRFPower                     0x08002415   Thumb Code   252  sx1276-loramisc.o(.text)
    SX1276LoRaGetRFPower                     0x08002511   Thumb Code   116  sx1276-loramisc.o(.text)
    SX1276LoRaSetSignalBandwidth             0x08002585   Thumb Code    50  sx1276-loramisc.o(.text)
    SX1276LoRaGetSignalBandwidth             0x080025b7   Thumb Code    32  sx1276-loramisc.o(.text)
    SX1276LoRaSetNbTrigPeaks                 0x080025d7   Thumb Code    54  sx1276-loramisc.o(.text)
    SX1276LoRaSetSpreadingFactor             0x0800260d   Thumb Code    82  sx1276-loramisc.o(.text)
    SX1276LoRaGetSpreadingFactor             0x0800265f   Thumb Code    32  sx1276-loramisc.o(.text)
    SX1276LoRaSetErrorCoding                 0x0800267f   Thumb Code    54  sx1276-loramisc.o(.text)
    SX1276LoRaGetErrorCoding                 0x080026b5   Thumb Code    36  sx1276-loramisc.o(.text)
    SX1276LoRaSetPacketCrcOn                 0x080026d9   Thumb Code    54  sx1276-loramisc.o(.text)
    SX1276LoRaSetPreambleLength              0x0800270f   Thumb Code    52  sx1276-loramisc.o(.text)
    SX1276LoRaGetPreambleLength              0x08002743   Thumb Code    50  sx1276-loramisc.o(.text)
    SX1276LoRaGetPacketCrcOn                 0x08002775   Thumb Code    44  sx1276-loramisc.o(.text)
    SX1276LoRaSetImplicitHeaderOn            0x080027a1   Thumb Code    52  sx1276-loramisc.o(.text)
    SX1276LoRaGetImplicitHeaderOn            0x080027d5   Thumb Code    34  sx1276-loramisc.o(.text)
    SX1276LoRaSetRxSingleOn                  0x080027f7   Thumb Code     6  sx1276-loramisc.o(.text)
    SX1276LoRaGetRxSingleOn                  0x080027fd   Thumb Code     6  sx1276-loramisc.o(.text)
    SX1276LoRaSetFreqHopOn                   0x08002803   Thumb Code     6  sx1276-loramisc.o(.text)
    SX1276LoRaGetFreqHopOn                   0x08002809   Thumb Code     6  sx1276-loramisc.o(.text)
    SX1276LoRaSetHopPeriod                   0x0800280f   Thumb Code    32  sx1276-loramisc.o(.text)
    SX1276LoRaGetHopPeriod                   0x0800282f   Thumb Code    32  sx1276-loramisc.o(.text)
    SX1276LoRaSetTxPacketTimeout             0x0800284f   Thumb Code     6  sx1276-loramisc.o(.text)
    SX1276LoRaGetTxPacketTimeout             0x08002855   Thumb Code     6  sx1276-loramisc.o(.text)
    SX1276LoRaSetRxPacketTimeout             0x0800285b   Thumb Code     6  sx1276-loramisc.o(.text)
    SX1276LoRaGetRxPacketTimeout             0x08002861   Thumb Code     6  sx1276-loramisc.o(.text)
    SX1276LoRaSetPayloadLength               0x08002867   Thumb Code    32  sx1276-loramisc.o(.text)
    SX1276LoRaGetPayloadLength               0x08002887   Thumb Code    32  sx1276-loramisc.o(.text)
    SX1276LoRaSetPa20dBm                     0x080028a7   Thumb Code    84  sx1276-loramisc.o(.text)
    SX1276LoRaGetPa20dBm                     0x080028fb   Thumb Code    38  sx1276-loramisc.o(.text)
    SX1276LoRaSetPAOutput                    0x08002921   Thumb Code    48  sx1276-loramisc.o(.text)
    SX1276LoRaGetPAOutput                    0x08002951   Thumb Code    26  sx1276-loramisc.o(.text)
    SX1276LoRaSetPaRamp                      0x0800296b   Thumb Code    52  sx1276-loramisc.o(.text)
    SX1276LoRaGetPaRamp                      0x0800299f   Thumb Code    26  sx1276-loramisc.o(.text)
    SX1276LoRaSetSymbTimeout                 0x080029b9   Thumb Code    66  sx1276-loramisc.o(.text)
    SX1276LoRaGetSymbTimeout                 0x080029fb   Thumb Code    38  sx1276-loramisc.o(.text)
    SX1276LoRaSetLowDatarateOptimize         0x08002a21   Thumb Code    56  sx1276-loramisc.o(.text)
    SX1276LoRaGetLowDatarateOptimize         0x08002a59   Thumb Code    28  sx1276-loramisc.o(.text)
    SX1276LoRaGetNbTrigPeaks                 0x08002a75   Thumb Code    28  sx1276-loramisc.o(.text)
    __aeabi_memcpy                           0x08002a99   Thumb Code    36  memcpya.o(.text)
    __aeabi_memcpy4                          0x08002a99   Thumb Code     0  memcpya.o(.text)
    __aeabi_memcpy8                          0x08002a99   Thumb Code     0  memcpya.o(.text)
    __aeabi_memset                           0x08002abd   Thumb Code    14  memseta.o(.text)
    __aeabi_memset4                          0x08002abd   Thumb Code     0  memseta.o(.text)
    __aeabi_memset8                          0x08002abd   Thumb Code     0  memseta.o(.text)
    __aeabi_memclr                           0x08002acb   Thumb Code     4  memseta.o(.text)
    __aeabi_memclr4                          0x08002acb   Thumb Code     0  memseta.o(.text)
    __aeabi_memclr8                          0x08002acb   Thumb Code     0  memseta.o(.text)
    _memset$wrapper                          0x08002acf   Thumb Code    18  memseta.o(.text)
    __aeabi_dadd                             0x08002ae1   Thumb Code   322  dadd.o(.text)
    __aeabi_dsub                             0x08002c23   Thumb Code     6  dadd.o(.text)
    __aeabi_drsub                            0x08002c29   Thumb Code     6  dadd.o(.text)
    __aeabi_dmul                             0x08002c2f   Thumb Code   228  dmul.o(.text)
    __aeabi_ddiv                             0x08002d13   Thumb Code   222  ddiv.o(.text)
    __aeabi_i2d                              0x08002df1   Thumb Code    34  dflti.o(.text)
    __aeabi_ui2d                             0x08002e13   Thumb Code    26  dfltui.o(.text)
    __aeabi_d2uiz                            0x08002e2d   Thumb Code    50  dfixui.o(.text)
    __aeabi_llsl                             0x08002e5f   Thumb Code    30  llshl.o(.text)
    _ll_shift_l                              0x08002e5f   Thumb Code     0  llshl.o(.text)
    __aeabi_llsr                             0x08002e7d   Thumb Code    32  llushr.o(.text)
    _ll_ushift_r                             0x08002e7d   Thumb Code     0  llushr.o(.text)
    __aeabi_lasr                             0x08002e9d   Thumb Code    36  llsshr.o(.text)
    _ll_sshift_r                             0x08002e9d   Thumb Code     0  llsshr.o(.text)
    __I$use$fp                               0x08002ec1   Thumb Code     0  iusefp.o(.text)
    _double_round                            0x08002ec1   Thumb Code    30  depilogue.o(.text)
    _double_epilogue                         0x08002edf   Thumb Code   156  depilogue.o(.text)
    __scatterload                            0x08002f7d   Thumb Code    28  init.o(.text)
    __scatterload_rt2                        0x08002f7d   Thumb Code     0  init.o(.text)
    __scatterload_copy                       0x08002fa1   Thumb Code    14  handlers.o(i.__scatterload_copy)
    __scatterload_null                       0x08002faf   Thumb Code     2  handlers.o(i.__scatterload_null)
    __scatterload_zeroinit                   0x08002fb1   Thumb Code    14  handlers.o(i.__scatterload_zeroinit)
    HoppingFrequencies                       0x08002fc0   Data         204  sx1276-lora.o(.constdata)
    Region$$Table$$Base                      0x0800308c   Number         0  anon$$obj.o(Region$$Table)
    Region$$Table$$Limit                     0x080030ac   Number         0  anon$$obj.o(Region$$Table)
    sys                                      0x20000000   Data           6  main.o(.data)
    led                                      0x20000008   Data           8  bsp.o(.data)
    key                                      0x20000010   Data           8  bsp.o(.data)
    relay                                    0x20000018   Data           8  bsp.o(.data)
    SystemCoreClock                          0x20000020   Data           4  system_stm32f10x.o(.data)
    AHBPrescTable                            0x20000024   Data          16  system_stm32f10x.o(.data)
    LoRaSettings                             0x20000050   Data          28  sx1276-lora.o(.data)
    SX1276LR                                 0x2000006c   Data           4  sx1276-lora.o(.data)
    lora_buf                                 0x20000090   Data         128  lora.o(.bss)
    SX1276Regs                               0x20000110   Data         112  sx1276.o(.bss)
    __initial_sp                             0x20000680   Data           0  startup_stm32f10x_md.o(STACK)



==============================================================================

Memory Map of the image

  Image Entry point : 0x080000ed

  Load Region LR_IROM1 (Base: 0x08000000, Size: 0x0000313c, Max: 0x00003c00, ABSOLUTE)

    Execution Region ER_IROM1 (Base: 0x08000000, Size: 0x000030ac, Max: 0x00003c00, ABSOLUTE)

    Base Addr    Size         Type   Attr      Idx    E Section Name        Object

    0x08000000   0x000000ec   Data   RO          377    RESET               startup_stm32f10x_md.o
    0x080000ec   0x00000000   Code   RO          501  * .ARM.Collect$$$$00000000  mc_w.l(entry.o)
    0x080000ec   0x00000004   Code   RO          522    .ARM.Collect$$$$00000001  mc_w.l(entry2.o)
    0x080000f0   0x00000004   Code   RO          525    .ARM.Collect$$$$00000004  mc_w.l(entry5.o)
    0x080000f4   0x00000000   Code   RO          527    .ARM.Collect$$$$00000008  mc_w.l(entry7b.o)
    0x080000f4   0x00000000   Code   RO          529    .ARM.Collect$$$$0000000A  mc_w.l(entry8b.o)
    0x080000f4   0x00000008   Code   RO          530    .ARM.Collect$$$$0000000B  mc_w.l(entry9a.o)
    0x080000fc   0x00000000   Code   RO          532    .ARM.Collect$$$$0000000D  mc_w.l(entry10a.o)
    0x080000fc   0x00000000   Code   RO          534    .ARM.Collect$$$$0000000F  mc_w.l(entry11a.o)
    0x080000fc   0x00000004   Code   RO          523    .ARM.Collect$$$$00002712  mc_w.l(entry2.o)
    0x08000100   0x00000020   Code   RO          167    .emb_text           core_cm3.o
    0x08000120   0x00000110   Code   RO            1    .text               lora.o
    0x08000230   0x000001e8   Code   RO           98    .text               main.o
    0x08000418   0x0000001a   Code   RO          119    .text               stm32f10x_it.o
    0x08000432   0x00000002   PAD
    0x08000434   0x000000e4   Code   RO          128    .text               bsp.o
    0x08000518   0x00000144   Code   RO          155    .text               spi.o
    0x0800065c   0x00000240   Code   RO          178    .text               system_stm32f10x.o
    0x0800089c   0x000003a4   Code   RO          208    .text               stm32f10x_rcc.o
    0x08000c40   0x0000030c   Code   RO          234    .text               stm32f10x_spi.o
    0x08000f4c   0x0000035c   Code   RO          348    .text               stm32f10x_gpio.o
    0x080012a8   0x00000024   Code   RO          378    .text               startup_stm32f10x_md.o
    0x080012cc   0x000005bc   Code   RO          382    .text               stm32f10x_flash.o
    0x08001888   0x00000144   Code   RO          424    .text               sx1276.o
    0x080019cc   0x00000130   Code   RO          450    .text               sx1276-hal.o
    0x08001afc   0x0000087c   Code   RO          462    .text               sx1276-lora.o
    0x08002378   0x00000720   Code   RO          488    .text               sx1276-loramisc.o
    0x08002a98   0x00000024   Code   RO          504    .text               mc_w.l(memcpya.o)
    0x08002abc   0x00000024   Code   RO          506    .text               mc_w.l(memseta.o)
    0x08002ae0   0x0000014e   Code   RO          510    .text               mf_w.l(dadd.o)
    0x08002c2e   0x000000e4   Code   RO          512    .text               mf_w.l(dmul.o)
    0x08002d12   0x000000de   Code   RO          514    .text               mf_w.l(ddiv.o)
    0x08002df0   0x00000022   Code   RO          516    .text               mf_w.l(dflti.o)
    0x08002e12   0x0000001a   Code   RO          518    .text               mf_w.l(dfltui.o)
    0x08002e2c   0x00000032   Code   RO          520    .text               mf_w.l(dfixui.o)
    0x08002e5e   0x0000001e   Code   RO          536    .text               mc_w.l(llshl.o)
    0x08002e7c   0x00000020   Code   RO          538    .text               mc_w.l(llushr.o)
    0x08002e9c   0x00000024   Code   RO          540    .text               mc_w.l(llsshr.o)
    0x08002ec0   0x00000000   Code   RO          542    .text               mc_w.l(iusefp.o)
    0x08002ec0   0x000000ba   Code   RO          543    .text               mf_w.l(depilogue.o)
    0x08002f7a   0x00000002   PAD
    0x08002f7c   0x00000024   Code   RO          545    .text               mc_w.l(init.o)
    0x08002fa0   0x0000000e   Code   RO          549    i.__scatterload_copy  mc_w.l(handlers.o)
    0x08002fae   0x00000002   Code   RO          550    i.__scatterload_null  mc_w.l(handlers.o)
    0x08002fb0   0x0000000e   Code   RO          551    i.__scatterload_zeroinit  mc_w.l(handlers.o)
    0x08002fbe   0x00000002   PAD
    0x08002fc0   0x000000cc   Data   RO          464    .constdata          sx1276-lora.o
    0x0800308c   0x00000020   Data   RO          547    Region$$Table       anon$$obj.o


    Execution Region RW_IRAM1 (Base: 0x20000000, Size: 0x00000680, Max: 0x00005000, ABSOLUTE)

    Base Addr    Size         Type   Attr      Idx    E Section Name        Object

    0x20000000   0x00000006   Data   RW           99    .data               main.o
    0x20000006   0x00000002   PAD
    0x20000008   0x00000018   Data   RW          129    .data               bsp.o
    0x20000020   0x00000014   Data   RW          179    .data               system_stm32f10x.o
    0x20000034   0x00000014   Data   RW          209    .data               stm32f10x_rcc.o
    0x20000048   0x00000002   Data   RW          426    .data               sx1276.o
    0x2000004a   0x00000006   PAD
    0x20000050   0x00000040   Data   RW          465    .data               sx1276-lora.o
    0x20000090   0x00000080   Zero   RW            2    .bss                lora.o
    0x20000110   0x00000070   Zero   RW          425    .bss                sx1276.o
    0x20000180   0x00000100   Zero   RW          463    .bss                sx1276-lora.o
    0x20000280   0x00000400   Zero   RW          375    STACK               startup_stm32f10x_md.o


==============================================================================

Image component sizes


      Code (inc. data)   RO Data    RW Data    ZI Data      Debug   Object Name

       228         14          0         24          0       1538   bsp.o
        32          0          0          0          0        616   core_cm3.o
       272         10          0          0        128     240025   lora.o
       488         22          0          6          0       3941   main.o
       324         16          0          0          0       1142   spi.o
        36          8        236          0       1024        816   startup_stm32f10x_md.o
      1468         34          0          0          0       8210   stm32f10x_flash.o
       860         38          0          0          0       5733   stm32f10x_gpio.o
        26          0          0          0          0       1193   stm32f10x_it.o
       932         36          0         20          0       8908   stm32f10x_rcc.o
       780         14          0          0          0       6618   stm32f10x_spi.o
       304          4          0          0          0       3453   sx1276-hal.o
      2172        146        204         64        256      20061   sx1276-lora.o
      1824         20          0          0          0       7880   sx1276-loramisc.o
       324         18          0          2        112       3944   sx1276.o
       576         38          0         20          0       2199   system_stm32f10x.o

    ----------------------------------------------------------------------
     10648        418        472        144       1520     316277   Object Totals
         0          0         32          0          0          0   (incl. Generated)
         2          0          0          8          0          0   (incl. Padding)

    ----------------------------------------------------------------------

      Code (inc. data)   RO Data    RW Data    ZI Data      Debug   Library Member Name

         0          0          0          0          0          0   entry.o
         0          0          0          0          0          0   entry10a.o
         0          0          0          0          0          0   entry11a.o
         8          4          0          0          0          0   entry2.o
         4          0          0          0          0          0   entry5.o
         0          0          0          0          0          0   entry7b.o
         0          0          0          0          0          0   entry8b.o
         8          4          0          0          0          0   entry9a.o
        30          0          0          0          0          0   handlers.o
        36          8          0          0          0         68   init.o
         0          0          0          0          0          0   iusefp.o
        30          0          0          0          0         68   llshl.o
        36          0          0          0          0         68   llsshr.o
        32          0          0          0          0         68   llushr.o
        36          0          0          0          0         68   memcpya.o
        36          0          0          0          0        108   memseta.o
       334          0          0          0          0        148   dadd.o
       222          0          0          0          0        100   ddiv.o
       186          0          0          0          0        176   depilogue.o
        50          0          0          0          0         76   dfixui.o
        34          0          0          0          0         76   dflti.o
        26          0          0          0          0         76   dfltui.o
       228          0          0          0          0         96   dmul.o

    ----------------------------------------------------------------------
      1340         16          0          0          0       1196   Library Totals
         4          0          0          0          0          0   (incl. Padding)

    ----------------------------------------------------------------------

      Code (inc. data)   RO Data    RW Data    ZI Data      Debug   Library Name

       256         16          0          0          0        448   mc_w.l
      1080          0          0          0          0        748   mf_w.l

    ----------------------------------------------------------------------
      1340         16          0          0          0       1196   Library Totals

    ----------------------------------------------------------------------

==============================================================================


      Code (inc. data)   RO Data    RW Data    ZI Data      Debug   

     11988        434        472        144       1520     315441   Grand Totals
     11988        434        472        144       1520     315441   ELF Image Totals
     11988        434        472        144          0          0   ROM Totals

==============================================================================

    Total RO  Size (Code + RO Data)                12460 (  12.17kB)
    Total RW  Size (RW Data + ZI Data)              1664 (   1.63kB)
    Total ROM Size (Code + RO Data + RW Data)      12604 (  12.31kB)

==============================================================================

