Component: ARM Compiler 5.06 update 3 (build 300) Tool: armlink [4d35c9]

==============================================================================

Section Cross References

    main.o(.text) refers to bsp.o(.text) for delay_ms
    main.o(.text) refers to core_cm3.o(.emb_text) for __set_MSP
    main.o(.text) refers to sx1276.o(.text) for SX1276SetTxPacket
    main.o(.text) refers to stm32f10x_flash.o(.text) for FLASH_Unlock
    main.o(.text) refers to main.o(.data) for .data
    main.o(.text) refers to main.o(.bss) for .bss
    bsp.o(.text) refers to stm32f10x_gpio.o(.text) for GPIO_WriteBit
    bsp.o(.text) refers to stm32f10x_rcc.o(.text) for RCC_APB2PeriphClockCmd
    bsp.o(.text) refers to stm32f10x_tim.o(.text) for TIM_TimeBaseStructInit
    bsp.o(.text) refers to misc.o(.text) for NVIC_PriorityGroupConfig
    bsp.o(.text) refers to stm32f10x_exti.o(.text) for EXTI_Init
    bsp.o(.text) refers to spi.o(.text) for spi1_init
    usart.o(.text) refers to stm32f10x_rcc.o(.text) for RCC_APB2PeriphClockCmd
    usart.o(.text) refers to stm32f10x_gpio.o(.text) for GPIO_Init
    usart.o(.text) refers to stm32f10x_usart.o(.text) for USART_Init
    spi.o(.text) refers to stm32f10x_rcc.o(.text) for RCC_APB1PeriphClockCmd
    spi.o(.text) refers to stm32f10x_gpio.o(.text) for GPIO_Init
    spi.o(.text) refers to stm32f10x_spi.o(.text) for SPI_Init
    system_stm32f10x.o(.text) refers to system_stm32f10x.o(.data) for .data
    stm32f10x_pwr.o(.text) refers to stm32f10x_rcc.o(.text) for RCC_APB1PeriphResetCmd
    stm32f10x_rcc.o(.text) refers to stm32f10x_rcc.o(.data) for .data
    stm32f10x_spi.o(.text) refers to stm32f10x_rcc.o(.text) for RCC_APB2PeriphResetCmd
    stm32f10x_tim.o(.text) refers to stm32f10x_rcc.o(.text) for RCC_APB1PeriphResetCmd
    stm32f10x_usart.o(.text) refers to stm32f10x_rcc.o(.text) for RCC_APB2PeriphResetCmd
    stm32f10x_adc.o(.text) refers to stm32f10x_rcc.o(.text) for RCC_APB2PeriphResetCmd
    stm32f10x_bkp.o(.text) refers to stm32f10x_rcc.o(.text) for RCC_BackupResetCmd
    stm32f10x_dac.o(.text) refers to stm32f10x_rcc.o(.text) for RCC_APB1PeriphResetCmd
    stm32f10x_gpio.o(.text) refers to stm32f10x_rcc.o(.text) for RCC_APB2PeriphResetCmd
    stm32f10x_i2c.o(.text) refers to stm32f10x_rcc.o(.text) for RCC_APB1PeriphResetCmd
    startup_stm32f10x_md.o(RESET) refers to startup_stm32f10x_md.o(STACK) for __initial_sp
    startup_stm32f10x_md.o(RESET) refers to startup_stm32f10x_md.o(.text) for Reset_Handler
    startup_stm32f10x_md.o(RESET) refers to stm32f10x_it.o(.text) for NMI_Handler
    startup_stm32f10x_md.o(.text) refers to system_stm32f10x.o(.text) for SystemInit
    startup_stm32f10x_md.o(.text) refers to entry.o(.ARM.Collect$$$$00000000) for __main
    radio.o(.text) refers to radio.o(.bss) for .bss
    sx1276.o(.text) refers to sx1276-lora.o(.text) for SX1276LoRaSetOpMode
    sx1276.o(.text) refers to sx1276-hal.o(.text) for SX1276Write
    sx1276.o(.text) refers to bsp.o(.text) for delay_ms
    sx1276.o(.text) refers to sx1276.o(.data) for .data
    sx1276.o(.text) refers to sx1276-lora.o(.data) for SX1276LR
    sx1276.o(.text) refers to sx1276.o(.bss) for .bss
    sx1276-hal.o(.text) refers to stm32f10x_rcc.o(.text) for RCC_APB2PeriphClockCmd
    sx1276-hal.o(.text) refers to stm32f10x_gpio.o(.text) for GPIO_Init
    sx1276-hal.o(.text) refers to spi.o(.text) for spi_read_write_byte
    sx1276-lora.o(.text) refers to sx1276-hal.o(.text) for SX1276Write
    sx1276-lora.o(.text) refers to sx1276-loramisc.o(.text) for SX1276LoRaSetRFFrequency
    sx1276-lora.o(.text) refers to bsp.o(.text) for delay_ms
    sx1276-lora.o(.text) refers to dfltui.o(.text) for __aeabi_ui2d
    sx1276-lora.o(.text) refers to dadd.o(.text) for __aeabi_dadd
    sx1276-lora.o(.text) refers to memcpya.o(.text) for __aeabi_memcpy
    sx1276-lora.o(.text) refers to memseta.o(.text) for __aeabi_memclr
    sx1276-lora.o(.text) refers to dflti.o(.text) for __aeabi_i2d
    sx1276-lora.o(.text) refers to dmul.o(.text) for __aeabi_dmul
    sx1276-lora.o(.text) refers to sx1276-lora.o(.data) for .data
    sx1276-lora.o(.text) refers to sx1276.o(.bss) for SX1276Regs
    sx1276-lora.o(.text) refers to sx1276-lora.o(.bss) for .bss
    sx1276-lora.o(.text) refers to sx1276-lora.o(.constdata) for .constdata
    sx1276-loramisc.o(.text) refers to dfltui.o(.text) for __aeabi_ui2d
    sx1276-loramisc.o(.text) refers to ddiv.o(.text) for __aeabi_ddiv
    sx1276-loramisc.o(.text) refers to dfixui.o(.text) for __aeabi_d2uiz
    sx1276-loramisc.o(.text) refers to sx1276-hal.o(.text) for SX1276WriteBuffer
    sx1276-loramisc.o(.text) refers to dmul.o(.text) for __aeabi_dmul
    sx1276-loramisc.o(.text) refers to sx1276-lora.o(.data) for LoRaSettings
    entry.o(.ARM.Collect$$$$00000000) refers (Special) to entry10a.o(.ARM.Collect$$$$0000000D) for __rt_final_cpp
    entry.o(.ARM.Collect$$$$00000000) refers (Special) to entry11a.o(.ARM.Collect$$$$0000000F) for __rt_final_exit
    entry.o(.ARM.Collect$$$$00000000) refers (Special) to entry7b.o(.ARM.Collect$$$$00000008) for _main_clock
    entry.o(.ARM.Collect$$$$00000000) refers (Special) to entry8b.o(.ARM.Collect$$$$0000000A) for _main_cpp_init
    entry.o(.ARM.Collect$$$$00000000) refers (Special) to entry9a.o(.ARM.Collect$$$$0000000B) for _main_init
    entry.o(.ARM.Collect$$$$00000000) refers (Special) to entry5.o(.ARM.Collect$$$$00000004) for _main_scatterload
    entry.o(.ARM.Collect$$$$00000000) refers (Special) to entry2.o(.ARM.Collect$$$$00000001) for _main_stk
    dadd.o(.text) refers (Special) to iusefp.o(.text) for __I$use$fp
    dadd.o(.text) refers to llshl.o(.text) for __aeabi_llsl
    dadd.o(.text) refers to llsshr.o(.text) for __aeabi_lasr
    dadd.o(.text) refers to depilogue.o(.text) for _double_epilogue
    dmul.o(.text) refers (Special) to iusefp.o(.text) for __I$use$fp
    dmul.o(.text) refers to depilogue.o(.text) for _double_epilogue
    ddiv.o(.text) refers (Special) to iusefp.o(.text) for __I$use$fp
    ddiv.o(.text) refers to depilogue.o(.text) for _double_round
    dflti.o(.text) refers (Special) to iusefp.o(.text) for __I$use$fp
    dflti.o(.text) refers to depilogue.o(.text) for _double_epilogue
    dfltui.o(.text) refers (Special) to iusefp.o(.text) for __I$use$fp
    dfltui.o(.text) refers to depilogue.o(.text) for _double_epilogue
    dfixui.o(.text) refers (Special) to iusefp.o(.text) for __I$use$fp
    dfixui.o(.text) refers to llushr.o(.text) for __aeabi_llsr
    entry2.o(.ARM.Collect$$$$00000001) refers to entry2.o(.ARM.Collect$$$$00002712) for __lit__00000000
    entry2.o(.ARM.Collect$$$$00002712) refers to startup_stm32f10x_md.o(STACK) for __initial_sp
    entry2.o(__vectab_stack_and_reset_area) refers to startup_stm32f10x_md.o(STACK) for __initial_sp
    entry2.o(__vectab_stack_and_reset_area) refers to entry.o(.ARM.Collect$$$$00000000) for __main
    entry5.o(.ARM.Collect$$$$00000004) refers to init.o(.text) for __scatterload
    entry9a.o(.ARM.Collect$$$$0000000B) refers to main.o(.text) for main
    entry9b.o(.ARM.Collect$$$$0000000C) refers to main.o(.text) for main
    depilogue.o(.text) refers to llshl.o(.text) for __aeabi_llsl
    depilogue.o(.text) refers to llushr.o(.text) for __aeabi_llsr
    init.o(.text) refers to entry5.o(.ARM.Collect$$$$00000004) for __main_after_scatterload


==============================================================================

Removing Unused input sections from the image.

    Removing main.o(.data), (4 bytes).
    Removing main.o(.data), (4 bytes).
    Removing main.o(.data), (4 bytes).
    Removing usart.o(.text), (184 bytes).
    Removing stm32f10x_pwr.o(.text), (172 bytes).
    Removing stm32f10x_rtc.o(.text), (272 bytes).
    Removing stm32f10x_usart.o(.text), (808 bytes).
    Removing stm32f10x_adc.o(.text), (816 bytes).
    Removing stm32f10x_bkp.o(.text), (152 bytes).
    Removing stm32f10x_dac.o(.text), (252 bytes).
    Removing stm32f10x_dma.o(.text), (456 bytes).
    Removing stm32f10x_i2c.o(.text), (808 bytes).
    Removing startup_stm32f10x_md.o(HEAP), (512 bytes).
    Removing fifo.o(.text), (128 bytes).
    Removing radio.o(.text), (8 bytes).
    Removing radio.o(.bss), (24 bytes).

16 unused section(s) (total 4604 bytes) removed from the image.

==============================================================================

Image Symbol Table

    Local Symbols

    Symbol Name                              Value     Ov Type        Size  Object(Section)

    ../clib/microlib/init/entry.s            0x00000000   Number         0  entry5.o ABSOLUTE
    ../clib/microlib/init/entry.s            0x00000000   Number         0  entry10b.o ABSOLUTE
    ../clib/microlib/init/entry.s            0x00000000   Number         0  entry10a.o ABSOLUTE
    ../clib/microlib/init/entry.s            0x00000000   Number         0  entry9b.o ABSOLUTE
    ../clib/microlib/init/entry.s            0x00000000   Number         0  entry2.o ABSOLUTE
    ../clib/microlib/init/entry.s            0x00000000   Number         0  entry9a.o ABSOLUTE
    ../clib/microlib/init/entry.s            0x00000000   Number         0  entry.o ABSOLUTE
    ../clib/microlib/init/entry.s            0x00000000   Number         0  entry8b.o ABSOLUTE
    ../clib/microlib/init/entry.s            0x00000000   Number         0  entry7a.o ABSOLUTE
    ../clib/microlib/init/entry.s            0x00000000   Number         0  entry11b.o ABSOLUTE
    ../clib/microlib/init/entry.s            0x00000000   Number         0  entry8a.o ABSOLUTE
    ../clib/microlib/init/entry.s            0x00000000   Number         0  entry11a.o ABSOLUTE
    ../clib/microlib/init/entry.s            0x00000000   Number         0  entry7b.o ABSOLUTE
    ../clib/microlib/longlong.c              0x00000000   Number         0  llsshr.o ABSOLUTE
    ../clib/microlib/longlong.c              0x00000000   Number         0  llushr.o ABSOLUTE
    ../clib/microlib/longlong.c              0x00000000   Number         0  llshl.o ABSOLUTE
    ../clib/microlib/string/memcpy.c         0x00000000   Number         0  memcpyb.o ABSOLUTE
    ../clib/microlib/string/memcpy.c         0x00000000   Number         0  memcpya.o ABSOLUTE
    ../clib/microlib/string/memset.c         0x00000000   Number         0  memseta.o ABSOLUTE
    ../clib/microlib/stubs.s                 0x00000000   Number         0  iusefp.o ABSOLUTE
    ../fplib/microlib/fpadd.c                0x00000000   Number         0  dadd.o ABSOLUTE
    ../fplib/microlib/fpdiv.c                0x00000000   Number         0  ddiv.o ABSOLUTE
    ../fplib/microlib/fpepilogue.c           0x00000000   Number         0  depilogue.o ABSOLUTE
    ../fplib/microlib/fpfix.c                0x00000000   Number         0  dfixui.o ABSOLUTE
    ../fplib/microlib/fpflt.c                0x00000000   Number         0  dfltui.o ABSOLUTE
    ../fplib/microlib/fpflt.c                0x00000000   Number         0  dflti.o ABSOLUTE
    ../fplib/microlib/fpmul.c                0x00000000   Number         0  dmul.o ABSOLUTE
    ..\User\main.c                           0x00000000   Number         0  main.o ABSOLUTE
    ..\User\stm32f10x_it.c                   0x00000000   Number         0  stm32f10x_it.o ABSOLUTE
    ..\\stm32lib\\CMSIS\\CM3\\CoreSupport\\core_cm3.c 0x00000000   Number         0  core_cm3.o ABSOLUTE
    ..\bsp\bsp.c                             0x00000000   Number         0  bsp.o ABSOLUTE
    ..\bsp\spi.c                             0x00000000   Number         0  spi.o ABSOLUTE
    ..\bsp\usart.c                           0x00000000   Number         0  usart.o ABSOLUTE
    ..\lora\fifo.c                           0x00000000   Number         0  fifo.o ABSOLUTE
    ..\lora\radio.c                          0x00000000   Number         0  radio.o ABSOLUTE
    ..\lora\sx1276-Hal.c                     0x00000000   Number         0  sx1276-hal.o ABSOLUTE
    ..\lora\sx1276-LoRa.c                    0x00000000   Number         0  sx1276-lora.o ABSOLUTE
    ..\lora\sx1276-LoRaMisc.c                0x00000000   Number         0  sx1276-loramisc.o ABSOLUTE
    ..\lora\sx1276.c                         0x00000000   Number         0  sx1276.o ABSOLUTE
    ..\stm32lib\CMSIS\CM3\CoreSupport\core_cm3.c 0x00000000   Number         0  core_cm3.o ABSOLUTE
    ..\stm32lib\CMSIS\CM3\DeviceSupport\ST\STM32F10x\system_stm32f10x.c 0x00000000   Number         0  system_stm32f10x.o ABSOLUTE
    ..\stm32lib\Libraries\src\misc.c         0x00000000   Number         0  misc.o ABSOLUTE
    ..\stm32lib\Libraries\src\stm32f10x_adc.c 0x00000000   Number         0  stm32f10x_adc.o ABSOLUTE
    ..\stm32lib\Libraries\src\stm32f10x_bkp.c 0x00000000   Number         0  stm32f10x_bkp.o ABSOLUTE
    ..\stm32lib\Libraries\src\stm32f10x_dac.c 0x00000000   Number         0  stm32f10x_dac.o ABSOLUTE
    ..\stm32lib\Libraries\src\stm32f10x_dma.c 0x00000000   Number         0  stm32f10x_dma.o ABSOLUTE
    ..\stm32lib\Libraries\src\stm32f10x_exti.c 0x00000000   Number         0  stm32f10x_exti.o ABSOLUTE
    ..\stm32lib\Libraries\src\stm32f10x_flash.c 0x00000000   Number         0  stm32f10x_flash.o ABSOLUTE
    ..\stm32lib\Libraries\src\stm32f10x_gpio.c 0x00000000   Number         0  stm32f10x_gpio.o ABSOLUTE
    ..\stm32lib\Libraries\src\stm32f10x_i2c.c 0x00000000   Number         0  stm32f10x_i2c.o ABSOLUTE
    ..\stm32lib\Libraries\src\stm32f10x_pwr.c 0x00000000   Number         0  stm32f10x_pwr.o ABSOLUTE
    ..\stm32lib\Libraries\src\stm32f10x_rcc.c 0x00000000   Number         0  stm32f10x_rcc.o ABSOLUTE
    ..\stm32lib\Libraries\src\stm32f10x_rtc.c 0x00000000   Number         0  stm32f10x_rtc.o ABSOLUTE
    ..\stm32lib\Libraries\src\stm32f10x_spi.c 0x00000000   Number         0  stm32f10x_spi.o ABSOLUTE
    ..\stm32lib\Libraries\src\stm32f10x_tim.c 0x00000000   Number         0  stm32f10x_tim.o ABSOLUTE
    ..\stm32lib\Libraries\src\stm32f10x_usart.c 0x00000000   Number         0  stm32f10x_usart.o ABSOLUTE
    ..\stm32lib\Startup\startup_stm32f10x_md.s 0x00000000   Number         0  startup_stm32f10x_md.o ABSOLUTE
    dc.s                                     0x00000000   Number         0  dc.o ABSOLUTE
    handlers.s                               0x00000000   Number         0  handlers.o ABSOLUTE
    init.s                                   0x00000000   Number         0  init.o ABSOLUTE
    RESET                                    0x08000000   Section      236  startup_stm32f10x_md.o(RESET)
    .ARM.Collect$$$$00000000                 0x080000ec   Section        0  entry.o(.ARM.Collect$$$$00000000)
    .ARM.Collect$$$$00000001                 0x080000ec   Section        4  entry2.o(.ARM.Collect$$$$00000001)
    .ARM.Collect$$$$00000004                 0x080000f0   Section        4  entry5.o(.ARM.Collect$$$$00000004)
    .ARM.Collect$$$$00000008                 0x080000f4   Section        0  entry7b.o(.ARM.Collect$$$$00000008)
    .ARM.Collect$$$$0000000A                 0x080000f4   Section        0  entry8b.o(.ARM.Collect$$$$0000000A)
    .ARM.Collect$$$$0000000B                 0x080000f4   Section        8  entry9a.o(.ARM.Collect$$$$0000000B)
    .ARM.Collect$$$$0000000D                 0x080000fc   Section        0  entry10a.o(.ARM.Collect$$$$0000000D)
    .ARM.Collect$$$$0000000F                 0x080000fc   Section        0  entry11a.o(.ARM.Collect$$$$0000000F)
    .ARM.Collect$$$$00002712                 0x080000fc   Section        4  entry2.o(.ARM.Collect$$$$00002712)
    __lit__00000000                          0x080000fc   Data           4  entry2.o(.ARM.Collect$$$$00002712)
    .emb_text                                0x08000100   Section       32  core_cm3.o(.emb_text)
    .text                                    0x08000120   Section        0  main.o(.text)
    .text                                    0x0800036c   Section        0  stm32f10x_it.o(.text)
    .text                                    0x08000380   Section        0  bsp.o(.text)
    .text                                    0x080005f0   Section        0  spi.o(.text)
    .text                                    0x08000750   Section        0  system_stm32f10x.o(.text)
    SetSysClockTo72                          0x08000795   Thumb Code   160  system_stm32f10x.o(.text)
    .text                                    0x080008e8   Section        0  stm32f10x_rcc.o(.text)
    .text                                    0x08000b9c   Section        0  stm32f10x_spi.o(.text)
    .text                                    0x08000e10   Section        0  stm32f10x_tim.o(.text)
    TI2_Config                               0x080011a3   Thumb Code   166  stm32f10x_tim.o(.text)
    TI1_Config                               0x08001259   Thumb Code    88  stm32f10x_tim.o(.text)
    .text                                    0x08001904   Section        0  misc.o(.text)
    .text                                    0x080019b4   Section        0  stm32f10x_exti.o(.text)
    .text                                    0x08001a9c   Section        0  stm32f10x_gpio.o(.text)
    .text                                    0x08001d08   Section       36  startup_stm32f10x_md.o(.text)
    .text                                    0x08001d2c   Section        0  stm32f10x_flash.o(.text)
    .text                                    0x080021a8   Section        0  sx1276.o(.text)
    .text                                    0x0800227c   Section        0  sx1276-hal.o(.text)
    .text                                    0x08002380   Section        0  sx1276-lora.o(.text)
    .text                                    0x0800295c   Section        0  sx1276-loramisc.o(.text)
    .text                                    0x08002eb4   Section        0  memcpya.o(.text)
    .text                                    0x08002ed8   Section        0  memseta.o(.text)
    .text                                    0x08002efc   Section        0  dadd.o(.text)
    .text                                    0x0800304a   Section        0  dmul.o(.text)
    .text                                    0x0800312e   Section        0  ddiv.o(.text)
    .text                                    0x0800320c   Section        0  dflti.o(.text)
    .text                                    0x0800322e   Section        0  dfltui.o(.text)
    .text                                    0x08003248   Section        0  dfixui.o(.text)
    .text                                    0x0800327a   Section        0  llshl.o(.text)
    .text                                    0x08003298   Section        0  llushr.o(.text)
    .text                                    0x080032b8   Section        0  llsshr.o(.text)
    .text                                    0x080032dc   Section        0  iusefp.o(.text)
    .text                                    0x080032dc   Section        0  depilogue.o(.text)
    .text                                    0x08003398   Section       36  init.o(.text)
    i.__scatterload_copy                     0x080033bc   Section       14  handlers.o(i.__scatterload_copy)
    i.__scatterload_null                     0x080033ca   Section        2  handlers.o(i.__scatterload_null)
    i.__scatterload_zeroinit                 0x080033cc   Section       14  handlers.o(i.__scatterload_zeroinit)
    .constdata                               0x080033dc   Section      204  sx1276-lora.o(.constdata)
    .data                                    0x20000000   Section       16  main.o(.data)
    .data                                    0x20000010   Section       20  system_stm32f10x.o(.data)
    .data                                    0x20000024   Section       20  stm32f10x_rcc.o(.data)
    ADCPrescTable                            0x20000024   Data           4  stm32f10x_rcc.o(.data)
    APBAHBPrescTable                         0x20000028   Data          16  stm32f10x_rcc.o(.data)
    .data                                    0x20000038   Section        2  sx1276.o(.data)
    LoRaOn                                   0x20000038   Data           1  sx1276.o(.data)
    LoRaOnState                              0x20000039   Data           1  sx1276.o(.data)
    .data                                    0x20000040   Section       60  sx1276-lora.o(.data)
    RFLRState                                0x20000040   Data           1  sx1276-lora.o(.data)
    RxGain                                   0x20000041   Data           1  sx1276-lora.o(.data)
    opModePrev                               0x20000042   Data           1  sx1276-lora.o(.data)
    antennaSwitchTxOnPrev                    0x20000043   Data           1  sx1276-lora.o(.data)
    RxPacketSnrEstimate                      0x20000044   Data           1  sx1276-lora.o(.data)
    RxPacketSize                             0x20000046   Data           2  sx1276-lora.o(.data)
    TxPacketSize                             0x20000048   Data           2  sx1276-lora.o(.data)
    RxTimeoutTimer                           0x2000004c   Data           4  sx1276-lora.o(.data)
    PacketTimeout                            0x20000054   Data           4  sx1276-lora.o(.data)
    RxPacketRssiValue                        0x20000058   Data           8  sx1276-lora.o(.data)
    .bss                                     0x2000007c   Section      128  main.o(.bss)
    .bss                                     0x200000fc   Section      112  sx1276.o(.bss)
    .bss                                     0x2000016c   Section      256  sx1276-lora.o(.bss)
    RFBuffer                                 0x2000016c   Data         256  sx1276-lora.o(.bss)
    STACK                                    0x20000270   Section     1024  startup_stm32f10x_md.o(STACK)

    Global Symbols

    Symbol Name                              Value     Ov Type        Size  Object(Section)

    BuildAttributes$$THM_ISAv4$P$D$K$B$S$PE$A:L22UL41UL21$X:L11$S22US41US21$IEEE1$IW$USESV6$~STKCKD$USESV7$~SHL$OSPACE$ROPI$EBA8$MICROLIB$REQ8$PRES8$EABIv2 0x00000000   Number         0  anon$$obj.o ABSOLUTE
    __ARM_use_no_argv                        0x00000000   Number         0  main.o ABSOLUTE
    __cpp_initialize__aeabi_                  - Undefined Weak Reference
    __cxa_finalize                            - Undefined Weak Reference
    __decompress                              - Undefined Weak Reference
    _clock_init                               - Undefined Weak Reference
    _microlib_exit                            - Undefined Weak Reference
    __Vectors_Size                           0x000000ec   Number         0  startup_stm32f10x_md.o ABSOLUTE
    __Vectors                                0x08000000   Data           4  startup_stm32f10x_md.o(RESET)
    __Vectors_End                            0x080000ec   Data           0  startup_stm32f10x_md.o(RESET)
    __main                                   0x080000ed   Thumb Code     0  entry.o(.ARM.Collect$$$$00000000)
    _main_stk                                0x080000ed   Thumb Code     0  entry2.o(.ARM.Collect$$$$00000001)
    _main_scatterload                        0x080000f1   Thumb Code     0  entry5.o(.ARM.Collect$$$$00000004)
    __main_after_scatterload                 0x080000f5   Thumb Code     0  entry5.o(.ARM.Collect$$$$00000004)
    _main_clock                              0x080000f5   Thumb Code     0  entry7b.o(.ARM.Collect$$$$00000008)
    _main_cpp_init                           0x080000f5   Thumb Code     0  entry8b.o(.ARM.Collect$$$$0000000A)
    _main_init                               0x080000f5   Thumb Code     0  entry9a.o(.ARM.Collect$$$$0000000B)
    __rt_final_cpp                           0x080000fd   Thumb Code     0  entry10a.o(.ARM.Collect$$$$0000000D)
    __rt_final_exit                          0x080000fd   Thumb Code     0  entry11a.o(.ARM.Collect$$$$0000000F)
    __get_PSP                                0x08000101   Thumb Code     6  core_cm3.o(.emb_text)
    __set_PSP                                0x08000107   Thumb Code     6  core_cm3.o(.emb_text)
    __get_MSP                                0x0800010d   Thumb Code     6  core_cm3.o(.emb_text)
    __set_MSP                                0x08000113   Thumb Code     6  core_cm3.o(.emb_text)
    __REV16                                  0x08000119   Thumb Code     4  core_cm3.o(.emb_text)
    __REVSH                                  0x0800011d   Thumb Code     4  core_cm3.o(.emb_text)
    jump_app                                 0x08000121   Thumb Code    64  main.o(.text)
    check_sum                                0x08000161   Thumb Code    26  main.o(.text)
    lora_send                                0x0800017b   Thumb Code    74  main.o(.text)
    lora_recv                                0x080001c5   Thumb Code    98  main.o(.text)
    main                                     0x08000227   Thumb Code   308  main.o(.text)
    RTC_IRQHandler                           0x0800036d   Thumb Code     2  stm32f10x_it.o(.text)
    NMI_Handler                              0x0800036f   Thumb Code     2  stm32f10x_it.o(.text)
    HardFault_Handler                        0x08000371   Thumb Code     2  stm32f10x_it.o(.text)
    MemManage_Handler                        0x08000373   Thumb Code     2  stm32f10x_it.o(.text)
    BusFault_Handler                         0x08000375   Thumb Code     2  stm32f10x_it.o(.text)
    UsageFault_Handler                       0x08000377   Thumb Code     2  stm32f10x_it.o(.text)
    SVC_Handler                              0x08000379   Thumb Code     2  stm32f10x_it.o(.text)
    DebugMon_Handler                         0x0800037b   Thumb Code     2  stm32f10x_it.o(.text)
    PendSV_Handler                           0x0800037d   Thumb Code     2  stm32f10x_it.o(.text)
    relay_ctrl                               0x08000381   Thumb Code    12  bsp.o(.text)
    led_init                                 0x0800038d   Thumb Code    40  bsp.o(.text)
    led_ctrl                                 0x080003b5   Thumb Code    12  bsp.o(.text)
    key_get                                  0x080003c1   Thumb Code    20  bsp.o(.text)
    systick_init                             0x080003d5   Thumb Code    58  bsp.o(.text)
    delay_init                               0x0800040f   Thumb Code    68  bsp.o(.text)
    delay_us                                 0x08000453   Thumb Code    44  bsp.o(.text)
    delay_ms                                 0x0800047f   Thumb Code    22  bsp.o(.text)
    timer_init                               0x08000495   Thumb Code    62  bsp.o(.text)
    nvic_init                                0x080004d3   Thumb Code    88  bsp.o(.text)
    gpio_init                                0x0800052b   Thumb Code   120  bsp.o(.text)
    exit_init                                0x080005a3   Thumb Code    48  bsp.o(.text)
    bsp_init                                 0x080005d3   Thumb Code    14  bsp.o(.text)
    spi2_init                                0x080005f1   Thumb Code   112  spi.o(.text)
    spi1_init                                0x08000661   Thumb Code   116  spi.o(.text)
    spi_read_write_byte                      0x080006d5   Thumb Code    50  spi.o(.text)
    spi2_read_write_byte                     0x08000707   Thumb Code    56  spi.o(.text)
    SystemInit                               0x08000751   Thumb Code    68  system_stm32f10x.o(.text)
    SystemInitx                              0x08000835   Thumb Code    64  system_stm32f10x.o(.text)
    SystemCoreClockUpdate                    0x08000875   Thumb Code    84  system_stm32f10x.o(.text)
    RCC_DeInit                               0x080008e9   Thumb Code    50  stm32f10x_rcc.o(.text)
    RCC_HSEConfig                            0x0800091b   Thumb Code    48  stm32f10x_rcc.o(.text)
    RCC_GetFlagStatus                        0x0800094b   Thumb Code    42  stm32f10x_rcc.o(.text)
    RCC_WaitForHSEStartUp                    0x08000975   Thumb Code    44  stm32f10x_rcc.o(.text)
    RCC_AdjustHSICalibrationValue            0x080009a1   Thumb Code    16  stm32f10x_rcc.o(.text)
    RCC_HSICmd                               0x080009b1   Thumb Code     6  stm32f10x_rcc.o(.text)
    RCC_PLLConfig                            0x080009b7   Thumb Code    16  stm32f10x_rcc.o(.text)
    RCC_PLLCmd                               0x080009c7   Thumb Code     6  stm32f10x_rcc.o(.text)
    RCC_SYSCLKConfig                         0x080009cd   Thumb Code    14  stm32f10x_rcc.o(.text)
    RCC_GetSYSCLKSource                      0x080009db   Thumb Code    10  stm32f10x_rcc.o(.text)
    RCC_HCLKConfig                           0x080009e5   Thumb Code    14  stm32f10x_rcc.o(.text)
    RCC_PCLK1Config                          0x080009f3   Thumb Code    14  stm32f10x_rcc.o(.text)
    RCC_PCLK2Config                          0x08000a01   Thumb Code    16  stm32f10x_rcc.o(.text)
    RCC_ITConfig                             0x08000a11   Thumb Code    18  stm32f10x_rcc.o(.text)
    RCC_USBCLKConfig                         0x08000a23   Thumb Code     8  stm32f10x_rcc.o(.text)
    RCC_ADCCLKConfig                         0x08000a2b   Thumb Code    14  stm32f10x_rcc.o(.text)
    RCC_LSEConfig                            0x08000a39   Thumb Code    28  stm32f10x_rcc.o(.text)
    RCC_LSICmd                               0x08000a55   Thumb Code     6  stm32f10x_rcc.o(.text)
    RCC_RTCCLKConfig                         0x08000a5b   Thumb Code    10  stm32f10x_rcc.o(.text)
    RCC_RTCCLKCmd                            0x08000a65   Thumb Code     8  stm32f10x_rcc.o(.text)
    RCC_GetClocksFreq                        0x08000a6d   Thumb Code   128  stm32f10x_rcc.o(.text)
    RCC_AHBPeriphClockCmd                    0x08000aed   Thumb Code    18  stm32f10x_rcc.o(.text)
    RCC_APB2PeriphClockCmd                   0x08000aff   Thumb Code    18  stm32f10x_rcc.o(.text)
    RCC_APB1PeriphClockCmd                   0x08000b11   Thumb Code    18  stm32f10x_rcc.o(.text)
    RCC_APB2PeriphResetCmd                   0x08000b23   Thumb Code    18  stm32f10x_rcc.o(.text)
    RCC_APB1PeriphResetCmd                   0x08000b35   Thumb Code    18  stm32f10x_rcc.o(.text)
    RCC_BackupResetCmd                       0x08000b47   Thumb Code     8  stm32f10x_rcc.o(.text)
    RCC_ClockSecuritySystemCmd               0x08000b4f   Thumb Code     6  stm32f10x_rcc.o(.text)
    RCC_MCOConfig                            0x08000b55   Thumb Code     6  stm32f10x_rcc.o(.text)
    RCC_ClearFlag                            0x08000b5b   Thumb Code    12  stm32f10x_rcc.o(.text)
    RCC_GetITStatus                          0x08000b67   Thumb Code    16  stm32f10x_rcc.o(.text)
    RCC_ClearITPendingBit                    0x08000b77   Thumb Code     6  stm32f10x_rcc.o(.text)
    SPI_I2S_DeInit                           0x08000b9d   Thumb Code    72  stm32f10x_spi.o(.text)
    SPI_Init                                 0x08000be5   Thumb Code    56  stm32f10x_spi.o(.text)
    I2S_Init                                 0x08000c1d   Thumb Code   152  stm32f10x_spi.o(.text)
    SPI_StructInit                           0x08000cb5   Thumb Code    24  stm32f10x_spi.o(.text)
    I2S_StructInit                           0x08000ccd   Thumb Code    18  stm32f10x_spi.o(.text)
    SPI_Cmd                                  0x08000cdf   Thumb Code    20  stm32f10x_spi.o(.text)
    I2S_Cmd                                  0x08000cf3   Thumb Code    20  stm32f10x_spi.o(.text)
    SPI_I2S_ITConfig                         0x08000d07   Thumb Code    24  stm32f10x_spi.o(.text)
    SPI_I2S_DMACmd                           0x08000d1f   Thumb Code    16  stm32f10x_spi.o(.text)
    SPI_I2S_SendData                         0x08000d2f   Thumb Code     4  stm32f10x_spi.o(.text)
    SPI_I2S_ReceiveData                      0x08000d33   Thumb Code     4  stm32f10x_spi.o(.text)
    SPI_NSSInternalSoftwareConfig            0x08000d37   Thumb Code    24  stm32f10x_spi.o(.text)
    SPI_SSOutputCmd                          0x08000d4f   Thumb Code    20  stm32f10x_spi.o(.text)
    SPI_DataSizeConfig                       0x08000d63   Thumb Code    16  stm32f10x_spi.o(.text)
    SPI_TransmitCRC                          0x08000d73   Thumb Code    10  stm32f10x_spi.o(.text)
    SPI_CalculateCRC                         0x08000d7d   Thumb Code    20  stm32f10x_spi.o(.text)
    SPI_GetCRC                               0x08000d91   Thumb Code    12  stm32f10x_spi.o(.text)
    SPI_GetCRCPolynomial                     0x08000d9d   Thumb Code     4  stm32f10x_spi.o(.text)
    SPI_BiDirectionalLineConfig              0x08000da1   Thumb Code    22  stm32f10x_spi.o(.text)
    SPI_I2S_GetFlagStatus                    0x08000db7   Thumb Code    14  stm32f10x_spi.o(.text)
    SPI_I2S_ClearFlag                        0x08000dc5   Thumb Code     6  stm32f10x_spi.o(.text)
    SPI_I2S_GetITStatus                      0x08000dcb   Thumb Code    42  stm32f10x_spi.o(.text)
    SPI_I2S_ClearITPendingBit                0x08000df5   Thumb Code    14  stm32f10x_spi.o(.text)
    TIM_DeInit                               0x08000e11   Thumb Code   304  stm32f10x_tim.o(.text)
    TIM_TimeBaseInit                         0x08000f41   Thumb Code   114  stm32f10x_tim.o(.text)
    TIM_OC1Init                              0x08000fb3   Thumb Code   106  stm32f10x_tim.o(.text)
    TIM_OC2Init                              0x0800101d   Thumb Code   120  stm32f10x_tim.o(.text)
    TIM_OC3Init                              0x08001095   Thumb Code   116  stm32f10x_tim.o(.text)
    TIM_OC4Init                              0x08001109   Thumb Code    90  stm32f10x_tim.o(.text)
    TIM_SetIC4Prescaler                      0x08001163   Thumb Code    24  stm32f10x_tim.o(.text)
    TIM_SetIC3Prescaler                      0x0800117b   Thumb Code    16  stm32f10x_tim.o(.text)
    TIM_SetIC2Prescaler                      0x0800118b   Thumb Code    24  stm32f10x_tim.o(.text)
    TIM_SetIC1Prescaler                      0x08001249   Thumb Code    16  stm32f10x_tim.o(.text)
    TIM_ICInit                               0x080012b1   Thumb Code   272  stm32f10x_tim.o(.text)
    TIM_PWMIConfig                           0x080013c1   Thumb Code   104  stm32f10x_tim.o(.text)
    TIM_BDTRConfig                           0x08001429   Thumb Code    34  stm32f10x_tim.o(.text)
    TIM_TimeBaseStructInit                   0x0800144b   Thumb Code    18  stm32f10x_tim.o(.text)
    TIM_OCStructInit                         0x0800145d   Thumb Code    20  stm32f10x_tim.o(.text)
    TIM_ICStructInit                         0x08001471   Thumb Code    16  stm32f10x_tim.o(.text)
    TIM_BDTRStructInit                       0x08001481   Thumb Code    18  stm32f10x_tim.o(.text)
    TIM_Cmd                                  0x08001493   Thumb Code    20  stm32f10x_tim.o(.text)
    TIM_CtrlPWMOutputs                       0x080014a7   Thumb Code    22  stm32f10x_tim.o(.text)
    TIM_ITConfig                             0x080014bd   Thumb Code    16  stm32f10x_tim.o(.text)
    TIM_GenerateEvent                        0x080014cd   Thumb Code     4  stm32f10x_tim.o(.text)
    TIM_DMAConfig                            0x080014d1   Thumb Code     8  stm32f10x_tim.o(.text)
    TIM_DMACmd                               0x080014d9   Thumb Code    16  stm32f10x_tim.o(.text)
    TIM_InternalClockConfig                  0x080014e9   Thumb Code    10  stm32f10x_tim.o(.text)
    TIM_SelectInputTrigger                   0x080014f3   Thumb Code    12  stm32f10x_tim.o(.text)
    TIM_ITRxExternalClockConfig              0x080014ff   Thumb Code    18  stm32f10x_tim.o(.text)
    TIM_TIxExternalClockConfig               0x08001511   Thumb Code    46  stm32f10x_tim.o(.text)
    TIM_ETRConfig                            0x0800153f   Thumb Code    24  stm32f10x_tim.o(.text)
    TIM_ETRClockMode1Config                  0x08001557   Thumb Code    18  stm32f10x_tim.o(.text)
    TIM_ETRClockMode2Config                  0x08001569   Thumb Code    18  stm32f10x_tim.o(.text)
    TIM_PrescalerConfig                      0x0800157b   Thumb Code     6  stm32f10x_tim.o(.text)
    TIM_CounterModeConfig                    0x08001581   Thumb Code    12  stm32f10x_tim.o(.text)
    TIM_EncoderInterfaceConfig               0x0800158d   Thumb Code    50  stm32f10x_tim.o(.text)
    TIM_ForcedOC1Config                      0x080015bf   Thumb Code    12  stm32f10x_tim.o(.text)
    TIM_ForcedOC2Config                      0x080015cb   Thumb Code    20  stm32f10x_tim.o(.text)
    TIM_ForcedOC3Config                      0x080015df   Thumb Code    12  stm32f10x_tim.o(.text)
    TIM_ForcedOC4Config                      0x080015eb   Thumb Code    20  stm32f10x_tim.o(.text)
    TIM_ARRPreloadConfig                     0x080015ff   Thumb Code    20  stm32f10x_tim.o(.text)
    TIM_SelectCOM                            0x08001613   Thumb Code    20  stm32f10x_tim.o(.text)
    TIM_SelectCCDMA                          0x08001627   Thumb Code    20  stm32f10x_tim.o(.text)
    TIM_CCPreloadControl                     0x0800163b   Thumb Code    20  stm32f10x_tim.o(.text)
    TIM_OC1PreloadConfig                     0x0800164f   Thumb Code    34  stm32f10x_tim.o(.text)
    TIM_OC2PreloadConfig                     0x08001671   Thumb Code    20  stm32f10x_tim.o(.text)
    TIM_OC3PreloadConfig                     0x08001685   Thumb Code    12  stm32f10x_tim.o(.text)
    TIM_OC4PreloadConfig                     0x08001691   Thumb Code    20  stm32f10x_tim.o(.text)
    TIM_OC1FastConfig                        0x080016a5   Thumb Code    12  stm32f10x_tim.o(.text)
    TIM_OC2FastConfig                        0x080016b1   Thumb Code    20  stm32f10x_tim.o(.text)
    TIM_OC3FastConfig                        0x080016c5   Thumb Code    12  stm32f10x_tim.o(.text)
    TIM_OC4FastConfig                        0x080016d1   Thumb Code    20  stm32f10x_tim.o(.text)
    TIM_ClearOC1Ref                          0x080016e5   Thumb Code    12  stm32f10x_tim.o(.text)
    TIM_ClearOC2Ref                          0x080016f1   Thumb Code    20  stm32f10x_tim.o(.text)
    TIM_ClearOC3Ref                          0x08001705   Thumb Code    12  stm32f10x_tim.o(.text)
    TIM_ClearOC4Ref                          0x08001711   Thumb Code    20  stm32f10x_tim.o(.text)
    TIM_OC1PolarityConfig                    0x08001725   Thumb Code    12  stm32f10x_tim.o(.text)
    TIM_OC1NPolarityConfig                   0x08001731   Thumb Code    12  stm32f10x_tim.o(.text)
    TIM_OC2PolarityConfig                    0x0800173d   Thumb Code    20  stm32f10x_tim.o(.text)
    TIM_OC2NPolarityConfig                   0x08001751   Thumb Code    20  stm32f10x_tim.o(.text)
    TIM_OC3PolarityConfig                    0x08001765   Thumb Code    20  stm32f10x_tim.o(.text)
    TIM_OC3NPolarityConfig                   0x08001779   Thumb Code    20  stm32f10x_tim.o(.text)
    TIM_OC4PolarityConfig                    0x0800178d   Thumb Code    20  stm32f10x_tim.o(.text)
    TIM_CCxCmd                               0x080017a1   Thumb Code    22  stm32f10x_tim.o(.text)
    TIM_CCxNCmd                              0x080017b7   Thumb Code    22  stm32f10x_tim.o(.text)
    TIM_SelectOCxM                           0x080017cd   Thumb Code    70  stm32f10x_tim.o(.text)
    TIM_UpdateDisableConfig                  0x08001813   Thumb Code    20  stm32f10x_tim.o(.text)
    TIM_UpdateRequestConfig                  0x08001827   Thumb Code    20  stm32f10x_tim.o(.text)
    TIM_SelectHallSensor                     0x0800183b   Thumb Code    20  stm32f10x_tim.o(.text)
    TIM_SelectOnePulseMode                   0x0800184f   Thumb Code    16  stm32f10x_tim.o(.text)
    TIM_SelectOutputTrigger                  0x0800185f   Thumb Code    16  stm32f10x_tim.o(.text)
    TIM_SelectSlaveMode                      0x0800186f   Thumb Code    16  stm32f10x_tim.o(.text)
    TIM_SelectMasterSlaveMode                0x0800187f   Thumb Code    16  stm32f10x_tim.o(.text)
    TIM_SetCounter                           0x0800188f   Thumb Code     4  stm32f10x_tim.o(.text)
    TIM_SetAutoreload                        0x08001893   Thumb Code     4  stm32f10x_tim.o(.text)
    TIM_SetCompare1                          0x08001897   Thumb Code     4  stm32f10x_tim.o(.text)
    TIM_SetCompare2                          0x0800189b   Thumb Code     4  stm32f10x_tim.o(.text)
    TIM_SetCompare3                          0x0800189f   Thumb Code     4  stm32f10x_tim.o(.text)
    TIM_SetCompare4                          0x080018a3   Thumb Code     6  stm32f10x_tim.o(.text)
    TIM_SetClockDivision                     0x080018a9   Thumb Code    16  stm32f10x_tim.o(.text)
    TIM_GetCapture1                          0x080018b9   Thumb Code     4  stm32f10x_tim.o(.text)
    TIM_GetCapture2                          0x080018bd   Thumb Code     4  stm32f10x_tim.o(.text)
    TIM_GetCapture3                          0x080018c1   Thumb Code     4  stm32f10x_tim.o(.text)
    TIM_GetCapture4                          0x080018c5   Thumb Code     6  stm32f10x_tim.o(.text)
    TIM_GetCounter                           0x080018cb   Thumb Code     4  stm32f10x_tim.o(.text)
    TIM_GetPrescaler                         0x080018cf   Thumb Code     4  stm32f10x_tim.o(.text)
    TIM_GetFlagStatus                        0x080018d3   Thumb Code    14  stm32f10x_tim.o(.text)
    TIM_ClearFlag                            0x080018e1   Thumb Code     6  stm32f10x_tim.o(.text)
    TIM_GetITStatus                          0x080018e7   Thumb Code    24  stm32f10x_tim.o(.text)
    TIM_ClearITPendingBit                    0x080018ff   Thumb Code     6  stm32f10x_tim.o(.text)
    NVIC_PriorityGroupConfig                 0x08001905   Thumb Code    10  misc.o(.text)
    NVIC_Init                                0x0800190f   Thumb Code    94  misc.o(.text)
    NVIC_SetVectorTable                      0x0800196d   Thumb Code    14  misc.o(.text)
    NVIC_SystemLPConfig                      0x0800197b   Thumb Code    20  misc.o(.text)
    SysTick_CLKSourceConfig                  0x0800198f   Thumb Code    24  misc.o(.text)
    EXTI_DeInit                              0x080019b5   Thumb Code    28  stm32f10x_exti.o(.text)
    EXTI_Init                                0x080019d1   Thumb Code   108  stm32f10x_exti.o(.text)
    EXTI_StructInit                          0x08001a3d   Thumb Code    14  stm32f10x_exti.o(.text)
    EXTI_GenerateSWInterrupt                 0x08001a4b   Thumb Code    12  stm32f10x_exti.o(.text)
    EXTI_GetFlagStatus                       0x08001a57   Thumb Code    18  stm32f10x_exti.o(.text)
    EXTI_ClearFlag                           0x08001a69   Thumb Code     8  stm32f10x_exti.o(.text)
    EXTI_GetITStatus                         0x08001a71   Thumb Code    28  stm32f10x_exti.o(.text)
    EXTI_ClearITPendingBit                   0x08001a8d   Thumb Code     8  stm32f10x_exti.o(.text)
    GPIO_DeInit                              0x08001a9d   Thumb Code   152  stm32f10x_gpio.o(.text)
    GPIO_AFIODeInit                          0x08001b35   Thumb Code    22  stm32f10x_gpio.o(.text)
    GPIO_Init                                0x08001b4b   Thumb Code   164  stm32f10x_gpio.o(.text)
    GPIO_StructInit                          0x08001bef   Thumb Code    16  stm32f10x_gpio.o(.text)
    GPIO_ReadInputDataBit                    0x08001bff   Thumb Code    14  stm32f10x_gpio.o(.text)
    GPIO_ReadInputData                       0x08001c0d   Thumb Code     6  stm32f10x_gpio.o(.text)
    GPIO_ReadOutputDataBit                   0x08001c13   Thumb Code    14  stm32f10x_gpio.o(.text)
    GPIO_ReadOutputData                      0x08001c21   Thumb Code     6  stm32f10x_gpio.o(.text)
    GPIO_SetBits                             0x08001c27   Thumb Code     4  stm32f10x_gpio.o(.text)
    GPIO_ResetBits                           0x08001c2b   Thumb Code     4  stm32f10x_gpio.o(.text)
    GPIO_WriteBit                            0x08001c2f   Thumb Code    10  stm32f10x_gpio.o(.text)
    GPIO_Write                               0x08001c39   Thumb Code     4  stm32f10x_gpio.o(.text)
    GPIO_PinLockConfig                       0x08001c3d   Thumb Code    16  stm32f10x_gpio.o(.text)
    GPIO_EventOutputConfig                   0x08001c4d   Thumb Code    22  stm32f10x_gpio.o(.text)
    GPIO_EventOutputCmd                      0x08001c63   Thumb Code     6  stm32f10x_gpio.o(.text)
    GPIO_PinRemapConfig                      0x08001c69   Thumb Code    82  stm32f10x_gpio.o(.text)
    GPIO_EXTILineConfig                      0x08001cbb   Thumb Code    34  stm32f10x_gpio.o(.text)
    GPIO_ETH_MediaInterfaceConfig            0x08001cdd   Thumb Code     8  stm32f10x_gpio.o(.text)
    Reset_Handler                            0x08001d09   Thumb Code     8  startup_stm32f10x_md.o(.text)
    OS_CPU_PendSVHandler                     0x08001d1f   Thumb Code     2  startup_stm32f10x_md.o(.text)
    SysTick_Handler                          0x08001d21   Thumb Code     2  startup_stm32f10x_md.o(.text)
    ADC1_2_IRQHandler                        0x08001d23   Thumb Code     0  startup_stm32f10x_md.o(.text)
    CAN1_RX1_IRQHandler                      0x08001d23   Thumb Code     0  startup_stm32f10x_md.o(.text)
    CAN1_SCE_IRQHandler                      0x08001d23   Thumb Code     0  startup_stm32f10x_md.o(.text)
    DMA1_Channel1_IRQHandler                 0x08001d23   Thumb Code     0  startup_stm32f10x_md.o(.text)
    DMA1_Channel2_IRQHandler                 0x08001d23   Thumb Code     0  startup_stm32f10x_md.o(.text)
    DMA1_Channel3_IRQHandler                 0x08001d23   Thumb Code     0  startup_stm32f10x_md.o(.text)
    DMA1_Channel4_IRQHandler                 0x08001d23   Thumb Code     0  startup_stm32f10x_md.o(.text)
    DMA1_Channel5_IRQHandler                 0x08001d23   Thumb Code     0  startup_stm32f10x_md.o(.text)
    DMA1_Channel6_IRQHandler                 0x08001d23   Thumb Code     0  startup_stm32f10x_md.o(.text)
    DMA1_Channel7_IRQHandler                 0x08001d23   Thumb Code     0  startup_stm32f10x_md.o(.text)
    EXTI0_IRQHandler                         0x08001d23   Thumb Code     0  startup_stm32f10x_md.o(.text)
    EXTI15_10_IRQHandler                     0x08001d23   Thumb Code     0  startup_stm32f10x_md.o(.text)
    EXTI1_IRQHandler                         0x08001d23   Thumb Code     0  startup_stm32f10x_md.o(.text)
    EXTI2_IRQHandler                         0x08001d23   Thumb Code     0  startup_stm32f10x_md.o(.text)
    EXTI3_IRQHandler                         0x08001d23   Thumb Code     0  startup_stm32f10x_md.o(.text)
    EXTI4_IRQHandler                         0x08001d23   Thumb Code     0  startup_stm32f10x_md.o(.text)
    EXTI9_5_IRQHandler                       0x08001d23   Thumb Code     0  startup_stm32f10x_md.o(.text)
    FLASH_IRQHandler                         0x08001d23   Thumb Code     0  startup_stm32f10x_md.o(.text)
    I2C1_ER_IRQHandler                       0x08001d23   Thumb Code     0  startup_stm32f10x_md.o(.text)
    I2C1_EV_IRQHandler                       0x08001d23   Thumb Code     0  startup_stm32f10x_md.o(.text)
    I2C2_ER_IRQHandler                       0x08001d23   Thumb Code     0  startup_stm32f10x_md.o(.text)
    I2C2_EV_IRQHandler                       0x08001d23   Thumb Code     0  startup_stm32f10x_md.o(.text)
    PVD_IRQHandler                           0x08001d23   Thumb Code     0  startup_stm32f10x_md.o(.text)
    RCC_IRQHandler                           0x08001d23   Thumb Code     0  startup_stm32f10x_md.o(.text)
    RTCAlarm_IRQHandler                      0x08001d23   Thumb Code     0  startup_stm32f10x_md.o(.text)
    SPI1_IRQHandler                          0x08001d23   Thumb Code     0  startup_stm32f10x_md.o(.text)
    SPI2_IRQHandler                          0x08001d23   Thumb Code     0  startup_stm32f10x_md.o(.text)
    TAMPER_IRQHandler                        0x08001d23   Thumb Code     0  startup_stm32f10x_md.o(.text)
    TIM1_BRK_IRQHandler                      0x08001d23   Thumb Code     0  startup_stm32f10x_md.o(.text)
    TIM1_CC_IRQHandler                       0x08001d23   Thumb Code     0  startup_stm32f10x_md.o(.text)
    TIM1_TRG_COM_IRQHandler                  0x08001d23   Thumb Code     0  startup_stm32f10x_md.o(.text)
    TIM1_UP_IRQHandler                       0x08001d23   Thumb Code     0  startup_stm32f10x_md.o(.text)
    TIM2_IRQHandler                          0x08001d23   Thumb Code     0  startup_stm32f10x_md.o(.text)
    TIM3_IRQHandler                          0x08001d23   Thumb Code     0  startup_stm32f10x_md.o(.text)
    TIM4_IRQHandler                          0x08001d23   Thumb Code     0  startup_stm32f10x_md.o(.text)
    USART1_IRQHandler                        0x08001d23   Thumb Code     0  startup_stm32f10x_md.o(.text)
    USART2_IRQHandler                        0x08001d23   Thumb Code     0  startup_stm32f10x_md.o(.text)
    USART3_IRQHandler                        0x08001d23   Thumb Code     0  startup_stm32f10x_md.o(.text)
    USBWakeUp_IRQHandler                     0x08001d23   Thumb Code     0  startup_stm32f10x_md.o(.text)
    USB_HP_CAN1_TX_IRQHandler                0x08001d23   Thumb Code     0  startup_stm32f10x_md.o(.text)
    USB_LP_CAN1_RX0_IRQHandler               0x08001d23   Thumb Code     0  startup_stm32f10x_md.o(.text)
    WWDG_IRQHandler                          0x08001d23   Thumb Code     0  startup_stm32f10x_md.o(.text)
    FLASH_SetLatency                         0x08001d2d   Thumb Code    14  stm32f10x_flash.o(.text)
    FLASH_HalfCycleAccessCmd                 0x08001d3b   Thumb Code    18  stm32f10x_flash.o(.text)
    FLASH_PrefetchBufferCmd                  0x08001d4d   Thumb Code    18  stm32f10x_flash.o(.text)
    FLASH_Unlock                             0x08001d5f   Thumb Code    12  stm32f10x_flash.o(.text)
    FLASH_UnlockBank1                        0x08001d6b   Thumb Code    12  stm32f10x_flash.o(.text)
    FLASH_Lock                               0x08001d77   Thumb Code    12  stm32f10x_flash.o(.text)
    FLASH_LockBank1                          0x08001d83   Thumb Code    12  stm32f10x_flash.o(.text)
    FLASH_GetBank1Status                     0x08001d8f   Thumb Code    34  stm32f10x_flash.o(.text)
    FLASH_WaitForLastOperation               0x08001db1   Thumb Code    36  stm32f10x_flash.o(.text)
    FLASH_ErasePage                          0x08001dd5   Thumb Code    56  stm32f10x_flash.o(.text)
    FLASH_EraseAllPages                      0x08001e0d   Thumb Code    52  stm32f10x_flash.o(.text)
    FLASH_WaitForLastBank1Operation          0x08001e41   Thumb Code    36  stm32f10x_flash.o(.text)
    FLASH_EraseAllBank1Pages                 0x08001e65   Thumb Code    52  stm32f10x_flash.o(.text)
    FLASH_GetReadOutProtectionStatus         0x08001e99   Thumb Code    14  stm32f10x_flash.o(.text)
    FLASH_EraseOptionBytes                   0x08001ea7   Thumb Code   108  stm32f10x_flash.o(.text)
    FLASH_ProgramWord                        0x08001f13   Thumb Code    72  stm32f10x_flash.o(.text)
    FLASH_ProgramHalfWord                    0x08001f5b   Thumb Code    48  stm32f10x_flash.o(.text)
    FLASH_ProgramOptionByteData              0x08001f8b   Thumb Code    62  stm32f10x_flash.o(.text)
    FLASH_EnableWriteProtection              0x08001fc9   Thumb Code   150  stm32f10x_flash.o(.text)
    FLASH_ReadOutProtection                  0x0800205f   Thumb Code   118  stm32f10x_flash.o(.text)
    FLASH_UserOptionByteConfig               0x080020d5   Thumb Code    92  stm32f10x_flash.o(.text)
    FLASH_GetUserOptionByte                  0x08002131   Thumb Code     8  stm32f10x_flash.o(.text)
    FLASH_GetWriteProtectionOptionByte       0x08002139   Thumb Code     6  stm32f10x_flash.o(.text)
    FLASH_GetPrefetchBufferStatus            0x0800213f   Thumb Code    14  stm32f10x_flash.o(.text)
    FLASH_ITConfig                           0x0800214d   Thumb Code    18  stm32f10x_flash.o(.text)
    FLASH_GetFlagStatus                      0x0800215f   Thumb Code    28  stm32f10x_flash.o(.text)
    FLASH_ClearFlag                          0x0800217b   Thumb Code     6  stm32f10x_flash.o(.text)
    FLASH_GetStatus                          0x08002181   Thumb Code    34  stm32f10x_flash.o(.text)
    SX1276SetLoRaOn                          0x080021a9   Thumb Code    76  sx1276.o(.text)
    SX1276Reset                              0x080021f5   Thumb Code    30  sx1276.o(.text)
    SX1276Init                               0x08002213   Thumb Code    32  sx1276.o(.text)
    SX1276GetLoRaOn                          0x08002233   Thumb Code     6  sx1276.o(.text)
    SX1276SetOpMode                          0x08002239   Thumb Code     4  sx1276.o(.text)
    SX1276GetOpMode                          0x0800223d   Thumb Code     4  sx1276.o(.text)
    SX1276ReadRssi                           0x08002241   Thumb Code     4  sx1276.o(.text)
    SX1276ReadRxGain                         0x08002245   Thumb Code     4  sx1276.o(.text)
    SX1276GetPacketRxGain                    0x08002249   Thumb Code     4  sx1276.o(.text)
    SX1276GetPacketSnr                       0x0800224d   Thumb Code     4  sx1276.o(.text)
    SX1276GetPacketRssi                      0x08002251   Thumb Code     4  sx1276.o(.text)
    SX1276GetPacketAfc                       0x08002255   Thumb Code     2  sx1276.o(.text)
    SX1276StartRx                            0x08002257   Thumb Code     6  sx1276.o(.text)
    SX1276GetRxPacket                        0x0800225d   Thumb Code     4  sx1276.o(.text)
    SX1276SetTxPacket                        0x08002261   Thumb Code     4  sx1276.o(.text)
    SX1276GetRFState                         0x08002265   Thumb Code     4  sx1276.o(.text)
    SX1276SetRFState                         0x08002269   Thumb Code     4  sx1276.o(.text)
    SX1276Process                            0x0800226d   Thumb Code     4  sx1276.o(.text)
    SX1276InitIo                             0x0800227d   Thumb Code    60  sx1276-hal.o(.text)
    SX1276SetReset                           0x080022b9   Thumb Code    20  sx1276-hal.o(.text)
    SX1276WriteBuffer                        0x080022cd   Thumb Code    58  sx1276-hal.o(.text)
    SX1276Write                              0x08002307   Thumb Code    12  sx1276-hal.o(.text)
    SX1276ReadBuffer                         0x08002313   Thumb Code    60  sx1276-hal.o(.text)
    SX1276Read                               0x0800234f   Thumb Code     4  sx1276-hal.o(.text)
    SX1276WriteFifo                          0x08002353   Thumb Code     8  sx1276-hal.o(.text)
    SX1276ReadFifo                           0x0800235b   Thumb Code     8  sx1276-hal.o(.text)
    SX1276ReadDio0                           0x08002363   Thumb Code     4  sx1276-hal.o(.text)
    SX1276ReadDio1                           0x08002367   Thumb Code     4  sx1276-hal.o(.text)
    SX1276ReadDio2                           0x0800236b   Thumb Code     4  sx1276-hal.o(.text)
    SX1276ReadDio3                           0x0800236f   Thumb Code     4  sx1276-hal.o(.text)
    SX1276ReadDio4                           0x08002373   Thumb Code     4  sx1276-hal.o(.text)
    SX1276ReadDio5                           0x08002377   Thumb Code     4  sx1276-hal.o(.text)
    SX1276WriteRxTx                          0x0800237b   Thumb Code     2  sx1276-hal.o(.text)
    SX1276LoRaSetOpMode                      0x08002381   Thumb Code    54  sx1276-lora.o(.text)
    SX1276LoRaSetDefaults                    0x080023b7   Thumb Code    12  sx1276-lora.o(.text)
    SX1276LoRaInit                           0x080023c3   Thumb Code   128  sx1276-lora.o(.text)
    SX1276LoRaReset                          0x08002443   Thumb Code    34  sx1276-lora.o(.text)
    SX1276LoRaGetOpMode                      0x08002465   Thumb Code    24  sx1276-lora.o(.text)
    SX1276LoRaReadRxGain                     0x0800247d   Thumb Code    22  sx1276-lora.o(.text)
    SX1276LoRaReadRssi                       0x08002493   Thumb Code    56  sx1276-lora.o(.text)
    SX1276LoRaGetPacketRxGain                0x080024cb   Thumb Code     6  sx1276-lora.o(.text)
    SX1276LoRaGetPacketSnr                   0x080024d1   Thumb Code     8  sx1276-lora.o(.text)
    SX1276LoRaGetPacketRssi                  0x080024d9   Thumb Code     8  sx1276-lora.o(.text)
    SX1276LoRaSetRFState                     0x080024e1   Thumb Code     6  sx1276-lora.o(.text)
    SX1276LoRaStartRx                        0x080024e7   Thumb Code     8  sx1276-lora.o(.text)
    SX1276LoRaGetRxPacket                    0x080024ef   Thumb Code    16  sx1276-lora.o(.text)
    SX1276LoRaSetTxPacket                    0x080024ff   Thumb Code    22  sx1276-lora.o(.text)
    SX1276LoRaGetRFState                     0x08002515   Thumb Code     6  sx1276-lora.o(.text)
    SX1276LoRaProcess                        0x0800251b   Thumb Code  1084  sx1276-lora.o(.text)
    SX1276LoRaSetRFFrequency                 0x0800295d   Thumb Code    50  sx1276-loramisc.o(.text)
    SX1276LoRaGetRFFrequency                 0x0800298f   Thumb Code    54  sx1276-loramisc.o(.text)
    SX1276LoRaSetRFPower                     0x080029c5   Thumb Code   146  sx1276-loramisc.o(.text)
    SX1276LoRaGetRFPower                     0x08002a57   Thumb Code    68  sx1276-loramisc.o(.text)
    SX1276LoRaSetSignalBandwidth             0x08002a9b   Thumb Code    40  sx1276-loramisc.o(.text)
    SX1276LoRaGetSignalBandwidth             0x08002ac3   Thumb Code    26  sx1276-loramisc.o(.text)
    SX1276LoRaSetNbTrigPeaks                 0x08002add   Thumb Code    40  sx1276-loramisc.o(.text)
    SX1276LoRaSetSpreadingFactor             0x08002b05   Thumb Code    74  sx1276-loramisc.o(.text)
    SX1276LoRaGetSpreadingFactor             0x08002b4f   Thumb Code    26  sx1276-loramisc.o(.text)
    SX1276LoRaSetErrorCoding                 0x08002b69   Thumb Code    44  sx1276-loramisc.o(.text)
    SX1276LoRaGetErrorCoding                 0x08002b95   Thumb Code    28  sx1276-loramisc.o(.text)
    SX1276LoRaSetPacketCrcOn                 0x08002bb1   Thumb Code    42  sx1276-loramisc.o(.text)
    SX1276LoRaSetPreambleLength              0x08002bdb   Thumb Code    40  sx1276-loramisc.o(.text)
    SX1276LoRaGetPreambleLength              0x08002c03   Thumb Code    24  sx1276-loramisc.o(.text)
    SX1276LoRaGetPacketCrcOn                 0x08002c1b   Thumb Code    28  sx1276-loramisc.o(.text)
    SX1276LoRaSetImplicitHeaderOn            0x08002c37   Thumb Code    40  sx1276-loramisc.o(.text)
    SX1276LoRaGetImplicitHeaderOn            0x08002c5f   Thumb Code    28  sx1276-loramisc.o(.text)
    SX1276LoRaSetRxSingleOn                  0x08002c7b   Thumb Code     6  sx1276-loramisc.o(.text)
    SX1276LoRaGetRxSingleOn                  0x08002c81   Thumb Code     6  sx1276-loramisc.o(.text)
    SX1276LoRaSetFreqHopOn                   0x08002c87   Thumb Code     6  sx1276-loramisc.o(.text)
    SX1276LoRaGetFreqHopOn                   0x08002c8d   Thumb Code     6  sx1276-loramisc.o(.text)
    SX1276LoRaSetHopPeriod                   0x08002c93   Thumb Code    26  sx1276-loramisc.o(.text)
    SX1276LoRaGetHopPeriod                   0x08002cad   Thumb Code    26  sx1276-loramisc.o(.text)
    SX1276LoRaSetTxPacketTimeout             0x08002cc7   Thumb Code     6  sx1276-loramisc.o(.text)
    SX1276LoRaGetTxPacketTimeout             0x08002ccd   Thumb Code     6  sx1276-loramisc.o(.text)
    SX1276LoRaSetRxPacketTimeout             0x08002cd3   Thumb Code     6  sx1276-loramisc.o(.text)
    SX1276LoRaGetRxPacketTimeout             0x08002cd9   Thumb Code     6  sx1276-loramisc.o(.text)
    SX1276LoRaSetPayloadLength               0x08002cdf   Thumb Code    26  sx1276-loramisc.o(.text)
    SX1276LoRaGetPayloadLength               0x08002cf9   Thumb Code    26  sx1276-loramisc.o(.text)
    SX1276LoRaSetPa20dBm                     0x08002d13   Thumb Code    74  sx1276-loramisc.o(.text)
    SX1276LoRaGetPa20dBm                     0x08002d5d   Thumb Code    34  sx1276-loramisc.o(.text)
    SX1276LoRaSetPAOutput                    0x08002d7f   Thumb Code    38  sx1276-loramisc.o(.text)
    SX1276LoRaGetPAOutput                    0x08002da5   Thumb Code    24  sx1276-loramisc.o(.text)
    SX1276LoRaSetPaRamp                      0x08002dbd   Thumb Code    42  sx1276-loramisc.o(.text)
    SX1276LoRaGetPaRamp                      0x08002de7   Thumb Code    24  sx1276-loramisc.o(.text)
    SX1276LoRaSetSymbTimeout                 0x08002dff   Thumb Code    52  sx1276-loramisc.o(.text)
    SX1276LoRaGetSymbTimeout                 0x08002e33   Thumb Code    32  sx1276-loramisc.o(.text)
    SX1276LoRaSetLowDatarateOptimize         0x08002e53   Thumb Code    42  sx1276-loramisc.o(.text)
    SX1276LoRaGetLowDatarateOptimize         0x08002e7d   Thumb Code    26  sx1276-loramisc.o(.text)
    SX1276LoRaGetNbTrigPeaks                 0x08002e97   Thumb Code    26  sx1276-loramisc.o(.text)
    __aeabi_memcpy                           0x08002eb5   Thumb Code    36  memcpya.o(.text)
    __aeabi_memcpy4                          0x08002eb5   Thumb Code     0  memcpya.o(.text)
    __aeabi_memcpy8                          0x08002eb5   Thumb Code     0  memcpya.o(.text)
    __aeabi_memset                           0x08002ed9   Thumb Code    14  memseta.o(.text)
    __aeabi_memset4                          0x08002ed9   Thumb Code     0  memseta.o(.text)
    __aeabi_memset8                          0x08002ed9   Thumb Code     0  memseta.o(.text)
    __aeabi_memclr                           0x08002ee7   Thumb Code     4  memseta.o(.text)
    __aeabi_memclr4                          0x08002ee7   Thumb Code     0  memseta.o(.text)
    __aeabi_memclr8                          0x08002ee7   Thumb Code     0  memseta.o(.text)
    _memset$wrapper                          0x08002eeb   Thumb Code    18  memseta.o(.text)
    __aeabi_dadd                             0x08002efd   Thumb Code   322  dadd.o(.text)
    __aeabi_dsub                             0x0800303f   Thumb Code     6  dadd.o(.text)
    __aeabi_drsub                            0x08003045   Thumb Code     6  dadd.o(.text)
    __aeabi_dmul                             0x0800304b   Thumb Code   228  dmul.o(.text)
    __aeabi_ddiv                             0x0800312f   Thumb Code   222  ddiv.o(.text)
    __aeabi_i2d                              0x0800320d   Thumb Code    34  dflti.o(.text)
    __aeabi_ui2d                             0x0800322f   Thumb Code    26  dfltui.o(.text)
    __aeabi_d2uiz                            0x08003249   Thumb Code    50  dfixui.o(.text)
    __aeabi_llsl                             0x0800327b   Thumb Code    30  llshl.o(.text)
    _ll_shift_l                              0x0800327b   Thumb Code     0  llshl.o(.text)
    __aeabi_llsr                             0x08003299   Thumb Code    32  llushr.o(.text)
    _ll_ushift_r                             0x08003299   Thumb Code     0  llushr.o(.text)
    __aeabi_lasr                             0x080032b9   Thumb Code    36  llsshr.o(.text)
    _ll_sshift_r                             0x080032b9   Thumb Code     0  llsshr.o(.text)
    __I$use$fp                               0x080032dd   Thumb Code     0  iusefp.o(.text)
    _double_round                            0x080032dd   Thumb Code    30  depilogue.o(.text)
    _double_epilogue                         0x080032fb   Thumb Code   156  depilogue.o(.text)
    __scatterload                            0x08003399   Thumb Code    28  init.o(.text)
    __scatterload_rt2                        0x08003399   Thumb Code     0  init.o(.text)
    __scatterload_copy                       0x080033bd   Thumb Code    14  handlers.o(i.__scatterload_copy)
    __scatterload_null                       0x080033cb   Thumb Code     2  handlers.o(i.__scatterload_null)
    __scatterload_zeroinit                   0x080033cd   Thumb Code    14  handlers.o(i.__scatterload_zeroinit)
    HoppingFrequencies                       0x080033dc   Data         204  sx1276-lora.o(.constdata)
    Region$$Table$$Base                      0x080034a8   Number         0  anon$$obj.o(Region$$Table)
    Region$$Table$$Limit                     0x080034c8   Number         0  anon$$obj.o(Region$$Table)
    Jump_To_Application                      0x20000000   Data           4  main.o(.data)
    JumpAddress                              0x20000004   Data           4  main.o(.data)
    CurrentAddr                              0x20000008   Data           4  main.o(.data)
    sys                                      0x2000000c   Data           4  main.o(.data)
    SystemCoreClock                          0x20000010   Data           4  system_stm32f10x.o(.data)
    AHBPrescTable                            0x20000014   Data          16  system_stm32f10x.o(.data)
    SX1276LR                                 0x20000050   Data           4  sx1276-lora.o(.data)
    LoRaSettings                             0x20000060   Data          28  sx1276-lora.o(.data)
    lora_buf                                 0x2000007c   Data         128  main.o(.bss)
    SX1276Regs                               0x200000fc   Data         112  sx1276.o(.bss)
    __initial_sp                             0x20000670   Data           0  startup_stm32f10x_md.o(STACK)



==============================================================================

Memory Map of the image

  Image Entry point : 0x080000ed

  Load Region LR_IROM1 (Base: 0x08000000, Size: 0x00003544, Max: 0x00004000, ABSOLUTE)

    Execution Region ER_IROM1 (Base: 0x08000000, Size: 0x000034c8, Max: 0x00004000, ABSOLUTE)

    Base Addr    Size         Type   Attr      Idx    E Section Name        Object

    0x08000000   0x000000ec   Data   RO          374    RESET               startup_stm32f10x_md.o
    0x080000ec   0x00000000   Code   RO          505  * .ARM.Collect$$$$00000000  mc_w.l(entry.o)
    0x080000ec   0x00000004   Code   RO          526    .ARM.Collect$$$$00000001  mc_w.l(entry2.o)
    0x080000f0   0x00000004   Code   RO          529    .ARM.Collect$$$$00000004  mc_w.l(entry5.o)
    0x080000f4   0x00000000   Code   RO          531    .ARM.Collect$$$$00000008  mc_w.l(entry7b.o)
    0x080000f4   0x00000000   Code   RO          533    .ARM.Collect$$$$0000000A  mc_w.l(entry8b.o)
    0x080000f4   0x00000008   Code   RO          534    .ARM.Collect$$$$0000000B  mc_w.l(entry9a.o)
    0x080000fc   0x00000000   Code   RO          536    .ARM.Collect$$$$0000000D  mc_w.l(entry10a.o)
    0x080000fc   0x00000000   Code   RO          538    .ARM.Collect$$$$0000000F  mc_w.l(entry11a.o)
    0x080000fc   0x00000004   Code   RO          527    .ARM.Collect$$$$00002712  mc_w.l(entry2.o)
    0x08000100   0x00000020   Code   RO          162    .emb_text           core_cm3.o
    0x08000120   0x0000024c   Code   RO            1    .text               main.o
    0x0800036c   0x00000012   Code   RO          112    .text               stm32f10x_it.o
    0x0800037e   0x00000002   PAD
    0x08000380   0x00000270   Code   RO          121    .text               bsp.o
    0x080005f0   0x00000160   Code   RO          150    .text               spi.o
    0x08000750   0x00000198   Code   RO          173    .text               system_stm32f10x.o
    0x080008e8   0x000002b4   Code   RO          203    .text               stm32f10x_rcc.o
    0x08000b9c   0x00000274   Code   RO          230    .text               stm32f10x_spi.o
    0x08000e10   0x00000af4   Code   RO          242    .text               stm32f10x_tim.o
    0x08001904   0x000000b0   Code   RO          267    .text               misc.o
    0x080019b4   0x000000e8   Code   RO          333    .text               stm32f10x_exti.o
    0x08001a9c   0x0000026c   Code   RO          345    .text               stm32f10x_gpio.o
    0x08001d08   0x00000024   Code   RO          375    .text               startup_stm32f10x_md.o
    0x08001d2c   0x0000047c   Code   RO          379    .text               stm32f10x_flash.o
    0x080021a8   0x000000d4   Code   RO          422    .text               sx1276.o
    0x0800227c   0x00000104   Code   RO          449    .text               sx1276-hal.o
    0x08002380   0x000005dc   Code   RO          461    .text               sx1276-lora.o
    0x0800295c   0x00000558   Code   RO          492    .text               sx1276-loramisc.o
    0x08002eb4   0x00000024   Code   RO          508    .text               mc_w.l(memcpya.o)
    0x08002ed8   0x00000024   Code   RO          510    .text               mc_w.l(memseta.o)
    0x08002efc   0x0000014e   Code   RO          514    .text               mf_w.l(dadd.o)
    0x0800304a   0x000000e4   Code   RO          516    .text               mf_w.l(dmul.o)
    0x0800312e   0x000000de   Code   RO          518    .text               mf_w.l(ddiv.o)
    0x0800320c   0x00000022   Code   RO          520    .text               mf_w.l(dflti.o)
    0x0800322e   0x0000001a   Code   RO          522    .text               mf_w.l(dfltui.o)
    0x08003248   0x00000032   Code   RO          524    .text               mf_w.l(dfixui.o)
    0x0800327a   0x0000001e   Code   RO          540    .text               mc_w.l(llshl.o)
    0x08003298   0x00000020   Code   RO          542    .text               mc_w.l(llushr.o)
    0x080032b8   0x00000024   Code   RO          544    .text               mc_w.l(llsshr.o)
    0x080032dc   0x00000000   Code   RO          546    .text               mc_w.l(iusefp.o)
    0x080032dc   0x000000ba   Code   RO          547    .text               mf_w.l(depilogue.o)
    0x08003396   0x00000002   PAD
    0x08003398   0x00000024   Code   RO          549    .text               mc_w.l(init.o)
    0x080033bc   0x0000000e   Code   RO          553    i.__scatterload_copy  mc_w.l(handlers.o)
    0x080033ca   0x00000002   Code   RO          554    i.__scatterload_null  mc_w.l(handlers.o)
    0x080033cc   0x0000000e   Code   RO          555    i.__scatterload_zeroinit  mc_w.l(handlers.o)
    0x080033da   0x00000002   PAD
    0x080033dc   0x000000cc   Data   RO          463    .constdata          sx1276-lora.o
    0x080034a8   0x00000020   Data   RO          551    Region$$Table       anon$$obj.o


    Execution Region RW_IRAM1 (Base: 0x20000000, Size: 0x00000670, Max: 0x00005000, ABSOLUTE)

    Base Addr    Size         Type   Attr      Idx    E Section Name        Object

    0x20000000   0x00000010   Data   RW            6    .data               main.o
    0x20000010   0x00000014   Data   RW          174    .data               system_stm32f10x.o
    0x20000024   0x00000014   Data   RW          204    .data               stm32f10x_rcc.o
    0x20000038   0x00000002   Data   RW          424    .data               sx1276.o
    0x2000003a   0x00000006   PAD
    0x20000040   0x0000003c   Data   RW          464    .data               sx1276-lora.o
    0x2000007c   0x00000080   Zero   RW            2    .bss                main.o
    0x200000fc   0x00000070   Zero   RW          423    .bss                sx1276.o
    0x2000016c   0x00000100   Zero   RW          462    .bss                sx1276-lora.o
    0x2000026c   0x00000004   PAD
    0x20000270   0x00000400   Zero   RW          372    STACK               startup_stm32f10x_md.o


==============================================================================

Image component sizes


      Code (inc. data)   RO Data    RW Data    ZI Data      Debug   Object Name

       624         16          0          0          0      18088   bsp.o
        32          0          0          0          0        604   core_cm3.o
       588         18          0         16        128     264692   main.o
       176         14          0          0          0       1841   misc.o
       352         18          0          0          0       1423   spi.o
        36          8        236          0       1024        808   startup_stm32f10x_md.o
       232          8          0          0          0       2347   stm32f10x_exti.o
      1148         22          0          0          0       9248   stm32f10x_flash.o
       620         36          0          0          0       5809   stm32f10x_gpio.o
        18          0          0          0          0       1161   stm32f10x_it.o
       692         32          0         20          0       8952   stm32f10x_rcc.o
       628         14          0          0          0       6946   stm32f10x_spi.o
      2804         86          0          0          0      22926   stm32f10x_tim.o
       260          4          0          0          0       3265   sx1276-hal.o
      1500         56        204         60        256      20275   sx1276-lora.o
      1368         18          0          0          0       8068   sx1276-loramisc.o
       212         12          0          2        112       3566   sx1276.o
       408         32          0         20          0       2211   system_stm32f10x.o

    ----------------------------------------------------------------------
     11700        394        472        124       1524     382230   Object Totals
         0          0         32          0          0          0   (incl. Generated)
         2          0          0          6          4          0   (incl. Padding)

    ----------------------------------------------------------------------

      Code (inc. data)   RO Data    RW Data    ZI Data      Debug   Library Member Name

         0          0          0          0          0          0   entry.o
         0          0          0          0          0          0   entry10a.o
         0          0          0          0          0          0   entry11a.o
         8          4          0          0          0          0   entry2.o
         4          0          0          0          0          0   entry5.o
         0          0          0          0          0          0   entry7b.o
         0          0          0          0          0          0   entry8b.o
         8          4          0          0          0          0   entry9a.o
        30          0          0          0          0          0   handlers.o
        36          8          0          0          0         68   init.o
         0          0          0          0          0          0   iusefp.o
        30          0          0          0          0         68   llshl.o
        36          0          0          0          0         68   llsshr.o
        32          0          0          0          0         68   llushr.o
        36          0          0          0          0         68   memcpya.o
        36          0          0          0          0        108   memseta.o
       334          0          0          0          0        148   dadd.o
       222          0          0          0          0        100   ddiv.o
       186          0          0          0          0        176   depilogue.o
        50          0          0          0          0         76   dfixui.o
        34          0          0          0          0         76   dflti.o
        26          0          0          0          0         76   dfltui.o
       228          0          0          0          0         96   dmul.o

    ----------------------------------------------------------------------
      1340         16          0          0          0       1196   Library Totals
         4          0          0          0          0          0   (incl. Padding)

    ----------------------------------------------------------------------

      Code (inc. data)   RO Data    RW Data    ZI Data      Debug   Library Name

       256         16          0          0          0        448   mc_w.l
      1080          0          0          0          0        748   mf_w.l

    ----------------------------------------------------------------------
      1340         16          0          0          0       1196   Library Totals

    ----------------------------------------------------------------------

==============================================================================


      Code (inc. data)   RO Data    RW Data    ZI Data      Debug   

     13040        410        472        124       1524     380458   Grand Totals
     13040        410        472        124       1524     380458   ELF Image Totals
     13040        410        472        124          0          0   ROM Totals

==============================================================================

    Total RO  Size (Code + RO Data)                13512 (  13.20kB)
    Total RW  Size (RW Data + ZI Data)              1648 (   1.61kB)
    Total ROM Size (Code + RO Data + RW Data)      13636 (  13.32kB)

==============================================================================

